Archive member included to satisfy reference by file (symbol)

/opt/devkitpro/devkitA64/bin/../lib/gcc/aarch64-none-elf/12.1.0/../../../../aarch64-none-elf/lib/pic/libstdc++.a(del_ops.o)
                              CMakeFiles/bdspexefs.dir/src/CoreParam.cpp.obj (operator delete(void*, unsigned long))
/opt/devkitpro/devkitA64/bin/../lib/gcc/aarch64-none-elf/12.1.0/../../../../aarch64-none-elf/lib/pic/libstdc++.a(eh_personality.o)
                              CMakeFiles/bdspexefs.dir/src/CoreParam.cpp.obj (__gxx_personality_v0)
/opt/devkitpro/devkitA64/bin/../lib/gcc/aarch64-none-elf/12.1.0/../../../../aarch64-none-elf/lib/pic/libstdc++.a(eh_terminate.o)
                              /opt/devkitpro/devkitA64/bin/../lib/gcc/aarch64-none-elf/12.1.0/../../../../aarch64-none-elf/lib/pic/libstdc++.a(eh_personality.o) (__cxxabiv1::__terminate(void (*)()))
/opt/devkitpro/devkitA64/bin/../lib/gcc/aarch64-none-elf/12.1.0/../../../../aarch64-none-elf/lib/pic/libstdc++.a(eh_throw.o)
                              /opt/devkitpro/devkitA64/bin/../lib/gcc/aarch64-none-elf/12.1.0/../../../../aarch64-none-elf/lib/pic/libstdc++.a(eh_personality.o) (__cxa_throw)
/opt/devkitpro/devkitA64/bin/../lib/gcc/aarch64-none-elf/12.1.0/../../../../aarch64-none-elf/lib/pic/libstdc++.a(eh_unex_handler.o)
                              /opt/devkitpro/devkitA64/bin/../lib/gcc/aarch64-none-elf/12.1.0/../../../../aarch64-none-elf/lib/pic/libstdc++.a(eh_terminate.o) (__cxxabiv1::__unexpected_handler)
/opt/devkitpro/devkitA64/bin/../lib/gcc/aarch64-none-elf/12.1.0/../../../../aarch64-none-elf/lib/pic/libstdc++.a(functexcept.o)
                              CMakeFiles/bdspexefs.dir/src/CoreParam.cpp.obj (std::__throw_length_error(char const*))
/opt/devkitpro/devkitA64/bin/../lib/gcc/aarch64-none-elf/12.1.0/../../../../aarch64-none-elf/lib/pic/libstdc++.a(bad_alloc.o)
                              /opt/devkitpro/devkitA64/bin/../lib/gcc/aarch64-none-elf/12.1.0/../../../../aarch64-none-elf/lib/pic/libstdc++.a(functexcept.o) (vtable for std::bad_alloc)
/opt/devkitpro/devkitA64/bin/../lib/gcc/aarch64-none-elf/12.1.0/../../../../aarch64-none-elf/lib/pic/libstdc++.a(bad_array_new.o)
                              /opt/devkitpro/devkitA64/bin/../lib/gcc/aarch64-none-elf/12.1.0/../../../../aarch64-none-elf/lib/pic/libstdc++.a(functexcept.o) (vtable for std::bad_array_new_length)
/opt/devkitpro/devkitA64/bin/../lib/gcc/aarch64-none-elf/12.1.0/../../../../aarch64-none-elf/lib/pic/libstdc++.a(bad_cast.o)
                              /opt/devkitpro/devkitA64/bin/../lib/gcc/aarch64-none-elf/12.1.0/../../../../aarch64-none-elf/lib/pic/libstdc++.a(functexcept.o) (vtable for std::bad_cast)
/opt/devkitpro/devkitA64/bin/../lib/gcc/aarch64-none-elf/12.1.0/../../../../aarch64-none-elf/lib/pic/libstdc++.a(bad_typeid.o)
                              /opt/devkitpro/devkitA64/bin/../lib/gcc/aarch64-none-elf/12.1.0/../../../../aarch64-none-elf/lib/pic/libstdc++.a(functexcept.o) (vtable for std::bad_typeid)
/opt/devkitpro/devkitA64/bin/../lib/gcc/aarch64-none-elf/12.1.0/../../../../aarch64-none-elf/lib/pic/libstdc++.a(eh_alloc.o)
                              /opt/devkitpro/devkitA64/bin/../lib/gcc/aarch64-none-elf/12.1.0/../../../../aarch64-none-elf/lib/pic/libstdc++.a(eh_personality.o) (__cxa_allocate_exception)
/opt/devkitpro/devkitA64/bin/../lib/gcc/aarch64-none-elf/12.1.0/../../../../aarch64-none-elf/lib/pic/libstdc++.a(eh_call.o)
                              /opt/devkitpro/devkitA64/bin/../lib/gcc/aarch64-none-elf/12.1.0/../../../../aarch64-none-elf/lib/pic/libstdc++.a(eh_personality.o) (__cxa_call_terminate)
/opt/devkitpro/devkitA64/bin/../lib/gcc/aarch64-none-elf/12.1.0/../../../../aarch64-none-elf/lib/pic/libstdc++.a(eh_catch.o)
                              /opt/devkitpro/devkitA64/bin/../lib/gcc/aarch64-none-elf/12.1.0/../../../../aarch64-none-elf/lib/pic/libstdc++.a(eh_personality.o) (__cxa_begin_catch)
/opt/devkitpro/devkitA64/bin/../lib/gcc/aarch64-none-elf/12.1.0/../../../../aarch64-none-elf/lib/pic/libstdc++.a(eh_exception.o)
                              /opt/devkitpro/devkitA64/bin/../lib/gcc/aarch64-none-elf/12.1.0/../../../../aarch64-none-elf/lib/pic/libstdc++.a(bad_alloc.o) (std::exception::~exception())
/opt/devkitpro/devkitA64/bin/../lib/gcc/aarch64-none-elf/12.1.0/../../../../aarch64-none-elf/lib/pic/libstdc++.a(eh_globals.o)
                              /opt/devkitpro/devkitA64/bin/../lib/gcc/aarch64-none-elf/12.1.0/../../../../aarch64-none-elf/lib/pic/libstdc++.a(eh_personality.o) (__cxa_get_globals_fast)
/opt/devkitpro/devkitA64/bin/../lib/gcc/aarch64-none-elf/12.1.0/../../../../aarch64-none-elf/lib/pic/libstdc++.a(eh_term_handler.o)
                              /opt/devkitpro/devkitA64/bin/../lib/gcc/aarch64-none-elf/12.1.0/../../../../aarch64-none-elf/lib/pic/libstdc++.a(eh_terminate.o) (__cxxabiv1::__terminate_handler)
[...]
Memory Configuration

Name             Origin             Length             Attributes
*default*        0x0000000000000000 0xffffffffffffffff

Linker script and memory map

                0xfffffffffcfc20c0                _Z13Array_IndexOfPN6System5ArrayIiEEiP10MethodInfo = 0xfffffffffcfc20c0
                0xfffffffffaba7b00                _Z17_system_array_newPvj = 0xfffffffffaba7b00
                0xfffffffffab5e700                _Z17il2cpp_object_newPv = 0xfffffffffab5e700
                0xfffffffffab8a6e0                _Z18_system_array_initPv = 0xfffffffffab8a6e0
                0xfffffffffab8a6e0                _Z18il2cpp_object_initPvS_ = 0xfffffffffab8a6e0
                0xfffffffffab4afd8                _Z20thunk_FUN_7100252fd8PvS_ = 0xfffffffffab4afd8
                0xfffffffffab5cfe0                _Z21_system_load_typeinfoPv = 0xfffffffffab5cfe0
                0xfffffffffc1306b0                _Z23System_RuntimeType_ctorPvP10MethodInfo = 0xfffffffffc1306b0
                0xfffffffffab55428                _Z25il2cpp_runtime_class_initPv = 0xfffffffffab55428
                0xfffffffffcff33e0                _Z27System_String__CreateStringPvS_S_ = 0xfffffffffcff33e0
                0xfffffffffca64d70                _Z29Dpr_UI_SettingMenuItem__SetupPviiS_S_S_ = 0xfffffffffca64d70
                0xfffffffffd3fd420                _Z37UnityEngine_Transform__get_childCountPvS_ = 0xfffffffffd3fd420
                0xfffffffffd4c7d00                _Z53System_Collections_Generic_List_SettingMenuItem___AddPvS_S_ = 0xfffffffffd4c7d00
                0xfffffffffd169a10                _Z54UnityEngine_Events_UnityAction_SettingMenuItem____ctorPvS_S_PKv = 0xfffffffffd169a10
                0xfffffffffae7c8d0                _ZdaPv = 0xfffffffffae7c8d0
                0xfffffffffae7c5c0                _ZdlPv = 0xfffffffffae7c5c0
                0xfffffffffd5e6a50                _ZN10PlayerWork10get_zoneIDEP10MethodInfo = 0xfffffffffd5e6a50
                0xfffffffffd5e5a30                _ZN10PlayerWork12GetSytemFlagEiP10MethodInfo = 0xfffffffffd5e5a30
                0xfffffffffd5e3000                _ZN10PlayerWork14InitializationEP10MethodInfo = 0xfffffffffd5e3000
                0xfffffffffcc915a0                _ZN10PlayerWork14VerifySaveDataEP17System_Byte_arrayP10MethodInfo = 0xfffffffffcc915a0
                0xfffffffffcc91b90                _ZN10PlayerWork16makeSaveDataHashEPP17System_Byte_arrayP10MethodInfo = 0xfffffffffcc91b90
                0xfffffffffd5e9bd0                _ZN10PlayerWork17get_tr_battleDataEv = 0xfffffffffd5e9bd0
                0xfffffffffcc91aa0                _ZN10PlayerWork19CustomSaveOperationEP10MethodInfo = 0xfffffffffcc91aa0
                0xfffffffffd5dae20                _ZN10PlayerWork6GetIntEiP10MethodInfo = 0xfffffffffd5dae20
                0xfffffffffd5e5920                _ZN10PlayerWork6SetIntEiiP10MethodInfo = 0xfffffffffd5e5920
                0xfffffffffd5dbe40                _ZN10PlayerWork7GetBoolEiP10MethodInfo = 0xfffffffffd5dbe40
                0xfffffffffd5e59a0                _ZN10PlayerWork7SetBoolEibP10MethodInfo = 0xfffffffffd5e59a0
                0xfffffffffc7df500                _ZN10PlayerWork7ToBytesEP21PlayerWork_SaveData_oPP17System_Byte_arraym = 0xfffffffffc7df500
                0xfffffffffd5e9040                _ZN10PlayerWork9get_zukanEPN6DPData12ZUKAN_WORK_oEP10MethodInfo = 0xfffffffffd5e9040
                0xfffffffffc383f60                _ZN10PlayerWork9LoadBytesEP17System_Byte_arrayP21PlayerWork_SaveData_oP10MethodInfo = 0xfffffffffc383f60
                0xfffffffffcc92700                _ZN10PlayerWork9OnPreSaveEP10MethodInfo = 0xfffffffffcc92700
                0xfffffffffc10cf70                _ZN10SmartPoint14AssetAssistant12AssetManager24AppendAssetBundleRequestEPN6System6StringEbPNS0_22RequestEventCallback_oEPNS2_5ArrayIS3_EEP10MethodInfo = 0xfffffffffc10cf70
                0xfffffffffc10d640                _ZN10SmartPoint14AssetAssistant17AssetBundleMemory12LoadFromFileEPN6System6StringEP10MethodInfo = 0xfffffffffc10d640
                0xfffffffffcc1a450                _ZN10SmartPoint14AssetAssistant22SingletonMonoBehaviour12get_InstanceEP10MethodInfo = 0xfffffffffcc1a450
                0xfffffffffc118b30                _ZN10SmartPoint14AssetAssistant23AssetRequestOperation_o22get_assetBundleRequestEP10MethodInfo = 0xfffffffffc118b30
                0xffffffffff46e2a0                _ZN10SmartPoint14AssetAssistant49PTR_SingletonMonoBehaviour_UIManager_get_InstanceE = 0xffffffffff46e2a0
                0xfffffffffd5c9150                _ZN11GameManager19GetFieldEncountDataEiP10MethodInfo = 0xfffffffffd5c9150
                0xfffffffffd5c8c60                _ZN11GameManager22get_currentPeriodOfDayEP10MethodInfo = 0xfffffffffd5c8c60
                0xfffffffffc3ee530                _ZN11UnityEngine10Networking17DownloadHandler_o8get_dataEP10MethodInfo = 0xfffffffffc3ee530
                0xfffffffffc3efb50                _ZN11UnityEngine10Networking17UnityWebRequest_o14SendWebRequestEP10MethodInfo = 0xfffffffffc3efb50
                0xfffffffffc3f0d80                _ZN11UnityEngine10Networking17UnityWebRequest_o3GetEPN6System6StringEP10MethodInfo = 0xfffffffffc3f0d80
                0xfffffffffd1e4ba0                _ZN11UnityEngine16AsyncOperation_o10get_isDoneEP10MethodInfo = 0xfffffffffd1e4ba0
                0xfffffffffc097560                _ZN14FieldManager_o9GetFormNoEiiiP10MethodInfo = 0xfffffffffc097560
                0xfffffffffc6c9940                _ZN15Dpr_UI_UIText_o12SetupMessageEPN6System6StringEiP10MethodInfo = 0xfffffffffc6c9940
                0xfffffffffc7a1f60                _ZN15RandomGroupWork11RandomRangeEii = 0xfffffffffc7a1f60
                0xfffffffffccf6b30                _ZN15System_Action_o4ctorEPN3Dpr2UI27UIBag_Displayclass_Locals_oEP10MethodInfoS5_ = 0xfffffffffccf6b30
                0xfffffffffd36b8c0                _ZN17ContextMenuIDList3AddEiP10MethodInfo = 0xfffffffffd36b8c0
                0xfffffffffd36ac00                _ZN17ContextMenuIDList4ctorEP10MethodInfo = 0xfffffffffd36ac00
                0xfffffffffd36d910                _ZN17ContextMenuIDList7ToArrayEP10MethodInfo = 0xfffffffffd36d910
                0xfffffffffc02b928                _ZN2nn2fs8OpenFileEPNS0_10FileHandleEPKci = 0xfffffffffc02b928
                0xfffffffffcf279a0                _ZN30System_Action_ContextMenuID__o4ctorEPN3Dpr2UI23UIBag_Displayclass144_oEP10MethodInfoS5_ = 0xfffffffffcf279a0
                0xfffffffffcf35a10                _ZN31System_Action_WazaNo__WazaNo__o4ctorEPvP10MethodInfoS2_ = 0xfffffffffcf35a10
                0xfffffffffc1b7210                _ZN3Dpr11UnderGround15UgPokeLottery_o14GetEnablePokesEiiP10MethodInfo = 0xfffffffffc1b7210
                0xfffffffffc1b7ea0                _ZN3Dpr11UnderGround15UgPokeLottery_o29CreatePokemonParam_by_TokuseiEihP10MethodInfo = 0xfffffffffc1b7ea0
                0xfffffffffd532ab0                _ZN3Dpr12EncountTools18SetWildPokemonItemEPN3Pml8PokePara9CoreParamEiiiP10MethodInfo = 0xfffffffffd532ab0
                0xfffffffffc6d7370                _ZN3Dpr2Nx10SaveSystem13GetLoadedDataEP10MethodInfo = 0xfffffffffc6d7370
                0xfffffffffc6d7cf0                _ZN3Dpr2Nx10SaveSystem14SaveDataExistsEP10MethodInfo = 0xfffffffffc6d7cf0
                0xfffffffffc6d7910                _ZN3Dpr2Nx10SaveSystem4LoadEbP10MethodInfo = 0xfffffffffc6d7910
                0xfffffffffccb5d40                _ZN3Dpr2Nx10SaveSystem4SaveEP17System_Byte_arraybbP10MethodInfo = 0xfffffffffccb5d40
                0xfffffffffccb5fe0                _ZN3Dpr2Nx10SaveSystem9SaveAsyncEP17System_Byte_arraybbP10MethodInfo = 0xfffffffffccb5fe0
                0xffffffffff5580b8                _ZN3Dpr2Nx19SaveSystem_TypeInfoE = 0xffffffffff5580b8
                0xfffffffffc32d2a0                _ZN3Dpr2UI10UIWindow_o12IsPushButtonEibP10MethodInfo = 0xfffffffffc32d2a0
                0xfffffffffc5f1f20                _ZN3Dpr2UI11UIManager_o14CreateUIWindowE10UIWindowIDP10MethodInfo = 0xfffffffffc5f1f20
                0xfffffffffc0bd890                _ZN3Dpr2UI11UIManager_o15UseDSPlayerItemEP10MethodInfo = 0xfffffffffc0bd890
                0xfffffffffc6cbd80                _ZN3Dpr2UI14UIWazaManage_o4OpenENS0_20UIWazaManage_Param_oEP10MethodInfo = 0xfffffffffc6cbd80
                0xfffffffffc2f24f0                _ZN3Dpr2UI15PokemonWindow_o9FieldWazaEiPNS0_18PokemonPartyItem_oEiP10MethodInfo = 0xfffffffffc2f24f0
                0xfffffffffc1405e0                _ZN3Dpr2UI18SoftwareKeyboard_o14GetMessageTextEPN6System6StringEP10MethodInfo = 0xfffffffffc1405e0
                0xfffffffffc142650                _ZN3Dpr2UI18SoftwareKeyboard_o17LanguageMaxLengthEiiP10MethodInfo = 0xfffffffffc142650
                0xfffffffffc140e70                _ZN3Dpr2UI18SoftwareKeyboard_o4OpenEPNS0_24SoftwareKeyboard_Param_oEP76System_Func_string__SoftwareKeyboard_ErrorState__ValueTuple_bool__string___oP46UnityEngine_Events_UnityAction_bool__string__oP10MethodInfo = 0xfffffffffc140e70
                0xfffffffffc7b6e30                _ZN3Dpr2UI23ContextMenuItem_Param_o4ctorEv = 0xfffffffffc7b6e30
                0xfffffffffc30b3c0                _ZN3Dpr2UI23UIMsgWindowController_o13OpenMsgWindowEiPN6System6StringEbbP15System_Action_oS6_P10MethodInfo = 0xfffffffffc30b3c0
                0xfffffffffc30b610                _ZN3Dpr2UI23UIMsgWindowController_o14CloseMsgWindowEP10MethodInfo = 0xfffffffffc30b610
                0xfffffffffc142be0                _ZN3Dpr2UI24SoftwareKeyboard_Param_o4ctorEP10MethodInfo = 0xfffffffffc142be0
                0xfffffffffc339ca0                _ZN3Dpr2UI24WazaManageSubWazaPanel_o5SetupEiP10MethodInfo = 0xfffffffffc339ca0
                0xffffffffff556788                _ZN3Dpr2UI30ContextMenuItem_Param_TypeInfoE = 0xffffffffff556788
                0xffffffffff55a840                _ZN3Dpr2UI30UIBag_Displayclass144_TypeInfoE = 0xffffffffff55a840
                0xffffffffff47c1a8                _ZN3Dpr2UI35PTR_SoftwareKeyboard_Param_TypeInfoE = 0xffffffffff47c1a8
                0xffffffffff473088                _ZN3Dpr2UI39PTR_ShopBoutiqueItemItem_Param_TypeInfoE = 0xffffffffff473088
                0xffffffffff473e90                _ZN3Dpr2UI41PTR_UIManager_CreateUIWindow_UIWazaManageE = 0xffffffffff473e90
                0xfffffffffc4d8fa0                _ZN3Dpr2UI5UIBag15DisplayClass13015UseWazaMachine3EiP10MethodInfo = 0xfffffffffc4d8fa0
                0xfffffffffc1541f0                _ZN3Dpr2UI7UIBag_o15OpenContextMenuEPN6System5ArrayIiEEP30System_Action_ContextMenuID__o21UnityEngine_Vector2_o21UnityEngine_Vector3_oP15System_Action_obbP10MethodInfo = 0xfffffffffc1541f0
                0xfffffffffc59e1f0                _ZN3Dpr4Item10ItemInfo_o6get_IdEP10MethodInfo = 0xfffffffffc59e1f0
                0xfffffffffc86a0f0                _ZN3Dpr6Battle5Logic10StrParam_o5SetupEitP10MethodInfo = 0xfffffffffc86a0f0
                0xfffffffffc86a130                _ZN3Dpr6Battle5Logic10StrParam_o6AddArgEiP10MethodInfo = 0xfffffffffc86a130
                0xfffffffffc68c2c0                _ZN3Dpr6Battle5Logic11ExPokePos_o18expandPokePos_raidEPNS1_24ExPokePos_ExpandResult_oEhP10MethodInfo = 0xfffffffffc68c2c0
                0xfffffffffcd937b0                _ZN3Dpr6Battle5Logic12MainModule_o15setup_raid_bossEPNS1_11BattleEnv_oEP10MethodInfo = 0xfffffffffcd937b0
                0xfffffffffcd90980                _ZN3Dpr6Battle5Logic12MainModule_o18setSubProcForSetupEPNS1_20BATTLE_SETUP_PARAM_oEP10MethodInfo = 0xfffffffffcd90980
                0xfffffffffcd93570                _ZN3Dpr6Battle5Logic12MainModule_o19setup_raid_srcPartyEP10MethodInfo = 0xfffffffffcd93570
                0xfffffffffcd91e90                _ZN3Dpr6Battle5Logic12MainModule_o22setSrcPartyToBattleEnvEPNS1_11BattleEnv_oEhbP10MethodInfo = 0xfffffffffcd91e90
                0xfffffffffcd93640                _ZN3Dpr6Battle5Logic12MainModule_o23setup_raid_trainerParamEP10MethodInfo = 0xfffffffffcd93640
                0xfffffffffc1710e0                _ZN3Dpr6Battle5Logic15BattleCounter_o10InitializeEPNS1_10MainModuleEP10MethodInfo = 0xfffffffffc1710e0
                0xfffffffffc8d5e40                _ZN3Dpr6Battle5Logic15BTL_POKEPARAM_o11GetPokeSickEP10MethodInfo = 0xfffffffffc8d5e40
                0xfffffffffc8d2180                _ZN3Dpr6Battle5Logic15BTL_POKEPARAM_o13GetFriendshipEP10MethodInfo = 0xfffffffffc8d2180
                0xfffffffffc8d55c0                _ZN3Dpr6Battle5Logic15BTL_POKEPARAM_o15GetSrcDataConstEP10MethodInfo = 0xfffffffffc8d55c0
                0xfffffffffc8db9f0                _ZN3Dpr6Battle5Logic15BTL_POKEPARAM_o20CONFRONT_REC_IsMatchEhP10MethodInfo = 0xfffffffffc8db9f0
                0xfffffffffc8d7d50                _ZN3Dpr6Battle5Logic15BTL_POKEPARAM_o7GetItemEP10MethodInfo = 0xfffffffffc8d7d50
                0xffffffffff552d48                _ZN3Dpr6Battle5Logic15Common_TypeInfoE = 0xffffffffff552d48
                0xfffffffffce0a080                _ZN3Dpr6Battle5Logic15PokemonPosition20GetClientCoverPosNumEihiP10MethodInfo = 0xfffffffffce0a080
                0xfffffffffc8252a0                _ZN3Dpr6Battle5Logic21ServerCommandPutter_o14IncBattleCountEhP10MethodInfo = 0xfffffffffc8252a0
                0xfffffffffc8ae020                _ZN3Dpr6Battle5Logic25Section_FromEvent_Message13Description_o4ctorEP10MethodInfo = 0xfffffffffc8ae020
                0xffffffffff552fe8                _ZN3Dpr6Battle5Logic25Section_FromEvent_Message20Description_TypeInfoE = 0xffffffffff552fe8
                0xfffffffffc60ab60                _ZN3Dpr6Battle5Logic26EventFactor_EventHandler_o4ctorElP10MethodInfo = 0xfffffffffc60ab60
                0xffffffffff553150                _ZN3Dpr6Battle5Logic33EventFactor_EventHandler_TypeInfoE = 0xffffffffff553150
                0xffffffffff553158                _ZN3Dpr6Battle5Logic38EventFactor_EventHandlerTable_TypeInfoE = 0xffffffffff553158
                0xfffffffffc8ab2c0                _ZN3Dpr6Battle5Logic38Section_FromEvent_Damage_Description_o4ctorEP10MethodInfo = 0xfffffffffc8ab2c0
                0xffffffffff553148                _ZN3Dpr6Battle5Logic44EventFactor_EventHandlerTable_Array_TypeInfoE = 0xffffffffff553148
                0xffffffffff5531d8                _ZN3Dpr6Battle5Logic45Section_FromEvent_Damage_Description_TypeInfoE = 0xffffffffff5531d8
                0xfffffffffc86cfe0                _ZN3Dpr6Battle5Logic4Calc9QuotMaxHPEPNS1_15BTL_POKEPARAM_oEjbP10MethodInfo = 0xfffffffffc86cfe0
                0xfffffffffc866e00                _ZN3Dpr6Battle5Logic5Setup13normalTrainerEPNS1_20BATTLE_SETUP_PARAM_oEiiP10MethodInfo = 0xfffffffffc866e00
                0xfffffffffc866340                _ZN3Dpr6Battle5Logic5Setup17BATTLE_SETUP_WildEPNS1_20BATTLE_SETUP_PARAM_oEPN3Pml11PokeParty_oES7_iPNS1_21BTL_FIELD_SITUATION_oEiP10MethodInfo = 0xfffffffffc866340
                0xfffffffffc867360                _ZN3Dpr6Battle5Logic5Setup17BTL_SETUP_TrainerEPNS1_20BATTLE_SETUP_PARAM_oEPN3Pml11PokeParty_oEiPNS1_21BTL_FIELD_SITUATION_oEiP10MethodInfo = 0xfffffffffc867360
                0xfffffffffc8660b0                _ZN3Dpr6Battle5Logic5Setup29BATTLE_PARAM_SetBtlStatusFlagEPNS1_20BATTLE_SETUP_PARAM_oEiP10MethodInfo = 0xfffffffffc8660b0
                0xfffffffffc601be0                _ZN3Dpr6Battle5Logic6Common11GetEventVarEPPNS1_30EventFactor_EventHandlerArgs_oEtP10MethodInfo = 0xfffffffffc601be0
                0xfffffffffc601cc0                _ZN3Dpr6Battle5Logic6Common11MulEventVarEPPNS1_30EventFactor_EventHandlerArgs_oEtiP10MethodInfo = 0xfffffffffc601cc0
                0xfffffffffc601e40                _ZN3Dpr6Battle5Logic6Common12GetPokeParamEPPNS1_30EventFactor_EventHandlerArgs_oEhP10MethodInfo = 0xfffffffffc601e40
                0xfffffffffc601c90                _ZN3Dpr6Battle5Logic6Common15RewriteEventVarEPPNS1_30EventFactor_EventHandlerArgs_oEtiP10MethodInfo = 0xfffffffffc601c90
                0xfffffffffc601ce0                _ZN3Dpr6Battle5Logic6Common18GetEventVarAddressEPPNS1_30EventFactor_EventHandlerArgs_oEtP10MethodInfo = 0xfffffffffc601ce0
                0xfffffffffc605780                _ZN3Dpr6Battle5Logic6Common24CheckUnbreakablePokeItemEttP10MethodInfo = 0xfffffffffc605780
                0xfffffffffc602720                _ZN3Dpr6Battle5Logic6Common6DamageEPPNS1_30EventFactor_EventHandlerArgs_oEPPNS1_38Section_FromEvent_Damage_Description_oEP10MethodInfo = 0xfffffffffc602720
                0xfffffffffc603170                _ZN3Dpr6Battle5Logic6Common7MessageEPPNS1_30EventFactor_EventHandlerArgs_oEPPNS1_25Section_FromEvent_Message13Description_oEP10MethodInfo = 0xfffffffffc603170
                0xffffffffff553348                _ZN3Dpr6Battle5Logic7Handler13Waza_TypeInfoE = 0xffffffffff553348
                0xffffffffff5621c0                _ZN3Dpr6Battle5Logic7Handler20Method_ADD_KaragenkiE = 0xffffffffff5621c0
                0xfffffffffc923c70                _ZN3Dpr6Battle5Logic7Handler21Waza_HandlerGetFunc_o4ctorElP10MethodInfo = 0xfffffffffc923c70
                0xfffffffffc923c50                _ZN3Dpr6Battle5Logic7Handler26Waza_GET_FUNC_TABLE_ELEM_o4ctorES3_iPNS2_21Waza_HandlerGetFunc_oEP10MethodInfo = 0xfffffffffc923c50
                0xffffffffff553448                _ZN3Dpr6Battle5Logic7Handler28Waza_HandlerGetFunc_TypeInfoE = 0xffffffffff553448
                0xfffffffffc924050                _ZN3Dpr6Battle5Logic8ItemData8HaveItemEtP10MethodInfo = 0xfffffffffc924050
                0xfffffffffc892580                _ZN3Dpr7Message20MessageWordSetHelper12SetDigitWordEiiP10MethodInfo = 0xfffffffffc892580
                0xfffffffffc891b90                _ZN3Dpr7Message20MessageWordSetHelper22SetPokemonNickNameWordEiPN3Pml8PokePara9CoreParamEbP10MethodInfo = 0xfffffffffc891b90
                0xfffffffffc424a40                _ZN3Dpr8EvScript13EvDataManager9CallLabelEP15System_String_oP10MethodInfo = 0xfffffffffc424a40
                0xfffffffffd5354d0                _ZN3Dpr8EvScript15EvDataManager_o12get_InstanseEP10MethodInfo = 0xfffffffffd5354d0
                0xfffffffffd53a3c0                _ZN3Dpr8EvScript15EvDataManager_o9JumpLabelEPN6System6StringEPNS0_18EventEndDelegate_oEP10MethodInfo = 0xfffffffffd53a3c0
                0xfffffffffd58aa70                _ZN3Dpr8EvScript15EvDataManager_o9LearnWazaEPN3Pml8PokePara14PokemonParam_oEiiP10MethodInfo = 0xfffffffffd58aa70
                0xfffffffffc2a6ef0                _ZN3Dpr8EvScript33EvDataManager_DisplayClass772_0_o4ctorEP10MethodInfo = 0xfffffffffc2a6ef0
                0xfffffffffc2a6530                _ZN3Dpr8EvScript34EvDataManager_DisplayClass1541_0_o4ctorEP10MethodInfo = 0xfffffffffc2a6530
                0xffffffffff521e80                _ZN3Dpr8EvScript46PTR_EvDataManager_DisplayClass772_0_o_TypeInfoE = 0xffffffffff521e80
                0xffffffffff523020                _ZN3Dpr8EvScript47PTR_EvDataManager_DisplayClass1541_0_o_TypeInfoE = 0xffffffffff523020
                0xfffffffffc94d6f0                _ZN3Pml11PokeParty_o16GetMemberPointerEjP10MethodInfo = 0xfffffffffc94d6f0
                0xfffffffffc94dd10                _ZN3Pml11PokeParty_o4ctorEP10MethodInfo = 0xfffffffffc94dd10
                0xfffffffffc94eec0                _ZN3Pml11PokeParty_o8CopyFromEPS0_P10MethodInfo = 0xfffffffffc94eec0
                0xffffffffff4726f8                _ZN3Pml22PTR_PokeParty_TypeInfoE = 0xffffffffff4726f8
                0xfffffffffcd98420                _ZN3Pml5Local17RandomGenerator_o7GetRandEP10MethodInfo = 0xfffffffffcd98420
                0xfffffffffcd980a0                _ZN3Pml5Local6Random8GetValueEP10MethodInfo = 0xfffffffffcd980a0
                0xfffffffffcd98ca0                _ZN3Pml8Personal14PersonalSystem15GetPersonalDataEitP10MethodInfo = 0xfffffffffcd98ca0
                0xfffffffffcd98d50                _ZN3Pml8Personal14PersonalSystem16LoadPersonalDataEitP10MethodInfo = 0xfffffffffcd98d50
                0xfffffffffcd99280                _ZN3Pml8Personal14PersonalSystem24CheckPersonalWazaMachineEtP10MethodInfo = 0xfffffffffcd99280
                0xfffffffffcd98110                _ZN3Pml8PmlUse_o12get_InstanceEP10MethodInfo = 0xfffffffffcd98110
                0xfffffffffc94a1d0                _ZN3Pml8PokePara13InitialSpec_o4ctorEP10MethodInfo = 0xfffffffffc94a1d0
                0xffffffffff768d08                _ZN3Pml8PokePara36SerializedPokemonFull_array_TypeInfoE = 0xffffffffff768d08
                0xfffffffffd11a0e0                _ZN3Pml8PokePara8Accessor6GetExpEP10MethodInfo = 0xfffffffffd11a0e0
                0xfffffffffd11c2c0                _ZN3Pml8PokePara8Accessor8GetLevelEP10MethodInfo = 0xfffffffffd11c2c0
                0xfffffffffcd9dd70                _ZN3Pml8PokePara8Accessor9GetWazaNoEhP10MethodInfo = 0xfffffffffcd9dd70
                0xfffffffffcda5790                _ZN3Pml8PokePara8CalcTool11IsRareColorEjjP10MethodInfo = 0xfffffffffcda5790
                0xfffffffffcda6710                _ZN3Pml8PokePara8CalcTool15GetAruseusuTypeEjP10MethodInfo = 0xfffffffffcda6710
                0xfffffffffc940e80                _ZN3Pml8PokePara9CoreParam11GetNickNameEP10MethodInfo = 0xfffffffffc940e80
                0xfffffffffc9425a0                _ZN3Pml8PokePara9CoreParam11GetRareTypeEP10MethodInfo = 0xfffffffffc9425a0
                0xfffffffffc940e90                _ZN3Pml8PokePara9CoreParam11SetNickNameEPN6System6StringEP10MethodInfo = 0xfffffffffc940e90
                0xfffffffffc942260                _ZN3Pml8PokePara9CoreParam12ChangeFormNoEtPNS0_28CoreParam_FormChangeResult_oEP10MethodInfo = 0xfffffffffc942260
                0xfffffffffc943950                _ZN3Pml8PokePara9CoreParam13GetMezapaTypeEP10MethodInfo = 0xfffffffffc943950
                0xfffffffffc93c610                _ZN3Pml8PokePara9CoreParam14GetTalentPowerEiP10MethodInfo = 0xfffffffffc93c610
                0xfffffffffc93c680                _ZN3Pml8PokePara9CoreParam14IsTrainingDoneEiP10MethodInfo = 0xfffffffffc93c680
                0xfffffffffc93f370                _ZN3Pml8PokePara9CoreParam19AddWazaIfEmptyExistEiP10MethodInfo = 0xfffffffffc93f370
                0xfffffffffc93faa0                _ZN3Pml8PokePara9CoreParam22_CollectRemindableWazaEP10MethodInfo = 0xfffffffffc93faa0
                0xfffffffffc941370                _ZN3Pml8PokePara9CoreParam5IsEggEiP10MethodInfo = 0xfffffffffc941370
                0xfffffffffc940540                _ZN3Pml8PokePara9CoreParam6GetSexEP10MethodInfo = 0xfffffffffc940540
                0xfffffffffc9449d0                _ZN3Pml8PokePara9CoreParam6IsNullEP10MethodInfo = 0xfffffffffc9449d0
                0xfffffffffab62bc0                _ZN3Pml8PokePara9CoreParam6SetExpEjP10MethodInfo = 0xfffffffffab62bc0
                0xfffffffffc941660                _ZN3Pml8PokePara9CoreParam7GetItemEP10MethodInfo = 0xfffffffffc941660
                0xfffffffffc941680                _ZN3Pml8PokePara9CoreParam7SetItemEtP10MethodInfo = 0xfffffffffc941680
                0xfffffffffc93b5c0                _ZN3Pml8PokePara9CoreParam8GetPowerEiP10MethodInfo = 0xfffffffffc93b5c0
                0xfffffffffc93c250                _ZN3Pml8PokePara9CoreParam9GetFormNoEP10MethodInfo = 0xfffffffffc93c250
                0xfffffffffc93c240                _ZN3Pml8PokePara9CoreParam9GetMonsNoEP10MethodInfo = 0xfffffffffc93c240
                0xfffffffffc94b3a0                _ZN3Pml8WazaData14WazaDataSystem7GetTypeEiP10MethodInfo = 0xfffffffffc94b3a0
                0xfffffffffce373c0                _ZN46UnityEngine_Events_UnityAction_bool__string__o4ctorEPN3Dpr8EvScript33EvDataManager_DisplayClass772_0_oEP10MethodInfoS5_ = 0xfffffffffce373c0
                0xffffffffff7695a0                _ZN6DPData26TV_STR_DATA_Array_TypeInfoE = 0xffffffffff7695a0
                0xffffffffff769690                _ZN6DPData27UgPlayerInfo_Array_TypeInfoE = 0xffffffffff769690
                0xffffffffff7696a8                _ZN6DPData28DENDOU_RECORD_Array_TypeInfoE = 0xffffffffff7696a8
                0xffffffffff769698                _ZN6DPData28UgStoneStatue_Array_TypeInfoE = 0xffffffffff769698
                0xffffffffff769580                _ZN6DPData29GMS_POINT_DATA_Array_TypeInfoE = 0xffffffffff769580
                0xffffffffff76d340                _ZN6DPData33CON_PHOTO_EXT_DATA_Array_TypeInfoE = 0xffffffffff76d340
                0xffffffffff769568                _ZN6DPData35DENDOU_SAVE_ADD_POKE_Array_TypeInfoE = 0xffffffffff769568
                0xffffffffff7695c0                _ZN6DPData35MysteryGift_ItemInfo_Array_TypeInfoE = 0xffffffffff7695c0
                0xffffffffff7695d0                _ZN6DPData35MysteryGift_RecvData_Array_TypeInfoE = 0xffffffffff7695d0
                0xffffffffff7695e8                _ZN6DPData35POKETCH_POKE_HISTORY_Array_TypeInfoE = 0xffffffffff7695e8
                0xffffffffff769588                _ZN6DPData37GMS_POINT_HISTORY_DATA_Array_TypeInfoE = 0xffffffffff769588
                0xffffffffff7695d8                _ZN6DPData37MysteryGift_OneDayData_Array_TypeInfoE = 0xffffffffff7695d8
                0xffffffffff7695f8                _ZN6DPData37POKETCH_POKETORE_COUNT_Array_TypeInfoE = 0xffffffffff7695f8
                0xffffffffff769558                _ZN6DPData41DENDOU_POKEMON_DATA_INSIDE_Array_TypeInfoE = 0xffffffffff769558
                0xffffffffff76ed28                _ZN6DPData41GMS_POINT_HISTORY_EXT_DATA_Array_TypeInfoE = 0xffffffffff76ed28
                0xffffffffff769560                _ZN6DPData42DENDOU_SAVE_ADD_POKE_MEMBER_Array_TypeInfoE = 0xffffffffff769560
                0xfffffffffa96a078                _ZN6il2cpp2vm13MetadataCache28IntializeMethodMetadataRangeEijPPvj = 0xfffffffffa96a078
                0xfffffffffd1ee340                _ZN6System11Collections7Generic17HashSet_WazaNo__o3AddEiP10MethodInfo = 0xfffffffffd1ee340
                0xfffffffffd334680                _ZN6System11Collections7Generic20ListXMenuTopItem_AddEPNS1_28List_ContextMenuItem_Param_oEPN3Dpr2UI23ContextMenuItem_Param_oEP10MethodInfo = 0xfffffffffd334680
                0xfffffffffd334680                _ZN6System11Collections7Generic20ListXMenuTopItem_AddEPNS1_33List_ShopBoutiqueItemItem_Param_oEPN3Dpr2UI28ShopBoutiqueItemItem_Param_oEP10MethodInfo = 0xfffffffffd334680
                0xffffffffff47a938                _ZN6System11Collections7Generic41List_ContextMenuItem_Param_Add_MethodInfoE = 0xffffffffff47a938
                0xffffffffff4b2810                _ZN6System11Collections7Generic46List_ShopBoutiqueItemItem_Param_Add_MethodInfoE = 0xffffffffff4b2810
                0xfffffffffd09ac60                _ZN6System2IO4File12ReadAllBytesEPNS_6StringEP10MethodInfo = 0xfffffffffd09ac60
                0xfffffffffce80990                _ZN6System4Text12UTF8Encoding12GetByteCountEPNS_6StringEP10MethodInfo = 0xfffffffffce80990
                0xfffffffffce80b50                _ZN6System4Text12UTF8Encoding8GetBytesEPNS_6StringEiiPNS_5ArrayIhEEiP10MethodInfo = 0xfffffffffce80b50
                0xfffffffffd15a6b0                _ZN6System4Text8Encoding8get_UTF8EP10MethodInfo = 0xfffffffffd15a6b0
                0xfffffffffd05b5e0                _ZN6System6Action4ctorEv = 0xfffffffffd05b5e0
                0xfffffffffd05b600                _ZN6System6Action6InvokeEP10MethodInfo = 0xfffffffffd05b600
                0xfffffffffcfc93a0                _ZN6System6Object8ToStringEP12Il2CppObjectP10MethodInfo = 0xfffffffffcfc93a0
                0xfffffffffd25c840                _ZN6System6String12_CtorCharPtrEPtP10MethodInfo = 0xfffffffffd25c840
                0xfffffffffcff33e0                _ZN6System6String13_CreateStringEPaP10MethodInfo = 0xfffffffffcff33e0
                0xfffffffffcfeb810                _ZN6System6String13IsNullOrEmptyEP10MethodInfo = 0xfffffffffcfeb810
                0xfffffffffcff0fc0                _ZN6System6String6ConcatEP12Il2CppObjectS2_P10MethodInfo = 0xfffffffffcff0fc0
                0xfffffffffd258d20                _ZN6System6String6EqualsEPS0_P10MethodInfo = 0xfffffffffd258d20
                0xfffffffffd1b6700                _ZN76System_Func_string__SoftwareKeyboard_ErrorState__ValueTuple_bool__string___o4ctorEPN3Dpr8EvScript15EvDataManager_oEP10MethodInfoS5_ = 0xfffffffffd1b6700
                0xfffffffffcc27690                _ZN8EvData_o9GetStringEiP10MethodInfo = 0xfffffffffcc27690
                0xfffffffffc72e060                _ZN8FlagWork7SetWorkEii = 0xfffffffffc72e060
                0xfffffffffd5bf6a0                _ZN8GameData11DataManager17GetPokemonCatalogEiihbbP10MethodInfo = 0xfffffffffd5bf6a0
                0xfffffffffd5c5550                _ZN8GameData11DataManager19GetBoutiqueShopDataEiP10MethodInfo = 0xfffffffffd5c5550
                0xfffffffffd5c5460                _ZN8GameData11DataManager21GetCharacterDressDataEiP10MethodInfo = 0xfffffffffd5c5460
                0xfffffffffc3e3550                _ZN8ItemWork10IsDsPlayerEP10MethodInfo = 0xfffffffffc3e3550
                0xfffffffffc3e2450                _ZN8ItemWork7SubItemEiiP10MethodInfo = 0xfffffffffc3e2450
                0xfffffffffc0d2780                _ZN8ZoneWork20TairyouHassei_MonsLvEiP10MethodInfo = 0xfffffffffc0d2780
                0xfffffffffc0d3fc0                _ZN9ZukanWork12GetFormFlagsEjhbP10MethodInfo = 0xfffffffffc0d3fc0
                0xfffffffffae7c560                _Znam = 0xfffffffffae7c560
                0xfffffffffae7c220                _Znwm = 0xfffffffffae7c220
                0xffffffffff56aa08                Array_IndexOf_MethodInfo = 0xffffffffff56aa08
                0xffffffffff5781a0                BASE_FORMCHANGE_ONSELECTED_METHODINFO = 0xffffffffff5781a0
                0xffffffffff580f80                ContextMenuIDList_Add_MethodInfo = 0xffffffffff580f80
                0xffffffffff580f78                ContextMenuIDList_ctor_MethodInfo = 0xffffffffff580f78
                0xffffffffff560900                ContextMenuIDList_ToArray_MethodInfo = 0xffffffffff560900
                0xffffffffff55a7d0                ContextMenuIDList_TypeInfo = 0xffffffffff55a7d0
                0xfffffffffe35f9b8                DAT_7103a679b8 = 0xfffffffffe35f9b8
                0xfffffffffabb9c10                free = 0xfffffffffabb9c10
                0xffffffffff5723b0                Handler_Karagenki_WazaPowMethodInfo = 0xffffffffff5723b0
                0xffffffffff54d270                int_TypeInfo = 0xffffffffff54d270
                0xfffffffffabb9bf0                malloc = 0xfffffffffabb9bf0
                0xffffffffff76e300                MonsLv_Array_TypeInfo = 0xffffffffff76e300
                0xffffffffff551b58                PlayerWork_TypeInfo = 0xffffffffff551b58
                0xffffffffff473eb0                PTR_DAT_04b7beb0 = 0xffffffffff473eb0
                0xffffffffff477588                PTR_DAT_04b7f588 = 0xffffffffff477588
                0xffffffffff4b2788                PTR_DAT_04b98788 = 0xffffffffff4b2788
                0xffffffffff4b2798                PTR_DAT_04b98798 = 0xffffffffff4b2798
                0xffffffffff4ba3f0                PTR_DAT_04ba03f0 = 0xffffffffff4ba3f0
                0xffffffffff4ba408                PTR_DAT_04ba0408 = 0xffffffffff4ba408
                0xffffffffff4d06f0                PTR_DAT_04bd86f0 = 0xffffffffff4d06f0
                0xffffffffff4f65f0                PTR_DAT_04bdc5f0 = 0xffffffffff4f65f0
                0xffffffffff521e78                PTR_DAT_04c29e78 = 0xffffffffff521e78
                0xffffffffff522fd8                PTR_DAT_04c2afd8 = 0xffffffffff522fd8
                0xffffffffff522fe8                PTR_DAT_04c2afe8 = 0xffffffffff522fe8
                0xffffffffff523018                PTR_DAT_04c2b018 = 0xffffffffff523018
                0xffffffffff525f00                PTR_DAT_04c2df00 = 0xffffffffff525f00
                0xffffffffff4b28a8                PTR_DATA_04bba8a8 = 0xffffffffff4b28a8
                0xffffffffff522fe0                PTR_EvCmdCallWazaOmoidashiUi_b__1539_0 = 0xffffffffff522fe0
                0xffffffffff523028                PTR_EvCmdCallWazaOshieUi_b__0 = 0xffffffffff523028
                0xffffffffff4d0718                PTR_HashSet_Add_WazaNo_MethodInfo = 0xffffffffff4d0718
                0xffffffffff525f08                PTR_Method_PlayerWork_LoadBytes = 0xffffffffff525f08
                0xffffffffff521e90                PTR_OnCompleteAction_MethodInfo = 0xffffffffff521e90
                0xffffffffff47c1d0                PTR_OnCompleteAction_TypeInfo = 0xffffffffff47c1d0
                0xffffffffff47c1e0                PTR_OnCompleteActionCtor_MethodInfo = 0xffffffffff47c1e0
                0xffffffffff521e88                PTR_OnInputCheckFunc_MethodInfo = 0xffffffffff521e88
                0xffffffffff47c1b8                PTR_OnInputCheckFunc_TypeInfo = 0xffffffffff47c1b8
                0xffffffffff47c1c8                PTR_OnInputCheckFuncCtor_MethodInfo = 0xffffffffff47c1c8
                0xffffffffff4ec7b0                PTR_QWORD_04bd27b0 = 0xffffffffff4ec7b0
                0xffffffffff4b27a0                PTR_RE_DENDOU_RECORD_Array_TypeInfo = 0xffffffffff4b27a0
                0xffffffffff4716f8                PTR_StringLiteral_398 = 0xffffffffff4716f8
                0xffffffffff48e2c8                PTR_StringLiteral_9185_SS_strinput_006 = 0xffffffffff48e2c8
                0xffffffffff48e2b8                PTR_StringLiteral_9186_SS_strinput_007 = 0xffffffffff48e2b8
                0xffffffffff48e2c0                PTR_StringLiteral_9187_SS_strinput_005 = 0xffffffffff48e2c0
                0xffffffffff46ec40                PTR_System_Action_TypeInfo_04b54c40 = 0xffffffffff46ec40
                0xffffffffff473ea8                PTR_System_Action_WazaNo__WazaNo__o_ctor = 0xffffffffff473ea8
                0xffffffffff473e98                PTR_System_Action_WazaNo__WazaNo__TypeInfo = 0xffffffffff473e98
                0xffffffffff769728                RE_DENDOU_POKEMON_DATA_INSIDE_Array_TypeInfo = 0xffffffffff769728
                0xffffffffff769720                RE_DENDOU_RECORD_Array_TypeInfo = 0xffffffffff769720
                0xffffffffff54e8a0                s_GlobalMetadata = 0xffffffffff54e8a0
                0xffffffffff54e8a8                s_GlobalMetadataHeader = 0xffffffffff54e8a8
                0xffffffffff578068                ShowItemContextMenu_EndUseAction_MethodInfo = 0xffffffffff578068
                0xffffffffff5a3b30                StringLiteral_11167 = 0xffffffffff5a3b30
                0xffffffffff7b6fc0                StringLiteral_9235_ev_script = 0xffffffffff7b6fc0
                0xffffffffff5a0070                StringLiteral_9287 = 0xffffffffff5a0070
                0xffffffffff57a180                System_Action_ContextMenuID__o_ctor_MethodInfo = 0xffffffffff57a180
                0xffffffffff55a7e0                System_Action_ContextMenuID_TypeInfo = 0xffffffffff55a7e0
                0xffffffffff54e040                System_Action_TypeInfo = 0xffffffffff54e040
                0xffffffffff764a20                System_Boolean_array_TypeInfo = 0xffffffffff764a20
                0xffffffffff54d2e0                System_Byte_array_typeInfo = 0xffffffffff54d2e0
                0xffffffffff54d3e0                System_Int32_array_TypeInfo = 0xffffffffff54d3e0
                0xffffffffff764ae8                System_UInt16_array_TypeInfo = 0xffffffffff764ae8
                0xffffffffff7649c8                System_UInt32_array_TypeInfo = 0xffffffffff7649c8
                0xffffffffff766df8                UnityEngine_Vector3_Array_TypeInfo = 0xffffffffff766df8
                0xffffffffff553488                ZukanWork_TypeInfo = 0xffffffffff553488
                0x0000000000000000                PROVIDE (__start__ = 0x0)
                0x0000000000000000                . = __start__
                0x0000000000000000                __code_start__ = .

.text           0x0000000000000000    0x21030
                0x0000000000000000                __text_start__ = .
 *(.text.crt0)
 .text.crt0     0x0000000000000000        0x8 CMakeFiles/bdspexefs.dir/src/crt0.s.obj
                0x0000000000000000                __module_start
 *(.text .text.*)
 *fill*         0x0000000000000008        0x8 
 .text.__do_global_dtors_aux
                0x0000000000000010       0x44 /opt/devkitpro/devkitA64/bin/../lib/gcc/aarch64-none-elf/12.1.0/pic/crtbegin.o
 *fill*         0x0000000000000054        0xc 
 .text.frame_dummy
                0x0000000000000060       0x24 /opt/devkitpro/devkitA64/bin/../lib/gcc/aarch64-none-elf/12.1.0/pic/crtbegin.o
 *fill*         0x0000000000000084        0xc 
 .text._ZNSt7__cxx1112basic_stringIcSt11char_traitsIcESaIcEE10_M_disposeEv
                0x0000000000000090       0x24 CMakeFiles/bdspexefs.dir/src/CoreParam.cpp.obj
                0x0000000000000090                std::__cxx11::basic_string<char, std::char_traits<char>, std::allocator<char> >::_M_dispose()
 *fill*         0x00000000000000b4        0xc 
 .text._Z14socket_log_fmtIJMN3Pml8PokePara8AccessorEFihP10MethodInfoEEEvRKNSt7__cxx1112basic_stringIcSt11char_traitsIcESaIcEEEDpT_
                0x00000000000000c0      0x120 CMakeFiles/bdspexefs.dir/src/CoreParam.cpp.obj
                0x00000000000000c0                void socket_log_fmt<int (Pml::PokePara::Accessor::*)(unsigned char, MethodInfo*)>(std::__cxx11::basic_string<char, std::char_traits<char>, std::allocator<char> > const&, int (Pml::PokePara::Accessor::*)(unsigned char, MethodInfo*))
 .text._Z14socket_log_fmtIJiEEvRKNSt7__cxx1112basic_stringIcSt11char_traitsIcESaIcEEEDpT_
                0x00000000000001e0      0x10c CMakeFiles/bdspexefs.dir/src/CoreParam.cpp.obj
                0x00000000000001e0                void socket_log_fmt<int>(std::__cxx11::basic_string<char, std::char_traits<char>, std::allocator<char> > const&, int)
 *fill*         0x00000000000002ec        0x4 
 .text._Z14socket_log_fmtIJtEEvRKNSt7__cxx1112basic_stringIcSt11char_traitsIcESaIcEEEDpT_
                0x00000000000002f0      0x10c CMakeFiles/bdspexefs.dir/src/CoreParam.cpp.obj
                0x00000000000002f0                void socket_log_fmt<unsigned short>(std::__cxx11::basic_string<char, std::char_traits<char>, std::allocator<char> > const&, unsigned short)
 *fill*         0x00000000000003fc        0x4 
 .text._Z14socket_log_fmtIJPN6System11Collections7Generic17HashSet_WazaNo__oEEEvRKNSt7__cxx1112basic_stringIcSt11char_traitsIcESaIcEEEDpT_
                0x0000000000000400      0x10c CMakeFiles/bdspexefs.dir/src/CoreParam.cpp.obj
                0x0000000000000400                void socket_log_fmt<System::Collections::Generic::HashSet_WazaNo__o*>(std::__cxx11::basic_string<char, std::char_traits<char>, std::allocator<char> > const&, System::Collections::Generic::HashSet_WazaNo__o*)
 *fill*         0x000000000000050c        0x4 
 .text._Z14socket_log_fmtIJPN3Pml8PmlUse_oEEEvRKNSt7__cxx1112basic_stringIcSt11char_traitsIcESaIcEEEDpT_
                0x0000000000000510      0x10c CMakeFiles/bdspexefs.dir/src/CoreParam.cpp.obj
                0x0000000000000510                void socket_log_fmt<Pml::PmlUse_o*>(std::__cxx11::basic_string<char, std::char_traits<char>, std::allocator<char> > const&, Pml::PmlUse_o*)
 *fill*         0x000000000000061c        0x4 
 .text._Z14socket_log_fmtIJPN11XLSXContent11ItemTable_oEEEvRKNSt7__cxx1112basic_stringIcSt11char_traitsIcESaIcEEEDpT_
                0x0000000000000620      0x10c CMakeFiles/bdspexefs.dir/src/CoreParam.cpp.obj
                0x0000000000000620                void socket_log_fmt<XLSXContent::ItemTable_o*>(std::__cxx11::basic_string<char, std::char_traits<char>, std::allocator<char> > const&, XLSXContent::ItemTable_o*)
 *fill*         0x000000000000072c        0x4 
 .text._Z14socket_log_fmtIJPN6System5ArrayIPN11XLSXContent9ItemTable18SheetWazaMachine_oEEEEEvRKNSt7__cxx1112basic_stringIcSt11char_traitsIcESaIcEEEDpT_
                0x0000000000000730      0x10c CMakeFiles/bdspexefs.dir/src/CoreParam.cpp.obj
                0x0000000000000730                void socket_log_fmt<System::Array<XLSXContent::ItemTable::SheetWazaMachine_o*>*>(std::__cxx11::basic_string<char, std::char_traits<char>, std::allocator<char> > const&, System::Array<XLSXContent::ItemTable::SheetWazaMachine_o*>*)
 *fill*         0x000000000000083c        0x4 
 .text._Z14socket_log_fmtIJPN3Pml8PokePara8AccessorEEEvRKNSt7__cxx1112basic_stringIcSt11char_traitsIcESaIcEEEDpT_
                0x0000000000000840      0x10c CMakeFiles/bdspexefs.dir/src/CoreParam.cpp.obj
                0x0000000000000840                void socket_log_fmt<Pml::PokePara::Accessor*>(std::__cxx11::basic_string<char, std::char_traits<char>, std::allocator<char> > const&, Pml::PokePara::Accessor*)
 *fill*         0x000000000000094c        0x4 
 .text._Z14socket_log_fmtIJEEvRKNSt7__cxx1112basic_stringIcSt11char_traitsIcESaIcEEEDpT_
                0x0000000000000950      0x100 CMakeFiles/bdspexefs.dir/src/CoreParam.cpp.obj
                0x0000000000000950                void socket_log_fmt<>(std::__cxx11::basic_string<char, std::char_traits<char>, std::allocator<char> > const&)
 .text._ZN3Pml8PokePara9CoreParam21CollectRemindableWazaEP10MethodInfo
                0x0000000000000a50      0x500 CMakeFiles/bdspexefs.dir/src/CoreParam.cpp.obj
                0x0000000000000a50                Pml::PokePara::CoreParam::CollectRemindableWaza(MethodInfo*)
 .text._Z31CoreParam_CollectRemindableWazaPN3Pml8PokePara9CoreParamEP10MethodInfo
                0x0000000000000f50        0x4 CMakeFiles/bdspexefs.dir/src/CoreParam.cpp.obj
                0x0000000000000f50                CoreParam_CollectRemindableWaza(Pml::PokePara::CoreParam*, MethodInfo*)
 *fill*         0x0000000000000f54        0xc 
 .text._ZN6System6String11CtorCharPtrEPt
                0x0000000000000f60       0x10 CMakeFiles/bdspexefs.dir/src/System.cpp.obj
                0x0000000000000f60                System::String::CtorCharPtr(unsigned short*)
 .text._ZN6System6String12CreateStringEPKc
                0x0000000000000f70       0x10 CMakeFiles/bdspexefs.dir/src/System.cpp.obj
                0x0000000000000f70                System::String::CreateString(char const*)
 .text._Z10socket_logPKc
                0x0000000000000f80        0x4 CMakeFiles/bdspexefs.dir/src/logger.cpp.obj
                0x0000000000000f80                socket_log(char const*)
 *fill*         0x0000000000000f84        0xc 
 .text._Z16socket_read_charPc
                0x0000000000000f90       0x9c CMakeFiles/bdspexefs.dir/src/logger.cpp.obj
                0x0000000000000f90                socket_read_char(char*)
 *fill*         0x000000000000102c        0x4 
 .text._Z21socket_log_initializev
                0x0000000000001030        0x4 CMakeFiles/bdspexefs.dir/src/logger.cpp.obj
                0x0000000000001030                socket_log_initialize()
 *fill*         0x0000000000001034        0xc 
 .text._Z13tryInitSocketv
                0x0000000000001040       0x14 CMakeFiles/bdspexefs.dir/src/logger.cpp.obj
                0x0000000000001040                tryInitSocket()
 *fill*         0x0000000000001054        0xc 
 .text._ZN10PlayerWork17get_defaultPokeNoEP10MethodInfo
                0x0000000000001060       0x18 CMakeFiles/bdspexefs.dir/src/patches/alt_starter.cpp.obj
                0x0000000000001060                PlayerWork::get_defaultPokeNo(MethodInfo*)
 *fill*         0x0000000000001078        0x8 
 .text._Z28PlayerWork_get_defaultPokeNoP10MethodInfo
                0x0000000000001080        0x4 CMakeFiles/bdspexefs.dir/src/patches/alt_starter.cpp.obj
                0x0000000000001080                PlayerWork_get_defaultPokeNo(MethodInfo*)
 *fill*         0x0000000000001084        0xc 
 .text._Z13string_formatIJiEENSt7__cxx1112basic_stringIcSt11char_traitsIcESaIcEEERKS5_DpT_
                0x0000000000001090       0xdc CMakeFiles/bdspexefs.dir/src/patches/alt_starter.cpp.obj
                0x0000000000001090                std::__cxx11::basic_string<char, std::char_traits<char>, std::allocator<char> > string_format<int>(std::__cxx11::basic_string<char, std::char_traits<char>, std::allocator<char> > const&, int)
 *fill*         0x000000000000116c        0x4 
 .text._ZN10PlayerWork15get_rivalPokeNoEP10MethodInfo
                0x0000000000001170      0x128 CMakeFiles/bdspexefs.dir/src/patches/alt_starter.cpp.obj
                0x0000000000001170                PlayerWork::get_rivalPokeNo(MethodInfo*)
 *fill*         0x0000000000001298        0x8 
 .text._Z26PlayerWork_get_rivalPokeNoP10MethodInfo
                0x00000000000012a0        0x4 CMakeFiles/bdspexefs.dir/src/patches/alt_starter.cpp.obj
                0x00000000000012a0                PlayerWork_get_rivalPokeNo(MethodInfo*)
 *fill*         0x00000000000012a4        0xc 
 .text._ZN10PlayerWork17get_supportPokeNoEP10MethodInfo
                0x00000000000012b0      0x128 CMakeFiles/bdspexefs.dir/src/patches/alt_starter.cpp.obj
                0x00000000000012b0                PlayerWork::get_supportPokeNo(MethodInfo*)
 *fill*         0x00000000000013d8        0x8 
 .text._Z28PlayerWork_get_supportPokeNoP10MethodInfo
                0x00000000000013e0        0x4 CMakeFiles/bdspexefs.dir/src/patches/alt_starter.cpp.obj
                0x00000000000013e0                PlayerWork_get_supportPokeNo(MethodInfo*)
 *fill*         0x00000000000013e4        0xc 
 .text._ZN10PlayerWork17get_rivalPokeTypeEP10MethodInfo
                0x00000000000013f0      0x124 CMakeFiles/bdspexefs.dir/src/patches/alt_starter.cpp.obj
                0x00000000000013f0                PlayerWork::get_rivalPokeType(MethodInfo*)
 *fill*         0x0000000000001514        0xc 
 .text._Z28PlayerWork_get_rivalPokeTypeP10MethodInfo
                0x0000000000001520        0x4 CMakeFiles/bdspexefs.dir/src/patches/alt_starter.cpp.obj
                0x0000000000001520                PlayerWork_get_rivalPokeType(MethodInfo*)
 *fill*         0x0000000000001524        0xc 
 .text._Z14toNarrowStringPtm
                0x0000000000001530       0x48 CMakeFiles/bdspexefs.dir/src/patches/asset_assistant.cpp.obj
                0x0000000000001530                toNarrowString(unsigned short*, unsigned long)
 *fill*         0x0000000000001578        0x8 
 .text._Z14toNarrowStringPN6System6StringE
                0x0000000000001580        0xc CMakeFiles/bdspexefs.dir/src/patches/asset_assistant.cpp.obj
                0x0000000000001580                toNarrowString(System::String*)
 *fill*         0x000000000000158c        0x4 
 .text._Z7GetDataPN6System6StringE
                0x0000000000001590        0x8 CMakeFiles/bdspexefs.dir/src/patches/asset_assistant.cpp.obj
                0x0000000000001590                GetData(System::String*)
 *fill*         0x0000000000001598        0x8 
 .text._Z42Lumi_AssetManager_AppendAssetBundleRequestPN6System6StringEbPN10SmartPoint14AssetAssistant22RequestEventCallback_oEPNS_5ArrayIS0_EEP10MethodInfo
                0x00000000000015a0      0x138 CMakeFiles/bdspexefs.dir/src/patches/asset_assistant.cpp.obj
                0x00000000000015a0                Lumi_AssetManager_AppendAssetBundleRequest(System::String*, bool, SmartPoint::AssetAssistant::RequestEventCallback_o*, System::Array<System::String>*, MethodInfo*)
 *fill*         0x00000000000016d8        0x8 
 .text._Z49Lumi_AssetRequestOperation_get_assetBundleRequestPN10SmartPoint14AssetAssistant23AssetRequestOperation_oEP10MethodInfo
                0x00000000000016e0      0x1f8 CMakeFiles/bdspexefs.dir/src/patches/asset_assistant.cpp.obj
                0x00000000000016e0                Lumi_AssetRequestOperation_get_assetBundleRequest(SmartPoint::AssetAssistant::AssetRequestOperation_o*, MethodInfo*)
 *fill*         0x00000000000018d8        0x8 
 .text._Z13string_formatIJEENSt7__cxx1112basic_stringIcSt11char_traitsIcESaIcEEERKS5_DpT_
                0x00000000000018e0       0xd0 CMakeFiles/bdspexefs.dir/src/patches/asset_log.cpp.obj
                0x00000000000018e0                std::__cxx11::basic_string<char, std::char_traits<char>, std::allocator<char> > string_format<>(std::__cxx11::basic_string<char, std::char_traits<char>, std::allocator<char> > const&)
 .text._Z15AssetLogEnqueuePN6System11Collections7Generic14Queue_String_oEPNS_6StringEP10MethodInfo
                0x00000000000019b0       0xd8 CMakeFiles/bdspexefs.dir/src/patches/asset_log.cpp.obj
                0x00000000000019b0                AssetLogEnqueue(System::Collections::Generic::Queue_String_o*, System::String*, MethodInfo*)
 *fill*         0x0000000000001a88        0x8 
 .text._Z15BadgeWork_IsGetiP10MethodInfo
                0x0000000000001a90       0x38 CMakeFiles/bdspexefs.dir/src/patches/badge_check.cpp.obj
                0x0000000000001a90                BadgeWork_IsGet(int, MethodInfo*)
 *fill*         0x0000000000001ac8        0x8 
 .text._Z65Dpr_Battle_Logic_Section_WazaExec_CheckFail_1st_checkSabotageTypeP49Dpr_Battle_Logic_Section_WazaExec_CheckFail_1st_oPN3Dpr6Battle5Logic15BTL_POKEPARAM_oEP10MethodInfo
                0x0000000000001ad0        0x8 CMakeFiles/bdspexefs.dir/src/patches/badge_check.cpp.obj
                0x0000000000001ad0                Dpr_Battle_Logic_Section_WazaExec_CheckFail_1st_checkSabotageType(Dpr_Battle_Logic_Section_WazaExec_CheckFail_1st_o*, Dpr::Battle::Logic::BTL_POKEPARAM_o*, MethodInfo*)
 *fill*         0x0000000000001ad8        0x8 
 .text._Z21GetMaxFollowPokeLevelP29Dpr_Battle_Logic_MainModule_oP10MethodInfo
                0x0000000000001ae0        0x8 CMakeFiles/bdspexefs.dir/src/patches/badge_check.cpp.obj
                0x0000000000001ae0                GetMaxFollowPokeLevel(Dpr_Battle_Logic_MainModule_o*, MethodInfo*)
 *fill*         0x0000000000001ae8        0x8 
 .text._Z14socket_log_fmtIJPcEEvRKNSt7__cxx1112basic_stringIcSt11char_traitsIcESaIcEEEDpT_
                0x0000000000001af0      0x10c CMakeFiles/bdspexefs.dir/src/patches/debug_log.cpp.obj
                0x0000000000001af0                void socket_log_fmt<char*>(std::__cxx11::basic_string<char, std::char_traits<char>, std::allocator<char> > const&, char*)
 *fill*         0x0000000000001bfc        0x4 
 .text._Z8DebugLogP12Il2CppObjectP10MethodInfo
                0x0000000000001c00      0x104 CMakeFiles/bdspexefs.dir/src/patches/debug_log.cpp.obj
                0x0000000000001c00                DebugLog(Il2CppObject*, MethodInfo*)
 *fill*         0x0000000000001d04        0xc 
 .text._Z15DebugLogWarningP12Il2CppObjectP10MethodInfo
                0x0000000000001d10      0x10c CMakeFiles/bdspexefs.dir/src/patches/debug_log.cpp.obj
                0x0000000000001d10                DebugLogWarning(Il2CppObject*, MethodInfo*)
 *fill*         0x0000000000001e1c        0x4 
 .text._Z13DebugLogErrorP12Il2CppObjectP10MethodInfo
                0x0000000000001e20      0x10c CMakeFiles/bdspexefs.dir/src/patches/debug_log.cpp.obj
                0x0000000000001e20                DebugLogError(Il2CppObject*, MethodInfo*)
 *fill*         0x0000000000001f2c        0x4 
 .text._Z11DebugLogCtxP12Il2CppObjectPvP10MethodInfo
                0x0000000000001f30      0x104 CMakeFiles/bdspexefs.dir/src/patches/debug_log.cpp.obj
                0x0000000000001f30                DebugLogCtx(Il2CppObject*, void*, MethodInfo*)
 *fill*         0x0000000000002034        0xc 
 .text._Z18DebugLogWarningCtxP12Il2CppObjectPvP10MethodInfo
                0x0000000000002040      0x10c CMakeFiles/bdspexefs.dir/src/patches/debug_log.cpp.obj
                0x0000000000002040                DebugLogWarningCtx(Il2CppObject*, void*, MethodInfo*)
 *fill*         0x000000000000214c        0x4 
 .text._Z16DebugLogErrorCtxP12Il2CppObjectPvP10MethodInfo
                0x0000000000002150      0x10c CMakeFiles/bdspexefs.dir/src/patches/debug_log.cpp.obj
                0x0000000000002150                DebugLogErrorCtx(Il2CppObject*, void*, MethodInfo*)
 *fill*         0x000000000000225c        0x4 
 .text._Z17DebugLogExceptionP18System_Exception_oP10MethodInfo
                0x0000000000002260       0x74 CMakeFiles/bdspexefs.dir/src/patches/debug_log.cpp.obj
                0x0000000000002260                DebugLogException(System_Exception_o*, MethodInfo*)
 *fill*         0x00000000000022d4        0xc 
 .text._Z20DebugLogExceptionCtxP18System_Exception_oPvP10MethodInfo
                0x00000000000022e0       0x74 CMakeFiles/bdspexefs.dir/src/patches/debug_log.cpp.obj
                0x00000000000022e0                DebugLogExceptionCtx(System_Exception_o*, void*, MethodInfo*)
 *fill*         0x0000000000002354        0xc 
 .text._Z14GetZukanStatusPN6DPData12ZUKAN_WORK_oEj
                0x0000000000002360       0xa4 CMakeFiles/bdspexefs.dir/src/patches/drnd.cpp.obj
                0x0000000000002360                GetZukanStatus(DPData::ZUKAN_WORK_o*, unsigned int)
 *fill*         0x0000000000002404        0xc 
 .text._Z14SetZukanStatusPN6DPData12ZUKAN_WORK_oEji
                0x0000000000002410       0xc8 CMakeFiles/bdspexefs.dir/src/patches/drnd.cpp.obj
                0x0000000000002410                SetZukanStatus(DPData::ZUKAN_WORK_o*, unsigned int, int)
 *fill*         0x00000000000024d8        0x8 
 .text._Z12GetZukanFlagPN6System5ArrayIbEEj
                0x00000000000024e0       0xa0 CMakeFiles/bdspexefs.dir/src/patches/drnd.cpp.obj
                0x00000000000024e0                GetZukanFlag(System::Array<bool>*, unsigned int)
 .text._Z12SetZukanFlagPN6System5ArrayIbEEjb
                0x0000000000002580       0xc4 CMakeFiles/bdspexefs.dir/src/patches/drnd.cpp.obj
                0x0000000000002580                SetZukanFlag(System::Array<bool>*, unsigned int, bool)
 *fill*         0x0000000000002644        0xc 
 .text._Z16ZukanWork_IsGet1jP10MethodInfo
                0x0000000000002650       0x4c CMakeFiles/bdspexefs.dir/src/patches/drnd.cpp.obj
                0x0000000000002650                ZukanWork_IsGet1(unsigned int, MethodInfo*)
 *fill*         0x000000000000269c        0x4 
 .text._Z16ZukanWork_IsGet2jhibP10MethodInfo
                0x00000000000026a0       0xa4 CMakeFiles/bdspexefs.dir/src/patches/drnd.cpp.obj
                0x00000000000026a0                ZukanWork_IsGet2(unsigned int, unsigned char, int, bool, MethodInfo*)
 *fill*         0x0000000000002744        0xc 
 .text._Z19ZukanWork_GetStatusjP10MethodInfo
                0x0000000000002750       0x44 CMakeFiles/bdspexefs.dir/src/patches/drnd.cpp.obj
                0x0000000000002750                ZukanWork_GetStatus(unsigned int, MethodInfo*)
 *fill*         0x0000000000002794        0xc 
 .text._Z15ZukanWork_IsSeejP10MethodInfo
                0x00000000000027a0       0x4c CMakeFiles/bdspexefs.dir/src/patches/drnd.cpp.obj
                0x00000000000027a0                ZukanWork_IsSee(unsigned int, MethodInfo*)
 *fill*         0x00000000000027ec        0x4 
 .text._Z17ZukanWork_IsUwasajP10MethodInfo
                0x00000000000027f0       0x4c CMakeFiles/bdspexefs.dir/src/patches/drnd.cpp.obj
                0x00000000000027f0                ZukanWork_IsUwasa(unsigned int, MethodInfo*)
 *fill*         0x000000000000283c        0x4 
 .text._Z17ZukanWork_SetPokejihibP10MethodInfo
                0x0000000000002840       0xf8 CMakeFiles/bdspexefs.dir/src/patches/drnd.cpp.obj
                0x0000000000002840                ZukanWork_SetPoke(unsigned int, int, unsigned char, int, bool, MethodInfo*)
 *fill*         0x0000000000002938        0x8 
 .text._Z18ZukanWork_SeeCountbP10MethodInfo
                0x0000000000002940       0xb0 CMakeFiles/bdspexefs.dir/src/patches/drnd.cpp.obj
                0x0000000000002940                ZukanWork_SeeCount(bool, MethodInfo*)
 .text._Z23ZukanWork_SeeSinouCountbP10MethodInfo
                0x00000000000029f0       0xe4 CMakeFiles/bdspexefs.dir/src/patches/drnd.cpp.obj
                0x00000000000029f0                ZukanWork_SeeSinouCount(bool, MethodInfo*)
 *fill*         0x0000000000002ad4        0xc 
 .text._Z18ZukanWork_GetCountbP10MethodInfo
                0x0000000000002ae0       0xb0 CMakeFiles/bdspexefs.dir/src/patches/drnd.cpp.obj
                0x0000000000002ae0                ZukanWork_GetCount(bool, MethodInfo*)
 .text._Z23ZukanWork_GetSinouCountbP10MethodInfo
                0x0000000000002b90       0xe4 CMakeFiles/bdspexefs.dir/src/patches/drnd.cpp.obj
                0x0000000000002b90                ZukanWork_GetSinouCount(bool, MethodInfo*)
 *fill*         0x0000000000002c74        0xc 
 .text._Z21DescText_SetupMessageP15Dpr_UI_UIText_oPN6System6StringEiPN3Dpr2UI11ZukanInfo_oE
                0x0000000000002c80       0x38 CMakeFiles/bdspexefs.dir/src/patches/drnd.cpp.obj
                0x0000000000002c80                DescText_SetupMessage(Dpr_UI_UIText_o*, System::String*, int, Dpr::UI::ZukanInfo_o*)
 *fill*         0x0000000000002cb8        0x8 
 .text._Z33getFormChangeOnSelectedMethodInfov
                0x0000000000002cc0       0x3c CMakeFiles/bdspexefs.dir/src/patches/dualslot_incense.cpp.obj
                0x0000000000002cc0                getFormChangeOnSelectedMethodInfo()
 *fill*         0x0000000000002cfc        0x4 
 .text._Z25PlayerWork_set_DoubleSlotPN6System5ArrayI8MonsLv_oEE
                0x0000000000002d00       0xf4 CMakeFiles/bdspexefs.dir/src/patches/dualslot_incense.cpp.obj
                0x0000000000002d00                PlayerWork_set_DoubleSlot(System::Array<MonsLv_o>*)
 *fill*         0x0000000000002df4        0xc 
 .text._Z39Incense_GameManager_GetFieldEncountDataiP10MethodInfo
                0x0000000000002e00       0xf4 CMakeFiles/bdspexefs.dir/src/patches/dualslot_incense.cpp.obj
                0x0000000000002e00                Incense_GameManager_GetFieldEncountData(int, MethodInfo*)
 *fill*         0x0000000000002ef4        0xc 
 .text._Z14socket_log_fmtIJPN3Dpr2UI23UIBag_Displayclass144_oEEEvRKNSt7__cxx1112basic_stringIcSt11char_traitsIcESaIcEEEDpT_
                0x0000000000002f00      0x10c CMakeFiles/bdspexefs.dir/src/patches/dualslot_incense.cpp.obj
                0x0000000000002f00                void socket_log_fmt<Dpr::UI::UIBag_Displayclass144_o*>(std::__cxx11::basic_string<char, std::char_traits<char>, std::allocator<char> > const&, Dpr::UI::UIBag_Displayclass144_o*)
 *fill*         0x000000000000300c        0x4 
 .text._Z14socket_log_fmtIJPN3Dpr2UI7UIBag_oEEEvRKNSt7__cxx1112basic_stringIcSt11char_traitsIcESaIcEEEDpT_
                0x0000000000003010      0x10c CMakeFiles/bdspexefs.dir/src/patches/dualslot_incense.cpp.obj
                0x0000000000003010                void socket_log_fmt<Dpr::UI::UIBag_o*>(std::__cxx11::basic_string<char, std::char_traits<char>, std::allocator<char> > const&, Dpr::UI::UIBag_o*)
 *fill*         0x000000000000311c        0x4 
 .text._Z10onSelectedPN3Dpr2UI23UIBag_Displayclass144_oEiP10MethodInfo
                0x0000000000003120      0x340 CMakeFiles/bdspexefs.dir/src/patches/dualslot_incense.cpp.obj
                0x0000000000003120                onSelected(Dpr::UI::UIBag_Displayclass144_o*, int, MethodInfo*)
 .text._Z14socket_log_fmtIJPvEEvRKNSt7__cxx1112basic_stringIcSt11char_traitsIcESaIcEEEDpT_
                0x0000000000003460      0x10c CMakeFiles/bdspexefs.dir/src/patches/dualslot_incense.cpp.obj
                0x0000000000003460                void socket_log_fmt<void*>(std::__cxx11::basic_string<char, std::char_traits<char>, std::allocator<char> > const&, void*)
 *fill*         0x000000000000356c        0x4 
 .text._Z14socket_log_fmtIJP10MethodInfoEEvRKNSt7__cxx1112basic_stringIcSt11char_traitsIcESaIcEEEDpT_
                0x0000000000003570      0x10c CMakeFiles/bdspexefs.dir/src/patches/dualslot_incense.cpp.obj
                0x0000000000003570                void socket_log_fmt<MethodInfo*>(std::__cxx11::basic_string<char, std::char_traits<char>, std::allocator<char> > const&, MethodInfo*)
 *fill*         0x000000000000367c        0x4 
 .text._Z18UseDualSlotIncensePN3Dpr2UI11UIManager_oEPNS0_20UIBag_Displayclass_oE
                0x0000000000003680      0x2e8 CMakeFiles/bdspexefs.dir/src/patches/dualslot_incense.cpp.obj
                0x0000000000003680                UseDualSlotIncense(Dpr::UI::UIManager_o*, Dpr::UI::UIBag_Displayclass_o*)
 *fill*         0x0000000000003968        0x8 
 .text._Z25UIManager_UseDSPlayerItemPN3Dpr2UI11UIManager_oEPNS0_20UIBag_Displayclass_oE
                0x0000000000003970       0xd4 CMakeFiles/bdspexefs.dir/src/patches/dualslot_incense.cpp.obj
                0x0000000000003970                UIManager_UseDSPlayerItem(Dpr::UI::UIManager_o*, Dpr::UI::UIBag_Displayclass_o*)
 *fill*         0x0000000000003a44        0xc 
 .text._Z18setSubProcForSetupPN3Dpr6Battle5Logic12MainModule_oEPNS1_20BATTLE_SETUP_PARAM_oEP10MethodInfo
                0x0000000000003a50      0x108 CMakeFiles/bdspexefs.dir/src/patches/dynamax.cpp.obj
                0x0000000000003a50                setSubProcForSetup(Dpr::Battle::Logic::MainModule_o*, Dpr::Battle::Logic::BATTLE_SETUP_PARAM_o*, MethodInfo*)
 *fill*         0x0000000000003b58        0x8 
 .text._Z19setup_raid_srcPartyPN3Dpr6Battle5Logic12MainModule_oEP10MethodInfo
                0x0000000000003b60       0xa0 CMakeFiles/bdspexefs.dir/src/patches/dynamax.cpp.obj
                0x0000000000003b60                setup_raid_srcParty(Dpr::Battle::Logic::MainModule_o*, MethodInfo*)
 .text._Z23setup_raid_trainerParamPN3Dpr6Battle5Logic12MainModule_oEP10MethodInfo
                0x0000000000003c00       0xa0 CMakeFiles/bdspexefs.dir/src/patches/dynamax.cpp.obj
                0x0000000000003c00                setup_raid_trainerParam(Dpr::Battle::Logic::MainModule_o*, MethodInfo*)
 .text._Z22setSrcPartyToBattleEnvPN3Dpr6Battle5Logic12MainModule_oEPNS1_11BattleEnv_oEhbP10MethodInfo
                0x0000000000003ca0       0xd0 CMakeFiles/bdspexefs.dir/src/patches/dynamax.cpp.obj
                0x0000000000003ca0                setSrcPartyToBattleEnv(Dpr::Battle::Logic::MainModule_o*, Dpr::Battle::Logic::BattleEnv_o*, unsigned char, bool, MethodInfo*)
 .text._Z28BATTLE_SETUP_WildForceDoublePN3Dpr6Battle5Logic20BATTLE_SETUP_PARAM_oEPN3Pml11PokeParty_oES6_iPNS1_21BTL_FIELD_SITUATION_oEiP10MethodInfo
                0x0000000000003d70      0x180 CMakeFiles/bdspexefs.dir/src/patches/dynamax.cpp.obj
                0x0000000000003d70                BATTLE_SETUP_WildForceDouble(Dpr::Battle::Logic::BATTLE_SETUP_PARAM_o*, Pml::PokeParty_o*, Pml::PokeParty_o*, int, Dpr::Battle::Logic::BTL_FIELD_SITUATION_o*, int, MethodInfo*)
 .text._Z18expandPokePos_raidPN3Dpr6Battle5Logic11ExPokePos_oEPNS1_24ExPokePos_ExpandResult_oEhP10MethodInfo
                0x0000000000003ef0       0xb8 CMakeFiles/bdspexefs.dir/src/patches/dynamax.cpp.obj
                0x0000000000003ef0                expandPokePos_raid(Dpr::Battle::Logic::ExPokePos_o*, Dpr::Battle::Logic::ExPokePos_ExpandResult_o*, unsigned char, MethodInfo*)
 *fill*         0x0000000000003fa8        0x8 
 .text._Z12FUN_00047b1cv
                0x0000000000003fb0       0x88 CMakeFiles/bdspexefs.dir/src/patches/dynamax.cpp.obj
                0x0000000000003fb0                FUN_00047b1c()
 *fill*         0x0000000000004038        0x8 
 .text._Z12LoadFromFilePN6System6StringEP10MethodInfo
                0x0000000000004040       0x8c CMakeFiles/bdspexefs.dir/src/patches/dynamax.cpp.obj
                0x0000000000004040                LoadFromFile(System::String*, MethodInfo*)
 *fill*         0x00000000000040cc        0x4 
 .text._Z14socket_log_fmtIJPFvPN3Dpr6Battle5Logic20BATTLE_SETUP_PARAM_oEPN3Pml11PokeParty_oES7_iPNS2_21BTL_FIELD_SITUATION_oEiP10MethodInfoEEEvRKNSt7__cxx1112basic_stringIcSt11char_traitsIcESaIcEEEDpT_
                0x00000000000040d0      0x10c CMakeFiles/bdspexefs.dir/src/patches/dynamax.cpp.obj
                0x00000000000040d0                void socket_log_fmt<void (*)(Dpr::Battle::Logic::BATTLE_SETUP_PARAM_o*, Pml::PokeParty_o*, Pml::PokeParty_o*, int, Dpr::Battle::Logic::BTL_FIELD_SITUATION_o*, int, MethodInfo*)>(std::__cxx11::basic_string<char, std::char_traits<char>, std::allocator<char> > const&, void (*)(Dpr::Battle::Logic::BATTLE_SETUP_PARAM_o*, Pml::PokeParty_o*, Pml::PokeParty_o*, int, Dpr::Battle::Logic::BTL_FIELD_SITUATION_o*, int, MethodInfo*))
 *fill*         0x00000000000041dc        0x4 
 .text._Z14socket_log_fmtIJPFvPN3Dpr6Battle5Logic20BATTLE_SETUP_PARAM_oEiiP10MethodInfoEEEvRKNSt7__cxx1112basic_stringIcSt11char_traitsIcESaIcEEEDpT_
                0x00000000000041e0      0x10c CMakeFiles/bdspexefs.dir/src/patches/dynamax.cpp.obj
                0x00000000000041e0                void socket_log_fmt<void (*)(Dpr::Battle::Logic::BATTLE_SETUP_PARAM_o*, int, int, MethodInfo*)>(std::__cxx11::basic_string<char, std::char_traits<char>, std::allocator<char> > const&, void (*)(Dpr::Battle::Logic::BATTLE_SETUP_PARAM_o*, int, int, MethodInfo*))
 *fill*         0x00000000000042ec        0x4 
 .text._Z14socket_log_fmtIJMN3Pml11PokeParty_oEFvPS1_P10MethodInfoEEEvRKNSt7__cxx1112basic_stringIcSt11char_traitsIcESaIcEEEDpT_
                0x00000000000042f0      0x120 CMakeFiles/bdspexefs.dir/src/patches/dynamax.cpp.obj
                0x00000000000042f0                void socket_log_fmt<void (Pml::PokeParty_o::*)(Pml::PokeParty_o*, MethodInfo*)>(std::__cxx11::basic_string<char, std::char_traits<char>, std::allocator<char> > const&, void (Pml::PokeParty_o::*)(Pml::PokeParty_o*, MethodInfo*))
 .text._Z14socket_log_fmtIJPN3Dpr6Battle5Logic14RaidBossDesc_oEEEvRKNSt7__cxx1112basic_stringIcSt11char_traitsIcESaIcEEEDpT_
                0x0000000000004410      0x10c CMakeFiles/bdspexefs.dir/src/patches/dynamax.cpp.obj
                0x0000000000004410                void socket_log_fmt<Dpr::Battle::Logic::RaidBossDesc_o*>(std::__cxx11::basic_string<char, std::char_traits<char>, std::allocator<char> > const&, Dpr::Battle::Logic::RaidBossDesc_o*)
 *fill*         0x000000000000451c        0x4 
 .text._Z14socket_log_fmtIJmEEvRKNSt7__cxx1112basic_stringIcSt11char_traitsIcESaIcEEEDpT_
                0x0000000000004520      0x10c CMakeFiles/bdspexefs.dir/src/patches/dynamax.cpp.obj
                0x0000000000004520                void socket_log_fmt<unsigned long>(std::__cxx11::basic_string<char, std::char_traits<char>, std::allocator<char> > const&, unsigned long)
 *fill*         0x000000000000462c        0x4 
 .text._Z14socket_log_fmtIJPN3Pml11PokeParty_oEEEvRKNSt7__cxx1112basic_stringIcSt11char_traitsIcESaIcEEEDpT_
                0x0000000000004630      0x10c CMakeFiles/bdspexefs.dir/src/patches/dynamax.cpp.obj
                0x0000000000004630                void socket_log_fmt<Pml::PokeParty_o*>(std::__cxx11::basic_string<char, std::char_traits<char>, std::allocator<char> > const&, Pml::PokeParty_o*)
 *fill*         0x000000000000473c        0x4 
 .text._Z17BATTLE_SETUP_WildPN3Dpr6Battle5Logic20BATTLE_SETUP_PARAM_oEPN3Pml11PokeParty_oES6_iPNS1_21BTL_FIELD_SITUATION_oEiP10MethodInfo
                0x0000000000004740      0x424 CMakeFiles/bdspexefs.dir/src/patches/dynamax.cpp.obj
                0x0000000000004740                BATTLE_SETUP_Wild(Dpr::Battle::Logic::BATTLE_SETUP_PARAM_o*, Pml::PokeParty_o*, Pml::PokeParty_o*, int, Dpr::Battle::Logic::BTL_FIELD_SITUATION_o*, int, MethodInfo*)
 *fill*         0x0000000000004b64        0xc 
 .text._Z14socket_log_fmtIJhEEvRKNSt7__cxx1112basic_stringIcSt11char_traitsIcESaIcEEEDpT_
                0x0000000000004b70      0x10c CMakeFiles/bdspexefs.dir/src/patches/dynamax.cpp.obj
                0x0000000000004b70                void socket_log_fmt<unsigned char>(std::__cxx11::basic_string<char, std::char_traits<char>, std::allocator<char> > const&, unsigned char)
 *fill*         0x0000000000004c7c        0x4 
 .text._Z20GetClientCoverPosNumihiP10MethodInfo
                0x0000000000004c80      0x1a8 CMakeFiles/bdspexefs.dir/src/patches/dynamax.cpp.obj
                0x0000000000004c80                GetClientCoverPosNum(int, unsigned char, int, MethodInfo*)
 *fill*         0x0000000000004e28        0x8 
 .text._Z13displayPower1P18BoxStatusPanelUI_oP10MethodInfo
                0x0000000000004e30       0x30 CMakeFiles/bdspexefs.dir/src/patches/ev_iv_ui.cpp.obj
                0x0000000000004e30                displayPower1(BoxStatusPanelUI_o*, MethodInfo*)
 .text._Z13displayPower2P18BoxStatusPanelUI_oP10MethodInfo
                0x0000000000004e60       0x30 CMakeFiles/bdspexefs.dir/src/patches/ev_iv_ui.cpp.obj
                0x0000000000004e60                displayPower2(BoxStatusPanelUI_o*, MethodInfo*)
 .text._Z19displaySummaryPowerP15StatusPanelUI_oP10MethodInfo
                0x0000000000004e90       0x38 CMakeFiles/bdspexefs.dir/src/patches/ev_iv_ui.cpp.obj
                0x0000000000004e90                displaySummaryPower(StatusPanelUI_o*, MethodInfo*)
 *fill*         0x0000000000004ec8        0x8 
 .text._Z38Dpr_UI_BoxStatusPanel_GetJudgeTextCodeP23Dpr_UI_BoxStatusPanel_oPN3Pml8PokePara9CoreParamEiP10MethodInfo
                0x0000000000004ed0       0x80 CMakeFiles/bdspexefs.dir/src/patches/ev_iv_ui.cpp.obj
                0x0000000000004ed0                Dpr_UI_BoxStatusPanel_GetJudgeTextCode(Dpr_UI_BoxStatusPanel_o*, Pml::PokePara::CoreParam*, int, MethodInfo*)
 .text._Z14socket_log_fmtIJjEEvRKNSt7__cxx1112basic_stringIcSt11char_traitsIcESaIcEEEDpT_
                0x0000000000004f50      0x10c CMakeFiles/bdspexefs.dir/src/patches/everlasting_candies.cpp.obj
                0x0000000000004f50                void socket_log_fmt<unsigned int>(std::__cxx11::basic_string<char, std::char_traits<char>, std::allocator<char> > const&, unsigned int)
 *fill*         0x000000000000505c        0x4 
 .text._Z16isValidRareCandyjPN3Dpr2UI7UIBag_oE
                0x0000000000005060      0x354 CMakeFiles/bdspexefs.dir/src/patches/everlasting_candies.cpp.obj
                0x0000000000005060                isValidRareCandy(unsigned int, Dpr::UI::UIBag_o*)
 *fill*         0x00000000000053b4        0xc 
 .text._Z16ItemWork_SubItemiiP10MethodInfo
                0x00000000000053c0      0x120 CMakeFiles/bdspexefs.dir/src/patches/everlasting_candies.cpp.obj
                0x00000000000053c0                ItemWork_SubItem(int, int, MethodInfo*)
 .text._Z14socket_log_fmtIJPN3Dpr6Battle5Logic15BTL_POKEPARAM_oEEEvRKNSt7__cxx1112basic_stringIcSt11char_traitsIcESaIcEEEDpT_
                0x00000000000054e0      0x10c CMakeFiles/bdspexefs.dir/src/patches/exp_share_item.cpp.obj
                0x00000000000054e0                void socket_log_fmt<Dpr::Battle::Logic::BTL_POKEPARAM_o*>(std::__cxx11::basic_string<char, std::char_traits<char>, std::allocator<char> > const&, Dpr::Battle::Logic::BTL_POKEPARAM_o*)
 *fill*         0x00000000000055ec        0x4 
 .text._Z14socket_log_fmtIJMN3Dpr6Battle5Logic15BTL_POKEPARAM_oEFbhP10MethodInfoEEEvRKNSt7__cxx1112basic_stringIcSt11char_traitsIcESaIcEEEDpT_
                0x00000000000055f0      0x120 CMakeFiles/bdspexefs.dir/src/patches/exp_share_item.cpp.obj
                0x00000000000055f0                void socket_log_fmt<bool (Dpr::Battle::Logic::BTL_POKEPARAM_o::*)(unsigned char, MethodInfo*)>(std::__cxx11::basic_string<char, std::char_traits<char>, std::allocator<char> > const&, bool (Dpr::Battle::Logic::BTL_POKEPARAM_o::*)(unsigned char, MethodInfo*))
 .text._Z14socket_log_fmtIJMN3Dpr6Battle5Logic15BTL_POKEPARAM_oEFtP10MethodInfoEEEvRKNSt7__cxx1112basic_stringIcSt11char_traitsIcESaIcEEEDpT_
                0x0000000000005710      0x120 CMakeFiles/bdspexefs.dir/src/patches/exp_share_item.cpp.obj
                0x0000000000005710                void socket_log_fmt<unsigned short (Dpr::Battle::Logic::BTL_POKEPARAM_o::*)(MethodInfo*)>(std::__cxx11::basic_string<char, std::char_traits<char>, std::allocator<char> > const&, unsigned short (Dpr::Battle::Logic::BTL_POKEPARAM_o::*)(MethodInfo*))
 .text._Z20CONFRONT_REC_IsMatchPN3Dpr6Battle5Logic15BTL_POKEPARAM_oEhS3_
                0x0000000000005830      0x284 CMakeFiles/bdspexefs.dir/src/patches/exp_share_item.cpp.obj
                0x0000000000005830                CONFRONT_REC_IsMatch(Dpr::Battle::Logic::BTL_POKEPARAM_o*, unsigned char, Dpr::Battle::Logic::BTL_POKEPARAM_o*)
 *fill*         0x0000000000005ab4        0xc 
 .text._Z24FormAdd_InitialSpec_ctorPN3Pml8PokePara13InitialSpec_oEPN3Dpr8EvScript15EvDataManager_oE
                0x0000000000005ac0       0x68 CMakeFiles/bdspexefs.dir/src/patches/form_add_pokemon.cpp.obj
                0x0000000000005ac0                FormAdd_InitialSpec_ctor(Pml::PokePara::InitialSpec_o*, Dpr::EvScript::EvDataManager_o*)
 *fill*         0x0000000000005b28        0x8 
 .text._Z24DecideFormNoFromHoldItemijPtP10MethodInfo
                0x0000000000005b30       0x5c CMakeFiles/bdspexefs.dir/src/patches/form_change.cpp.obj
                0x0000000000005b30                DecideFormNoFromHoldItem(int, unsigned int, unsigned short*, MethodInfo*)
 *fill*         0x0000000000005b8c        0x4 
 .text._Z24CheckUnbreakablePokeItemttP10MethodInfo
                0x0000000000005b90       0x2c CMakeFiles/bdspexefs.dir/src/patches/form_change.cpp.obj
                0x0000000000005b90                CheckUnbreakablePokeItem(unsigned short, unsigned short, MethodInfo*)
 *fill*         0x0000000000005bbc        0x4 
 .text._Z11GetCatalogsPN3Dpr2UI11ZukanInfo_oEiibP10MethodInfo
                0x0000000000005bc0       0xf8 CMakeFiles/bdspexefs.dir/src/patches/form_insertion_debug.cpp.obj
                0x0000000000005bc0                GetCatalogs(Dpr::UI::ZukanInfo_o*, int, int, bool, MethodInfo*)
 *fill*         0x0000000000005cb8        0x8 
 .text._Z7getRnd1i
                0x0000000000005cc0       0x20 CMakeFiles/bdspexefs.dir/src/patches/frisk.cpp.obj
                0x0000000000005cc0                getRnd1(int)
 .text._Z34AddList_ShopBoutiqueItemItem_ParamPN6System11Collections7Generic33List_ShopBoutiqueItemItem_Param_oEi
                0x0000000000005ce0       0x74 CMakeFiles/bdspexefs.dir/src/patches/gender_neutral_boutique.cpp.obj
                0x0000000000005ce0                AddList_ShopBoutiqueItemItem_Param(System::Collections::Generic::List_ShopBoutiqueItemItem_Param_o*, int)
 *fill*         0x0000000000005d54        0xc 
 .text._Z49Dpr_UI_ShopBoutiqueChange_SetupBoutiqueItemParamsPN6System11Collections7Generic33List_ShopBoutiqueItemItem_Param_oEP10MethodInfo
                0x0000000000005d60       0x64 CMakeFiles/bdspexefs.dir/src/patches/gender_neutral_boutique.cpp.obj
                0x0000000000005d60                Dpr_UI_ShopBoutiqueChange_SetupBoutiqueItemParams(System::Collections::Generic::List_ShopBoutiqueItemItem_Param_o*, MethodInfo*)
 *fill*         0x0000000000005dc4        0xc 
 .text._Z22WazaDataSystem_GetTypeiPN3Pml8PokePara9CoreParamE
                0x0000000000005dd0      0x168 CMakeFiles/bdspexefs.dir/src/patches/hidden_power_ui.cpp.obj
                0x0000000000005dd0                WazaDataSystem_GetType(int, Pml::PokePara::CoreParam*)
 *fill*         0x0000000000005f38        0x8 
 .text._Z16WAZADATA_GetTypeiPN3Dpr6Battle5Logic15BTL_POKEPARAM_oE
                0x0000000000005f40       0xac CMakeFiles/bdspexefs.dir/src/patches/hidden_power_ui.cpp.obj
                0x0000000000005f40                WAZADATA_GetType(int, Dpr::Battle::Logic::BTL_POKEPARAM_o*)
 *fill*         0x0000000000005fec        0x4 
 .text._Z30WazaManageSubWazaPanel_GetTypeiP10MethodInfo
                0x0000000000005ff0       0x98 CMakeFiles/bdspexefs.dir/src/patches/hidden_power_ui.cpp.obj
                0x0000000000005ff0                WazaManageSubWazaPanel_GetType(int, MethodInfo*)
 *fill*         0x0000000000006088        0x8 
 .text._Z37WazaManagePokemonStausPanel_GetWazaNoPN3Pml8PokePara9CoreParamEhP10MethodInfo
                0x0000000000006090      0x188 CMakeFiles/bdspexefs.dir/src/patches/hidden_power_ui.cpp.obj
                0x0000000000006090                WazaManagePokemonStausPanel_GetWazaNo(Pml::PokePara::CoreParam*, unsigned char, MethodInfo*)
 *fill*         0x0000000000006218        0x8 
 .text._Z19HoneyWork_GetMonsNoiiP10MethodInfo
                0x0000000000006220       0x50 CMakeFiles/bdspexefs.dir/src/patches/honeywork.cpp.obj
                0x0000000000006220                HoneyWork_GetMonsNo(int, int, MethodInfo*)
 .text._Z18HoneyWork_GetLeveliiP10MethodInfo
                0x0000000000006270       0x20 CMakeFiles/bdspexefs.dir/src/patches/honeywork.cpp.obj
                0x0000000000006270                HoneyWork_GetLevel(int, int, MethodInfo*)
 .text._Z27setup_alone_double_multi_04P29Dpr_Battle_Logic_MainModule_oPiP10MethodInfo
                0x0000000000006290        0x4 CMakeFiles/bdspexefs.dir/src/patches/incense_double_battle.cpp.obj
                0x0000000000006290                setup_alone_double_multi_04(Dpr_Battle_Logic_MainModule_o*, int*, MethodInfo*)
 *fill*         0x0000000000006294        0xc 
 .text._Z27BATTLE_SETUP_Wild_DBIncensePN3Dpr6Battle5Logic20BATTLE_SETUP_PARAM_oEPN3Pml11PokeParty_oES6_iPNS1_21BTL_FIELD_SITUATION_oEiP10MethodInfo
                0x00000000000062a0       0xf8 CMakeFiles/bdspexefs.dir/src/patches/incense_double_battle.cpp.obj
                0x00000000000062a0                BATTLE_SETUP_Wild_DBIncense(Dpr::Battle::Logic::BATTLE_SETUP_PARAM_o*, Pml::PokeParty_o*, Pml::PokeParty_o*, int, Dpr::Battle::Logic::BTL_FIELD_SITUATION_o*, int, MethodInfo*)
 *fill*         0x0000000000006398        0x8 
 .text._Z11SkipTMBreakPN3Dpr2UI5UIBag15DisplayClass130EP10MethodInfo
                0x00000000000063a0        0xc CMakeFiles/bdspexefs.dir/src/patches/infinitetms.cpp.obj
                0x00000000000063a0                SkipTMBreak(Dpr::UI::UIBag::DisplayClass130*, MethodInfo*)
 *fill*         0x00000000000063ac        0x4 
 .text._Z43Dpr_UI_UIMsgWindowController_CloseMsgWindowPN3Dpr2UI21UIMsgWindowControllerEP10MethodInfo
                0x00000000000063b0        0x4 CMakeFiles/bdspexefs.dir/src/patches/infinitetms.cpp.obj
                0x00000000000063b0                Dpr_UI_UIMsgWindowController_CloseMsgWindow(Dpr::UI::UIMsgWindowController*, MethodInfo*)
 *fill*         0x00000000000063b4        0xc 
 .text._Z11getMaxLevelv
                0x00000000000063c0       0x2c CMakeFiles/bdspexefs.dir/src/patches/level_cap.cpp.obj
                0x00000000000063c0                getMaxLevel()
 *fill*         0x00000000000063ec        0x4 
 .text._Z45Dpr_Battle_Logic_Exp_getexp_calc_adjust_leveljttP10MethodInfo
                0x00000000000063f0       0xf4 CMakeFiles/bdspexefs.dir/src/patches/level_cap.cpp.obj
                0x00000000000063f0                Dpr_Battle_Logic_Exp_getexp_calc_adjust_level(unsigned int, unsigned short, unsigned short, MethodInfo*)
 *fill*         0x00000000000064e4        0xc 
 .text._Z15HandlerJumpKickPPN3Dpr6Battle5Logic30EventFactor_EventHandlerArgs_oEhP10MethodInfo
                0x00000000000064f0       0xe4 CMakeFiles/bdspexefs.dir/src/patches/move_handlers.cpp.obj
                0x00000000000064f0                HandlerJumpKick(Dpr::Battle::Logic::EventFactor_EventHandlerArgs_o**, unsigned char, MethodInfo*)
 *fill*         0x00000000000065d4        0xc 
 .text._Z13HandlerReturnPPN3Dpr6Battle5Logic30EventFactor_EventHandlerArgs_oEhP10MethodInfo
                0x00000000000065e0       0x74 CMakeFiles/bdspexefs.dir/src/patches/move_handlers.cpp.obj
                0x00000000000065e0                HandlerReturn(Dpr::Battle::Logic::EventFactor_EventHandlerArgs_o**, unsigned char, MethodInfo*)
 *fill*         0x0000000000006654        0xc 
 .text._Z18HandlerFrustrationPPN3Dpr6Battle5Logic30EventFactor_EventHandlerArgs_oEhP10MethodInfo
                0x0000000000006660       0x78 CMakeFiles/bdspexefs.dir/src/patches/move_handlers.cpp.obj
                0x0000000000006660                HandlerFrustration(Dpr::Battle::Logic::EventFactor_EventHandlerArgs_o**, unsigned char, MethodInfo*)
 *fill*         0x00000000000066d8        0x8 
 .text._Z18CreateEventHandlertPFvvE
                0x00000000000066e0       0x74 CMakeFiles/bdspexefs.dir/src/patches/move_handlers.cpp.obj
                0x00000000000066e0                CreateEventHandler(unsigned short, void (*)())
 *fill*         0x0000000000006754        0xc 
 .text._Z12ADD_JumpKickP10MethodInfo
                0x0000000000006760       0x64 CMakeFiles/bdspexefs.dir/src/patches/move_handlers.cpp.obj
                0x0000000000006760                ADD_JumpKick(MethodInfo*)
 *fill*         0x00000000000067c4        0xc 
 .text._Z10ADD_ReturnP10MethodInfo
                0x00000000000067d0       0x68 CMakeFiles/bdspexefs.dir/src/patches/move_handlers.cpp.obj
                0x00000000000067d0                ADD_Return(MethodInfo*)
 *fill*         0x0000000000006838        0x8 
 .text._Z15ADD_FrustrationP10MethodInfo
                0x0000000000006840       0x68 CMakeFiles/bdspexefs.dir/src/patches/move_handlers.cpp.obj
                0x0000000000006840                ADD_Frustration(MethodInfo*)
 *fill*         0x00000000000068a8        0x8 
 .text._Z22AddGET_FUNC_TABLE_ELEMPN6System5ArrayIN3Dpr6Battle5Logic7Handler26Waza_GET_FUNC_TABLE_ELEM_oEEEPjiPFvvE
                0x00000000000068b0       0x88 CMakeFiles/bdspexefs.dir/src/patches/move_handlers.cpp.obj
                0x00000000000068b0                AddGET_FUNC_TABLE_ELEM(System::Array<Dpr::Battle::Logic::Handler::Waza_GET_FUNC_TABLE_ELEM_o>*, unsigned int*, int, void (*)())
 *fill*         0x0000000000006938        0x8 
 .text._Z20CreateGET_FUNC_TABLEPvj
                0x0000000000006940       0x74 CMakeFiles/bdspexefs.dir/src/patches/move_handlers.cpp.obj
                0x0000000000006940                CreateGET_FUNC_TABLE(void*, unsigned int)
 *fill*         0x00000000000069b4        0xc 
 .text._Z17patchContextMenu2PN6System11Collections7Generic28List_ContextMenuItem_Param_oEPN3Dpr2UI23ContextMenuItem_Param_oEPNS5_32PokemonWindow_DisplayClass25_0_oE
                0x00000000000069c0       0xac CMakeFiles/bdspexefs.dir/src/patches/pla_context_menu.cpp.obj
                0x00000000000069c0                patchContextMenu2(System::Collections::Generic::List_ContextMenuItem_Param_o*, Dpr::UI::ContextMenuItem_Param_o*, Dpr::UI::PokemonWindow_DisplayClass25_0_o*)
 *fill*         0x0000000000006a6c        0x4 
 .text._Z52EvDataManager_EvCmdCallWazaOmoidashiUi_b__1539_0OrigPN3Dpr8EvScript15EvDataManager_oEiiP10MethodInfo
                0x0000000000006a70        0x4 CMakeFiles/bdspexefs.dir/src/patches/pla_context_menu.cpp.obj
                0x0000000000006a70                EvDataManager_EvCmdCallWazaOmoidashiUi_b__1539_0Orig(Dpr::EvScript::EvDataManager_o*, int, int, MethodInfo*)
 *fill*         0x0000000000006a74        0xc 
 .text._Z39EvCmdCallWazaOshieUi_b__0_getMethodInfov
                0x0000000000006a80       0x40 CMakeFiles/bdspexefs.dir/src/patches/pla_context_menu.cpp.obj
                0x0000000000006a80                EvCmdCallWazaOshieUi_b__0_getMethodInfo()
 .text._Z48EvCmdCallWazaOmoidashiUi_b__1539_0_getMethodInfov
                0x0000000000006ac0       0x44 CMakeFiles/bdspexefs.dir/src/patches/pla_context_menu.cpp.obj
                0x0000000000006ac0                EvCmdCallWazaOmoidashiUi_b__1539_0_getMethodInfo()
 *fill*         0x0000000000006b04        0xc 
 .text._Z18IsPushButton_PatchPN3Dpr2UI10UIWindow_oEibP10MethodInfo
                0x0000000000006b10       0x38 CMakeFiles/bdspexefs.dir/src/patches/pla_context_menu.cpp.obj
                0x0000000000006b10                IsPushButton_Patch(Dpr::UI::UIWindow_o*, int, bool, MethodInfo*)
 *fill*         0x0000000000006b48        0x8 
 .text._Z14socket_log_fmtIJPP10MethodInfoEEvRKNSt7__cxx1112basic_stringIcSt11char_traitsIcESaIcEEEDpT_
                0x0000000000006b50      0x10c CMakeFiles/bdspexefs.dir/src/patches/pla_context_menu.cpp.obj
                0x0000000000006b50                void socket_log_fmt<MethodInfo**>(std::__cxx11::basic_string<char, std::char_traits<char>, std::allocator<char> > const&, MethodInfo**)
 *fill*         0x0000000000006c5c        0x4 
 .text._Z14socket_log_fmtIJMN3Dpr2UI23ContextMenuItem_Param_oEFvvEEEvRKNSt7__cxx1112basic_stringIcSt11char_traitsIcESaIcEEEDpT_
                0x0000000000006c60      0x120 CMakeFiles/bdspexefs.dir/src/patches/pla_context_menu.cpp.obj
                0x0000000000006c60                void socket_log_fmt<void (Dpr::UI::ContextMenuItem_Param_o::*)()>(std::__cxx11::basic_string<char, std::char_traits<char>, std::allocator<char> > const&, void (Dpr::UI::ContextMenuItem_Param_o::*)())
 .text._Z16patchContextMenuPvPN6System11Collections7Generic28List_ContextMenuItem_Param_oE
                0x0000000000006d80      0x324 CMakeFiles/bdspexefs.dir/src/patches/pla_context_menu.cpp.obj
                0x0000000000006d80                patchContextMenu(void*, System::Collections::Generic::List_ContextMenuItem_Param_o*)
 *fill*         0x00000000000070a4        0xc 
 .text._Z14socket_log_fmtIJPN3Dpr8EvScript34EvDataManager_DisplayClass1541_0_oEEEvRKNSt7__cxx1112basic_stringIcSt11char_traitsIcESaIcEEEDpT_
                0x00000000000070b0      0x10c CMakeFiles/bdspexefs.dir/src/patches/pla_context_menu.cpp.obj
                0x00000000000070b0                void socket_log_fmt<Dpr::EvScript::EvDataManager_DisplayClass1541_0_o*>(std::__cxx11::basic_string<char, std::char_traits<char>, std::allocator<char> > const&, Dpr::EvScript::EvDataManager_DisplayClass1541_0_o*)
 *fill*         0x00000000000071bc        0x4 
 .text._Z39EvDataManager_EvCmdCallWazaOshieUi_b__0PN3Dpr8EvScript34EvDataManager_DisplayClass1541_0_oEiiP10MethodInfo
                0x00000000000071c0      0x21c CMakeFiles/bdspexefs.dir/src/patches/pla_context_menu.cpp.obj
                0x00000000000071c0                EvDataManager_EvCmdCallWazaOshieUi_b__0(Dpr::EvScript::EvDataManager_DisplayClass1541_0_o*, int, int, MethodInfo*)
 *fill*         0x00000000000073dc        0x4 
 .text._Z14socket_log_fmtIJPN3Dpr8EvScript15EvDataManager_oEEEvRKNSt7__cxx1112basic_stringIcSt11char_traitsIcESaIcEEEDpT_
                0x00000000000073e0      0x10c CMakeFiles/bdspexefs.dir/src/patches/pla_context_menu.cpp.obj
                0x00000000000073e0                void socket_log_fmt<Dpr::EvScript::EvDataManager_o*>(std::__cxx11::basic_string<char, std::char_traits<char>, std::allocator<char> > const&, Dpr::EvScript::EvDataManager_o*)
 *fill*         0x00000000000074ec        0x4 
 .text._Z14socket_log_fmtIJMN3Pml8PokePara9CoreParamEFiiP10MethodInfoEEEvRKNSt7__cxx1112basic_stringIcSt11char_traitsIcESaIcEEEDpT_
                0x00000000000074f0      0x120 CMakeFiles/bdspexefs.dir/src/patches/pla_context_menu.cpp.obj
                0x00000000000074f0                void socket_log_fmt<int (Pml::PokePara::CoreParam::*)(int, MethodInfo*)>(std::__cxx11::basic_string<char, std::char_traits<char>, std::allocator<char> > const&, int (Pml::PokePara::CoreParam::*)(int, MethodInfo*))
 .text._Z14socket_log_fmtIJPPvEEvRKNSt7__cxx1112basic_stringIcSt11char_traitsIcESaIcEEEDpT_
                0x0000000000007610      0x10c CMakeFiles/bdspexefs.dir/src/patches/pla_context_menu.cpp.obj
                0x0000000000007610                void socket_log_fmt<void**>(std::__cxx11::basic_string<char, std::char_traits<char>, std::allocator<char> > const&, void**)
 *fill*         0x000000000000771c        0x4 
 .text._Z14socket_log_fmtIJMN3Dpr8EvScript34EvDataManager_DisplayClass1541_0_oEFvP10MethodInfoEEEvRKNSt7__cxx1112basic_stringIcSt11char_traitsIcESaIcEEEDpT_
                0x0000000000007720      0x120 CMakeFiles/bdspexefs.dir/src/patches/pla_context_menu.cpp.obj
                0x0000000000007720                void socket_log_fmt<void (Dpr::EvScript::EvDataManager_DisplayClass1541_0_o::*)(MethodInfo*)>(std::__cxx11::basic_string<char, std::char_traits<char>, std::allocator<char> > const&, void (Dpr::EvScript::EvDataManager_DisplayClass1541_0_o::*)(MethodInfo*))
 .text._Z14socket_log_fmtIJP31System_Action_WazaNo__WazaNo__oEEvRKNSt7__cxx1112basic_stringIcSt11char_traitsIcESaIcEEEDpT_
                0x0000000000007840      0x10c CMakeFiles/bdspexefs.dir/src/patches/pla_context_menu.cpp.obj
                0x0000000000007840                void socket_log_fmt<System_Action_WazaNo__WazaNo__o*>(std::__cxx11::basic_string<char, std::char_traits<char>, std::allocator<char> > const&, System_Action_WazaNo__WazaNo__o*)
 *fill*         0x000000000000794c        0x4 
 .text._Z14socket_log_fmtIJPN3Dpr2UI20UIWazaManage_Param_oEEEvRKNSt7__cxx1112basic_stringIcSt11char_traitsIcESaIcEEEDpT_
                0x0000000000007950      0x10c CMakeFiles/bdspexefs.dir/src/patches/pla_context_menu.cpp.obj
                0x0000000000007950                void socket_log_fmt<Dpr::UI::UIWazaManage_Param_o*>(std::__cxx11::basic_string<char, std::char_traits<char>, std::allocator<char> > const&, Dpr::UI::UIWazaManage_Param_o*)
 *fill*         0x0000000000007a5c        0x4 
 .text._Z14socket_log_fmtIJPFPvP10MethodInfoEEEvRKNSt7__cxx1112basic_stringIcSt11char_traitsIcESaIcEEEDpT_
                0x0000000000007a60      0x10c CMakeFiles/bdspexefs.dir/src/patches/pla_context_menu.cpp.obj
                0x0000000000007a60                void socket_log_fmt<void* (*)(MethodInfo*)>(std::__cxx11::basic_string<char, std::char_traits<char>, std::allocator<char> > const&, void* (*)(MethodInfo*))
 *fill*         0x0000000000007b6c        0x4 
 .text._Z14socket_log_fmtIJPN3Dpr2UI11UIManager_oEEEvRKNSt7__cxx1112basic_stringIcSt11char_traitsIcESaIcEEEDpT_
                0x0000000000007b70      0x10c CMakeFiles/bdspexefs.dir/src/patches/pla_context_menu.cpp.obj
                0x0000000000007b70                void socket_log_fmt<Dpr::UI::UIManager_o*>(std::__cxx11::basic_string<char, std::char_traits<char>, std::allocator<char> > const&, Dpr::UI::UIManager_o*)
 *fill*         0x0000000000007c7c        0x4 
 .text._Z14socket_log_fmtIJMN3Dpr2UI11UIManager_oEFPv10UIWindowIDP10MethodInfoEEEvRKNSt7__cxx1112basic_stringIcSt11char_traitsIcESaIcEEEDpT_
                0x0000000000007c80      0x120 CMakeFiles/bdspexefs.dir/src/patches/pla_context_menu.cpp.obj
                0x0000000000007c80                void socket_log_fmt<void* (Dpr::UI::UIManager_o::*)(UIWindowID, MethodInfo*)>(std::__cxx11::basic_string<char, std::char_traits<char>, std::allocator<char> > const&, void* (Dpr::UI::UIManager_o::*)(UIWindowID, MethodInfo*))
 .text._Z14socket_log_fmtIJPN3Dpr2UI14UIWazaManage_oEEEvRKNSt7__cxx1112basic_stringIcSt11char_traitsIcESaIcEEEDpT_
                0x0000000000007da0      0x10c CMakeFiles/bdspexefs.dir/src/patches/pla_context_menu.cpp.obj
                0x0000000000007da0                void socket_log_fmt<Dpr::UI::UIWazaManage_o*>(std::__cxx11::basic_string<char, std::char_traits<char>, std::allocator<char> > const&, Dpr::UI::UIWazaManage_o*)
 *fill*         0x0000000000007eac        0x4 
 .text._Z14socket_log_fmtIJMN3Dpr2UI14UIWazaManage_oEFvNS1_20UIWazaManage_Param_oEP10MethodInfoEEEvRKNSt7__cxx1112basic_stringIcSt11char_traitsIcESaIcEEEDpT_
                0x0000000000007eb0      0x120 CMakeFiles/bdspexefs.dir/src/patches/pla_context_menu.cpp.obj
                0x0000000000007eb0                void socket_log_fmt<void (Dpr::UI::UIWazaManage_o::*)(Dpr::UI::UIWazaManage_Param_o, MethodInfo*)>(std::__cxx11::basic_string<char, std::char_traits<char>, std::allocator<char> > const&, void (Dpr::UI::UIWazaManage_o::*)(Dpr::UI::UIWazaManage_Param_o, MethodInfo*))
 .text._Z48EvDataManager_EvCmdCallWazaOmoidashiUi_b__1539_0PN3Dpr8EvScript15EvDataManager_oEiiP10MethodInfo
                0x0000000000007fd0      0x9b4 CMakeFiles/bdspexefs.dir/src/patches/pla_context_menu.cpp.obj
                0x0000000000007fd0                EvDataManager_EvCmdCallWazaOmoidashiUi_b__1539_0(Dpr::EvScript::EvDataManager_o*, int, int, MethodInfo*)
 *fill*         0x0000000000008984        0xc 
 .text._Z14socket_log_fmtIJPN3Dpr2UI32PokemonWindow_DisplayClass25_0_oEEEvRKNSt7__cxx1112basic_stringIcSt11char_traitsIcESaIcEEEDpT_
                0x0000000000008990      0x10c CMakeFiles/bdspexefs.dir/src/patches/pla_context_menu.cpp.obj
                0x0000000000008990                void socket_log_fmt<Dpr::UI::PokemonWindow_DisplayClass25_0_o*>(std::__cxx11::basic_string<char, std::char_traits<char>, std::allocator<char> > const&, Dpr::UI::PokemonWindow_DisplayClass25_0_o*)
 *fill*         0x0000000000008a9c        0x4 
 .text._Z14socket_log_fmtIJM31System_Action_WazaNo__WazaNo__oFvPvP10MethodInfoS3_EEEvRKNSt7__cxx1112basic_stringIcSt11char_traitsIcESaIcEEEDpT_
                0x0000000000008aa0      0x120 CMakeFiles/bdspexefs.dir/src/patches/pla_context_menu.cpp.obj
                0x0000000000008aa0                void socket_log_fmt<void (System_Action_WazaNo__WazaNo__o::*)(void*, MethodInfo*, MethodInfo*)>(std::__cxx11::basic_string<char, std::char_traits<char>, std::allocator<char> > const&, void (System_Action_WazaNo__WazaNo__o::*)(void*, MethodInfo*, MethodInfo*))
 .text._Z14socket_log_fmtIJPFPN3Dpr8EvScript15EvDataManager_oEP10MethodInfoEEEvRKNSt7__cxx1112basic_stringIcSt11char_traitsIcESaIcEEEDpT_
                0x0000000000008bc0      0x10c CMakeFiles/bdspexefs.dir/src/patches/pla_context_menu.cpp.obj
                0x0000000000008bc0                void socket_log_fmt<Dpr::EvScript::EvDataManager_o* (*)(MethodInfo*)>(std::__cxx11::basic_string<char, std::char_traits<char>, std::allocator<char> > const&, Dpr::EvScript::EvDataManager_o* (*)(MethodInfo*))
 *fill*         0x0000000000008ccc        0x4 
 .text._Z16patchPokemonSwapPN3Dpr2UI32PokemonWindow_DisplayClass25_0_oEP10MethodInfo
                0x0000000000008cd0      0xd2c CMakeFiles/bdspexefs.dir/src/patches/pla_context_menu.cpp.obj
                0x0000000000008cd0                patchPokemonSwap(Dpr::UI::PokemonWindow_DisplayClass25_0_o*, MethodInfo*)
 *fill*         0x00000000000099fc        0x4 
 .text._Z14socket_log_fmtIJPN3Dpr8EvScript33EvDataManager_DisplayClass772_0_oEEEvRKNSt7__cxx1112basic_stringIcSt11char_traitsIcESaIcEEEDpT_
                0x0000000000009a00      0x10c CMakeFiles/bdspexefs.dir/src/patches/pla_context_menu.cpp.obj
                0x0000000000009a00                void socket_log_fmt<Dpr::EvScript::EvDataManager_DisplayClass772_0_o*>(std::__cxx11::basic_string<char, std::char_traits<char>, std::allocator<char> > const&, Dpr::EvScript::EvDataManager_DisplayClass772_0_o*)
 *fill*         0x0000000000009b0c        0x4 
 .text._Z14socket_log_fmtIJPN3Pml8PokePara14PokemonParam_oEEEvRKNSt7__cxx1112basic_stringIcSt11char_traitsIcESaIcEEEDpT_
                0x0000000000009b10      0x10c CMakeFiles/bdspexefs.dir/src/patches/pla_context_menu.cpp.obj