Archive member included to satisfy reference by file (symbol)

/opt/devkitpro/devkitA64/bin/../lib/gcc/aarch64-none-elf/12.1.0/../../../../aarch64-none-elf/lib/pic/libstdc++.a(del_ops.o)
                              CMakeFiles/bdspexefs.dir/src/CoreParam.cpp.obj (operator delete(void*, unsigned long))
/opt/devkitpro/devkitA64/bin/../lib/gcc/aarch64-none-elf/12.1.0/../../../../aarch64-none-elf/lib/pic/libstdc++.a(eh_personality.o)
                              CMakeFiles/bdspexefs.dir/src/CoreParam.cpp.obj (__gxx_personality_v0)
/opt/devkitpro/devkitA64/bin/../lib/gcc/aarch64-none-elf/12.1.0/../../../../aarch64-none-elf/lib/pic/libstdc++.a(eh_terminate.o)
                              /opt/devkitpro/devkitA64/bin/../lib/gcc/aarch64-none-elf/12.1.0/../../../../aarch64-none-elf/lib/pic/libstdc++.a(eh_personality.o) (__cxxabiv1::__terminate(void (*)()))
/opt/devkitpro/devkitA64/bin/../lib/gcc/aarch64-none-elf/12.1.0/../../../../aarch64-none-elf/lib/pic/libstdc++.a(eh_throw.o)
                              /opt/devkitpro/devkitA64/bin/../lib/gcc/aarch64-none-elf/12.1.0/../../../../aarch64-none-elf/lib/pic/libstdc++.a(eh_personality.o) (__cxa_throw)
/opt/devkitpro/devkitA64/bin/../lib/gcc/aarch64-none-elf/12.1.0/../../../../aarch64-none-elf/lib/pic/libstdc++.a(eh_unex_handler.o)
                              /opt/devkitpro/devkitA64/bin/../lib/gcc/aarch64-none-elf/12.1.0/../../../../aarch64-none-elf/lib/pic/libstdc++.a(eh_terminate.o) (__cxxabiv1::__unexpected_handler)
/opt/devkitpro/devkitA64/bin/../lib/gcc/aarch64-none-elf/12.1.0/../../../../aarch64-none-elf/lib/pic/libstdc++.a(functexcept.o)
                              CMakeFiles/bdspexefs.dir/src/CoreParam.cpp.obj (std::__throw_length_error(char const*))
/opt/devkitpro/devkitA64/bin/../lib/gcc/aarch64-none-elf/12.1.0/../../../../aarch64-none-elf/lib/pic/libstdc++.a(bad_alloc.o)
                              /opt/devkitpro/devkitA64/bin/../lib/gcc/aarch64-none-elf/12.1.0/../../../../aarch64-none-elf/lib/pic/libstdc++.a(functexcept.o) (vtable for std::bad_alloc)
/opt/devkitpro/devkitA64/bin/../lib/gcc/aarch64-none-elf/12.1.0/../../../../aarch64-none-elf/lib/pic/libstdc++.a(bad_array_new.o)
                              /opt/devkitpro/devkitA64/bin/../lib/gcc/aarch64-none-elf/12.1.0/../../../../aarch64-none-elf/lib/pic/libstdc++.a(functexcept.o) (vtable for std::bad_array_new_length)
/opt/devkitpro/devkitA64/bin/../lib/gcc/aarch64-none-elf/12.1.0/../../../../aarch64-none-elf/lib/pic/libstdc++.a(bad_cast.o)
                              /opt/devkitpro/devkitA64/bin/../lib/gcc/aarch64-none-elf/12.1.0/../../../../aarch64-none-elf/lib/pic/libstdc++.a(functexcept.o) (vtable for std::bad_cast)
/opt/devkitpro/devkitA64/bin/../lib/gcc/aarch64-none-elf/12.1.0/../../../../aarch64-none-elf/lib/pic/libstdc++.a(bad_typeid.o)
                              /opt/devkitpro/devkitA64/bin/../lib/gcc/aarch64-none-elf/12.1.0/../../../../aarch64-none-elf/lib/pic/libstdc++.a(functexcept.o) (vtable for std::bad_typeid)
/opt/devkitpro/devkitA64/bin/../lib/gcc/aarch64-none-elf/12.1.0/../../../../aarch64-none-elf/lib/pic/libstdc++.a(eh_alloc.o)
                              /opt/devkitpro/devkitA64/bin/../lib/gcc/aarch64-none-elf/12.1.0/../../../../aarch64-none-elf/lib/pic/libstdc++.a(eh_personality.o) (__cxa_allocate_exception)
/opt/devkitpro/devkitA64/bin/../lib/gcc/aarch64-none-elf/12.1.0/../../../../aarch64-none-elf/lib/pic/libstdc++.a(eh_call.o)
                              /opt/devkitpro/devkitA64/bin/../lib/gcc/aarch64-none-elf/12.1.0/../../../../aarch64-none-elf/lib/pic/libstdc++.a(eh_personality.o) (__cxa_call_terminate)
/opt/devkitpro/devkitA64/bin/../lib/gcc/aarch64-none-elf/12.1.0/../../../../aarch64-none-elf/lib/pic/libstdc++.a(eh_catch.o)
                              /opt/devkitpro/devkitA64/bin/../lib/gcc/aarch64-none-elf/12.1.0/../../../../aarch64-none-elf/lib/pic/libstdc++.a(eh_personality.o) (__cxa_begin_catch)
/opt/devkitpro/devkitA64/bin/../lib/gcc/aarch64-none-elf/12.1.0/../../../../aarch64-none-elf/lib/pic/libstdc++.a(eh_exception.o)
                              /opt/devkitpro/devkitA64/bin/../lib/gcc/aarch64-none-elf/12.1.0/../../../../aarch64-none-elf/lib/pic/libstdc++.a(bad_alloc.o) (std::exception::~exception())
/opt/devkitpro/devkitA64/bin/../lib/gcc/aarch64-none-elf/12.1.0/../../../../aarch64-none-elf/lib/pic/libstdc++.a(eh_globals.o)
                              /opt/devkitpro/devkitA64/bin/../lib/gcc/aarch64-none-elf/12.1.0/../../../../aarch64-none-elf/lib/pic/libstdc++.a(eh_personality.o) (__cxa_get_globals_fast)
/opt/devkitpro/devkitA64/bin/../lib/gcc/aarch64-none-elf/12.1.0/../../../../aarch64-none-elf/lib/pic/libstdc++.a(eh_term_handler.o)
                              /opt/devkitpro/devkitA64/bin/../lib/gcc/aarch64-none-elf/12.1.0/../../../../aarch64-none-elf/lib/pic/libstdc++.a(eh_terminate.o) (__cxxabiv1::__terminate_handler)
[...]
Memory Configuration

Name             Origin             Length             Attributes
*default*        0x0000000000000000 0xffffffffffffffff

Linker script and memory map

                0xfffffffffcfc20c0                _Z13Array_IndexOfPN6System5ArrayIiEEiP10MethodInfo = 0xfffffffffcfc20c0
                0xfffffffffaba7b00                _Z17_system_array_newPvj = 0xfffffffffaba7b00
                0xfffffffffab5e700                _Z17il2cpp_object_newPv = 0xfffffffffab5e700
                0xfffffffffab8a6e0                _Z18_system_array_initPv = 0xfffffffffab8a6e0
                0xfffffffffab8a6e0                _Z18il2cpp_object_initPvS_ = 0xfffffffffab8a6e0
                0xfffffffffab4afd8                _Z20thunk_FUN_7100252fd8PvS_ = 0xfffffffffab4afd8
                0xfffffffffab5cfe0                _Z21_system_load_typeinfoPv = 0xfffffffffab5cfe0
                0xfffffffffab55428                _Z25il2cpp_runtime_class_initPv = 0xfffffffffab55428
                0xfffffffffcff33e0                _Z27System_String__CreateStringPvS_S_ = 0xfffffffffcff33e0
                0xfffffffffae7c8d0                _ZdaPv = 0xfffffffffae7c8d0
                0xfffffffffae7c5c0                _ZdlPv = 0xfffffffffae7c5c0
                0xfffffffffd5e6a50                _ZN10PlayerWork10get_zoneIDEP10MethodInfo = 0xfffffffffd5e6a50
                0xfffffffffd5e5a30                _ZN10PlayerWork12GetSytemFlagEiP10MethodInfo = 0xfffffffffd5e5a30
                0xfffffffffd5e3000                _ZN10PlayerWork14InitializationEP10MethodInfo = 0xfffffffffd5e3000
                0xfffffffffd5e9bd0                _ZN10PlayerWork17get_tr_battleDataEv = 0xfffffffffd5e9bd0
                0xfffffffffd5dae20                _ZN10PlayerWork6GetIntEiP10MethodInfo = 0xfffffffffd5dae20
                0xfffffffffd5e5920                _ZN10PlayerWork6SetIntEiiP10MethodInfo = 0xfffffffffd5e5920
                0xfffffffffd5dbe40                _ZN10PlayerWork7GetBoolEiP10MethodInfo = 0xfffffffffd5dbe40
                0xfffffffffd5e59a0                _ZN10PlayerWork7SetBoolEibP10MethodInfo = 0xfffffffffd5e59a0
                0xfffffffffd5e9040                _ZN10PlayerWork9get_zukanEPN6DPData12ZUKAN_WORK_oEP10MethodInfo = 0xfffffffffd5e9040
                0xfffffffffc383f60                _ZN10PlayerWork9LoadBytesEP17System_Byte_arrayP21PlayerWork_SaveData_oP10MethodInfo = 0xfffffffffc383f60
                0xfffffffffcc1a450                _ZN10SmartPoint14AssetAssistant22SingletonMonoBehaviour12get_InstanceEP10MethodInfo = 0xfffffffffcc1a450
                0xffffffffff46e2a0                _ZN10SmartPoint14AssetAssistant49PTR_SingletonMonoBehaviour_UIManager_get_InstanceE = 0xffffffffff46e2a0
                0xfffffffffd5c9150                _ZN11GameManager19GetFieldEncountDataEiP10MethodInfo = 0xfffffffffd5c9150
                0xfffffffffd5c8c60                _ZN11GameManager22get_currentPeriodOfDayEP10MethodInfo = 0xfffffffffd5c8c60
                0xfffffffffc097560                _ZN14FieldManager_o9GetFormNoEiiiP10MethodInfo = 0xfffffffffc097560
                0xfffffffffc6c9940                _ZN15Dpr_UI_UIText_o12SetupMessageEPN6System6StringEiP10MethodInfo = 0xfffffffffc6c9940
                0xfffffffffccf6b30                _ZN15System_Action_o4ctorEPN3Dpr2UI27UIBag_Displayclass_Locals_oEP10MethodInfoS5_ = 0xfffffffffccf6b30
                0xfffffffffd36b8c0                _ZN17ContextMenuIDList3AddEiP10MethodInfo = 0xfffffffffd36b8c0
                0xfffffffffd36ac00                _ZN17ContextMenuIDList4ctorEP10MethodInfo = 0xfffffffffd36ac00
                0xfffffffffd36d910                _ZN17ContextMenuIDList7ToArrayEP10MethodInfo = 0xfffffffffd36d910
                0xfffffffffc02b928                _ZN2nn2fs8OpenFileEPNS0_10FileHandleEPKci = 0xfffffffffc02b928
                0xfffffffffcf279a0                _ZN30System_Action_ContextMenuID__o4ctorEPN3Dpr2UI23UIBag_Displayclass144_oEP10MethodInfoS5_ = 0xfffffffffcf279a0
                0xfffffffffcf35a10                _ZN31System_Action_WazaNo__WazaNo__o4ctorEPvP10MethodInfoS2_ = 0xfffffffffcf35a10
                0xfffffffffc1b7210                _ZN3Dpr11UnderGround15UgPokeLottery_o14GetEnablePokesEiiP10MethodInfo = 0xfffffffffc1b7210
                0xfffffffffc1b7ea0                _ZN3Dpr11UnderGround15UgPokeLottery_o29CreatePokemonParam_by_TokuseiEihP10MethodInfo = 0xfffffffffc1b7ea0
                0xfffffffffd532ab0                _ZN3Dpr12EncountTools18SetWildPokemonItemEPN3Pml8PokePara9CoreParamEiiiP10MethodInfo = 0xfffffffffd532ab0
                0xfffffffffc6d7370                _ZN3Dpr2Nx10SaveSystem13GetLoadedDataEP10MethodInfo = 0xfffffffffc6d7370
                0xfffffffffc6d7cf0                _ZN3Dpr2Nx10SaveSystem14SaveDataExistsEP10MethodInfo = 0xfffffffffc6d7cf0
                0xfffffffffc6d7910                _ZN3Dpr2Nx10SaveSystem4LoadEbP10MethodInfo = 0xfffffffffc6d7910
                0xffffffffff5580b8                _ZN3Dpr2Nx19SaveSystem_TypeInfoE = 0xffffffffff5580b8
                0xfffffffffc32d2a0                _ZN3Dpr2UI10UIWindow_o12IsPushButtonEibP10MethodInfo = 0xfffffffffc32d2a0
                0xfffffffffc5f1f20                _ZN3Dpr2UI11UIManager_o14CreateUIWindowE10UIWindowIDP10MethodInfo = 0xfffffffffc5f1f20
                0xfffffffffc0bd890                _ZN3Dpr2UI11UIManager_o15UseDSPlayerItemEP10MethodInfo = 0xfffffffffc0bd890
                0xfffffffffc6cbd80                _ZN3Dpr2UI14UIWazaManage_o4OpenENS0_20UIWazaManage_Param_oEP10MethodInfo = 0xfffffffffc6cbd80
                0xfffffffffc2f24f0                _ZN3Dpr2UI15PokemonWindow_o9FieldWazaEiPNS0_18PokemonPartyItem_oEiP10MethodInfo = 0xfffffffffc2f24f0
                0xfffffffffc1405e0                _ZN3Dpr2UI18SoftwareKeyboard_o14GetMessageTextEPN6System6StringEP10MethodInfo = 0xfffffffffc1405e0
                0xfffffffffc142650                _ZN3Dpr2UI18SoftwareKeyboard_o17LanguageMaxLengthEiiP10MethodInfo = 0xfffffffffc142650
                0xfffffffffc140e70                _ZN3Dpr2UI18SoftwareKeyboard_o4OpenEPNS0_24SoftwareKeyboard_Param_oEP76System_Func_string__SoftwareKeyboard_ErrorState__ValueTuple_bool__string___oP46UnityEngine_Events_UnityAction_bool__string__oP10MethodInfo = 0xfffffffffc140e70
                0xfffffffffc7b6e30                _ZN3Dpr2UI23ContextMenuItem_Param_o4ctorEv = 0xfffffffffc7b6e30
                0xfffffffffc30b3c0                _ZN3Dpr2UI23UIMsgWindowController_o13OpenMsgWindowEiPN6System6StringEbbP15System_Action_oS6_P10MethodInfo = 0xfffffffffc30b3c0
                0xfffffffffc30b610                _ZN3Dpr2UI23UIMsgWindowController_o14CloseMsgWindowEP10MethodInfo = 0xfffffffffc30b610
                0xfffffffffc142be0                _ZN3Dpr2UI24SoftwareKeyboard_Param_o4ctorEP10MethodInfo = 0xfffffffffc142be0
                0xfffffffffc339ca0                _ZN3Dpr2UI24WazaManageSubWazaPanel_o5SetupEiP10MethodInfo = 0xfffffffffc339ca0
                0xffffffffff556788                _ZN3Dpr2UI30ContextMenuItem_Param_TypeInfoE = 0xffffffffff556788
                0xffffffffff55a840                _ZN3Dpr2UI30UIBag_Displayclass144_TypeInfoE = 0xffffffffff55a840
                0xffffffffff47c1a8                _ZN3Dpr2UI35PTR_SoftwareKeyboard_Param_TypeInfoE = 0xffffffffff47c1a8
                0xffffffffff473088                _ZN3Dpr2UI39PTR_ShopBoutiqueItemItem_Param_TypeInfoE = 0xffffffffff473088
                0xffffffffff473e90                _ZN3Dpr2UI41PTR_UIManager_CreateUIWindow_UIWazaManageE = 0xffffffffff473e90
                0xfffffffffc4d8fa0                _ZN3Dpr2UI5UIBag15DisplayClass13015UseWazaMachine3EiP10MethodInfo = 0xfffffffffc4d8fa0
                0xfffffffffc1541f0                _ZN3Dpr2UI7UIBag_o15OpenContextMenuEPN6System5ArrayIiEEP30System_Action_ContextMenuID__o21UnityEngine_Vector2_o21UnityEngine_Vector3_oP15System_Action_obbP10MethodInfo = 0xfffffffffc1541f0
                0xfffffffffc59e1f0                _ZN3Dpr4Item10ItemInfo_o6get_IdEP10MethodInfo = 0xfffffffffc59e1f0
                0xfffffffffc93a560                _ZN3Dpr6Battle5Logic10PokeAction9GetWazaIDEPNS1_12PokeAction_oEP10MethodInfo = 0xfffffffffc93a560
                0xfffffffffc86a0f0                _ZN3Dpr6Battle5Logic10StrParam_o5SetupEitP10MethodInfo = 0xfffffffffc86a0f0
                0xfffffffffc86a130                _ZN3Dpr6Battle5Logic10StrParam_o6AddArgEiP10MethodInfo = 0xfffffffffc86a130
                0xfffffffffc86b4a0                _ZN3Dpr6Battle5Logic11WazaParam_o24canInvalidMessageDisplayEjP10MethodInfo = 0xfffffffffc86b4a0
                0xfffffffffc84f4e0                _ZN3Dpr6Battle5Logic12BTL_CLIENT_o29checkForbidChangeEscapeCommonEPNS1_15BTL_POKEPARAM_oEPhPtP10MethodInfo = 0xfffffffffc84f4e0
                0xfffffffffc92cbb0                _ZN3Dpr6Battle5Logic12MainModule_o13GetEscapeModeEP10MethodInfo = 0xfffffffffc92cbb0
                0xfffffffffc92f470                _ZN3Dpr6Battle5Logic12MainModule_o14IsFriendPokeIDEhhP10MethodInfo = 0xfffffffffc92f470
                0xfffffffffc1710e0                _ZN3Dpr6Battle5Logic15BattleCounter_o10InitializeEPNS1_10MainModuleEP10MethodInfo = 0xfffffffffc1710e0
                0xfffffffffc8d0ab0                _ZN3Dpr6Battle5Logic15BTL_POKEPARAM_o11CheckNemuriEiP10MethodInfo = 0xfffffffffc8d0ab0
                0xfffffffffc8d8140                _ZN3Dpr6Battle5Logic15BTL_POKEPARAM_o11COUNTER_GetEiP10MethodInfo = 0xfffffffffc8d8140
                0xfffffffffc8d5e40                _ZN3Dpr6Battle5Logic15BTL_POKEPARAM_o11GetPokeSickEP10MethodInfo = 0xfffffffffc8d5e40
                0xfffffffffc8d5470                _ZN3Dpr6Battle5Logic15BTL_POKEPARAM_o12HENSIN_CheckEP10MethodInfo = 0xfffffffffc8d5470
                0xfffffffffc8d7e70                _ZN3Dpr6Battle5Logic15BTL_POKEPARAM_o12TURNFLAG_GetEiP10MethodInfo = 0xfffffffffc8d7e70
                0xfffffffffc8d8d90                _ZN3Dpr6Battle5Logic15BTL_POKEPARAM_o12TURNFLAG_SetEiP10MethodInfo = 0xfffffffffc8d8d90
                0xfffffffffc8d2180                _ZN3Dpr6Battle5Logic15BTL_POKEPARAM_o13GetFriendshipEP10MethodInfo = 0xfffffffffc8d2180
                0xfffffffffc8d9480                _ZN3Dpr6Battle5Logic15BTL_POKEPARAM_o14IsMatchTokuseiEiP10MethodInfo = 0xfffffffffc8d9480
                0xfffffffffc8d55c0                _ZN3Dpr6Battle5Logic15BTL_POKEPARAM_o15GetSrcDataConstEP10MethodInfo = 0xfffffffffc8d55c0
                0xfffffffffc8db9f0                _ZN3Dpr6Battle5Logic15BTL_POKEPARAM_o20CONFRONT_REC_IsMatchEhP10MethodInfo = 0xfffffffffc8db9f0
                0xfffffffffc8d0a50                _ZN3Dpr6Battle5Logic15BTL_POKEPARAM_o5GetIDEP10MethodInfo = 0xfffffffffc8d0a50
                0xfffffffffc8d0a60                _ZN3Dpr6Battle5Logic15BTL_POKEPARAM_o6IsDeadEP10MethodInfo = 0xfffffffffc8d0a60
                0xfffffffffc8d7d50                _ZN3Dpr6Battle5Logic15BTL_POKEPARAM_o7GetItemEP10MethodInfo = 0xfffffffffc8d7d50
                0xfffffffffc8d5010                _ZN3Dpr6Battle5Logic15BTL_POKEPARAM_o8GetValueEiP10MethodInfo = 0xfffffffffc8d5010
                0xfffffffffc8d0b30                _ZN3Dpr6Battle5Logic15BTL_POKEPARAM_o9CheckSickEiP10MethodInfo = 0xfffffffffc8d0b30
                0xfffffffffc8d4fb0                _ZN3Dpr6Battle5Logic15BTL_POKEPARAM_o9GetMonsNoEP10MethodInfo = 0xfffffffffc8d4fb0
                0xffffffffff552d48                _ZN3Dpr6Battle5Logic15Common_TypeInfoE = 0xffffffffff552d48
                0xfffffffffc60fc30                _ZN3Dpr6Battle5Logic15EventLauncher_o16Event_ActProcEndEPNS1_15BTL_POKEPARAM_oEiP10MethodInfo = 0xfffffffffc60fc30
                0xfffffffffc60fb80                _ZN3Dpr6Battle5Logic15EventLauncher_o18Event_ActProcStartEPNS1_12PokeAction_oEP10MethodInfo = 0xfffffffffc60fb80
                0xfffffffffc60fcc0                _ZN3Dpr6Battle5Logic15EventLauncher_o21Event_ActProcCanceledEPNS1_12PokeAction_oEP10MethodInfo = 0xfffffffffc60fcc0
                0xfffffffffc924020                _ZN3Dpr6Battle5Logic19InterruptAccessor_o11IsRequestedEhP10MethodInfo = 0xfffffffffc924020
                0xfffffffffc93a860                _ZN3Dpr6Battle5Logic21PokeActionContainer_o20IsAllActDoneByPokeIDEhP10MethodInfo = 0xfffffffffc93a860
                0xfffffffffc8107e0                _ZN3Dpr6Battle5Logic21ServerCommandPutter_o11SetContFlagEPNS1_15BTL_POKEPARAM_oEiP10MethodInfo = 0xfffffffffc8107e0
                0xfffffffffc822b90                _ZN3Dpr6Battle5Logic21ServerCommandPutter_o13SetBppCounterEPNS1_15BTL_POKEPARAM_oEihP10MethodInfo = 0xfffffffffc822b90
                0xfffffffffc8252a0                _ZN3Dpr6Battle5Logic21ServerCommandPutter_o14IncBattleCountEhP10MethodInfo = 0xfffffffffc8252a0
                0xfffffffffc8250c0                _ZN3Dpr6Battle5Logic21ServerCommandPutter_o14InsertWazaInfoEhbPPNS1_10StrParam_oEP10MethodInfo = 0xfffffffffc8250c0
                0xffffffffff5535e0                _ZN3Dpr6Battle5Logic24PosEffectStatus_TypeInfoE = 0xffffffffff5535e0
                0xfffffffffc8ae020                _ZN3Dpr6Battle5Logic25Section_FromEvent_Message13Description_o4ctorEP10MethodInfo = 0xfffffffffc8ae020
                0xffffffffff552fe8                _ZN3Dpr6Battle5Logic25Section_FromEvent_Message20Description_TypeInfoE = 0xffffffffff552fe8
                0xfffffffffc8b56a0                _ZN3Dpr6Battle5Logic25Section_InterruptAction_o13processActionEPNS1_12PokeAction_oEP10MethodInfo = 0xfffffffffc8b56a0
                0xfffffffffc60ab60                _ZN3Dpr6Battle5Logic26EventFactor_EventHandler_o4ctorElP10MethodInfo = 0xfffffffffc60ab60
                0xfffffffffcab8b20                _ZN3Dpr6Battle5Logic27Section_ProcessActionCore_o12action_CheerEPNS1_12PokeAction_oEP10MethodInfo = 0xfffffffffcab8b20
                0xfffffffffcab8cb0                _ZN3Dpr6Battle5Logic27Section_ProcessActionCore_o17reinforceRaidBossEPNS1_12PokeAction_oEP10MethodInfo = 0xfffffffffcab8cb0
                0xfffffffffcab8de0                _ZN3Dpr6Battle5Logic27Section_ProcessActionCore_o6actionEPNS1_12PokeAction_oEP10MethodInfo = 0xfffffffffcab8de0
                0xffffffffff5535e8                _ZN3Dpr6Battle5Logic29PosEffectStatus_Data_TypeInfoE = 0xffffffffff5535e8
                0xfffffffffc9d3d00                _ZN3Dpr6Battle5Logic29Section_AddSick_Description_o4ctorEP10MethodInfo = 0xfffffffffc9d3d00
                0xfffffffffcaa9a70                _ZN3Dpr6Battle5Logic30Section_CheckNotEffect_Guard_o15onMamoruSuccessEPNS1_15BTL_POKEPARAM_oES4_PNS1_11WazaParam_oEP10MethodInfo = 0xfffffffffcaa9a70
                0xfffffffffcaa9b50                _ZN3Dpr6Battle5Logic30Section_CheckNotEffect_Guard_o25isNoEffectByMamoru_OthersEPNS1_15BTL_POKEPARAM_oES4_PNS1_11WazaParam_oEPNS1_11DmgAffRec_oEP10MethodInfo = 0xfffffffffcaa9b50
                0xffffffffff553150                _ZN3Dpr6Battle5Logic33EventFactor_EventHandler_TypeInfoE = 0xffffffffff553150
                0xffffffffff552db8                _ZN3Dpr6Battle5Logic36Section_AddSick_Description_TypeInfoE = 0xffffffffff552db8
                0xffffffffff553158                _ZN3Dpr6Battle5Logic38EventFactor_EventHandlerTable_TypeInfoE = 0xffffffffff553158
                0xfffffffffc8ab2c0                _ZN3Dpr6Battle5Logic38Section_FromEvent_Damage_Description_o4ctorEP10MethodInfo = 0xfffffffffc8ab2c0
                0xfffffffffc8af090                _ZN3Dpr6Battle5Logic41Section_FromEvent_RankReset_Description_o4ctorEP10MethodInfo = 0xfffffffffc8af090
                0xfffffffffc8ac570                _ZN3Dpr6Battle5Logic42Section_FromEvent_FormChange_Description_o4ctorEP10MethodInfo = 0xfffffffffc8ac570
                0xfffffffffc8aee30                _ZN3Dpr6Battle5Logic42Section_FromEvent_RankEffect_Description_o4ctorEP10MethodInfo = 0xfffffffffc8aee30
                0xffffffffff553148                _ZN3Dpr6Battle5Logic44EventFactor_EventHandlerTable_Array_TypeInfoE = 0xffffffffff553148
                0xffffffffff5531d8                _ZN3Dpr6Battle5Logic45Section_FromEvent_Damage_Description_TypeInfoE = 0xffffffffff5531d8
                0xfffffffffc8ae3e0                _ZN3Dpr6Battle5Logic45Section_FromEvent_PosEffect_Add_Description_o4ctorEP10MethodInfo = 0xfffffffffc8ae3e0
                0xffffffffff553360                _ZN3Dpr6Battle5Logic48Section_FromEvent_RankReset_Description_TypeInfoE = 0xffffffffff553360
                0xffffffffff5532b8                _ZN3Dpr6Battle5Logic49Section_FromEvent_FormChange_Description_TypeInfoE = 0xffffffffff5532b8
                0xffffffffff5531b8                _ZN3Dpr6Battle5Logic49Section_FromEvent_RankEffect_Description_TypeInfoE = 0xffffffffff5531b8
                0xfffffffffc86de20                _ZN3Dpr6Battle5Logic4Calc10IsOccurPerEjP10MethodInfo = 0xfffffffffc86de20
                0xfffffffffc86cf80                _ZN3Dpr6Battle5Logic4Calc14QuotMaxHP_ZeroEPNS1_15BTL_POKEPARAM_oEjbP10MethodInfo = 0xfffffffffc86cf80
                0xfffffffffc86cd20                _ZN3Dpr6Battle5Logic4Calc23MakeDefaultPokeSickContEjhbP10MethodInfo = 0xfffffffffc86cd20
                0xfffffffffc86c990                _ZN3Dpr6Battle5Logic4Calc7GetRandEjP10MethodInfo = 0xfffffffffc86c990
                0xfffffffffc86cfe0                _ZN3Dpr6Battle5Logic4Calc9QuotMaxHPEPNS1_15BTL_POKEPARAM_oEjbP10MethodInfo = 0xfffffffffc86cfe0
                0xfffffffffc86ca10                _ZN3Dpr6Battle5Logic4Calc9RandRangeEjjP10MethodInfo = 0xfffffffffc86ca10
                0xffffffffff5533d0                _ZN3Dpr6Battle5Logic52Section_FromEvent_PosEffect_Add_Description_TypeInfoE = 0xffffffffff5533d0
                0xfffffffffc866e00                _ZN3Dpr6Battle5Logic5Setup13normalTrainerEPNS1_20BATTLE_SETUP_PARAM_oEiiP10MethodInfo = 0xfffffffffc866e00
                0xfffffffffc866340                _ZN3Dpr6Battle5Logic5Setup17BATTLE_SETUP_WildEPNS1_20BATTLE_SETUP_PARAM_oEPN3Pml11PokeParty_oES7_iPNS1_21BTL_FIELD_SITUATION_oEiP10MethodInfo = 0xfffffffffc866340
                0xfffffffffc867360                _ZN3Dpr6Battle5Logic5Setup17BTL_SETUP_TrainerEPNS1_20BATTLE_SETUP_PARAM_oEPN3Pml11PokeParty_oEiPNS1_21BTL_FIELD_SITUATION_oEiP10MethodInfo = 0xfffffffffc867360
                0xfffffffffc8660b0                _ZN3Dpr6Battle5Logic5Setup29BATTLE_PARAM_SetBtlStatusFlagEPNS1_20BATTLE_SETUP_PARAM_oEiP10MethodInfo = 0xfffffffffc8660b0
                0xfffffffffc604ab0                _ZN3Dpr6Battle5Logic6Common10FormChangeEPPNS1_30EventFactor_EventHandlerArgs_oEPPNS1_42Section_FromEvent_FormChange_Description_oEP10MethodInfo = 0xfffffffffc604ab0
                0xfffffffffc602c60                _ZN3Dpr6Battle5Logic6Common10RankEffectEPPNS1_30EventFactor_EventHandlerArgs_oEPPNS1_42Section_FromEvent_RankEffect_Description_oEP10MethodInfo = 0xfffffffffc602c60
                0xfffffffffc601be0                _ZN3Dpr6Battle5Logic6Common11GetEventVarEPPNS1_30EventFactor_EventHandlerArgs_oEtP10MethodInfo = 0xfffffffffc601be0
                0xfffffffffc601cc0                _ZN3Dpr6Battle5Logic6Common11MulEventVarEPPNS1_30EventFactor_EventHandlerArgs_oEtiP10MethodInfo = 0xfffffffffc601cc0
                0xfffffffffc603a80                _ZN3Dpr6Battle5Logic6Common12AddPosEffectEPPNS1_30EventFactor_EventHandlerArgs_oEPPNS1_45Section_FromEvent_PosEffect_Add_Description_oEP10MethodInfo = 0xfffffffffc603a80
                0xfffffffffc606320                _ZN3Dpr6Battle5Logic6Common12GetKillCountEPPNS1_30EventFactor_EventHandlerArgs_oEhP10MethodInfo = 0xfffffffffc606320
                0xfffffffffc601e40                _ZN3Dpr6Battle5Logic6Common12GetPokeParamEPPNS1_30EventFactor_EventHandlerArgs_oEhP10MethodInfo = 0xfffffffffc601e40
                0xfffffffffc601d20                _ZN3Dpr6Battle5Logic6Common12GetWorkValueEPPNS1_30EventFactor_EventHandlerArgs_oEhP10MethodInfo = 0xfffffffffc601d20
                0xfffffffffc601da0                _ZN3Dpr6Battle5Logic6Common12SetWorkValueEPPNS1_30EventFactor_EventHandlerArgs_oEhiP10MethodInfo = 0xfffffffffc601da0
                0xfffffffffc606fc0                _ZN3Dpr6Battle5Logic6Common13CheckShowDownEPPNS1_30EventFactor_EventHandlerArgs_oEP10MethodInfo = 0xfffffffffc606fc0
                0xfffffffffc602110                _ZN3Dpr6Battle5Logic6Common14GetFrontPokeIDEPPNS1_30EventFactor_EventHandlerArgs_oEPhP10MethodInfo = 0xfffffffffc602110
                0xfffffffffc602040                _ZN3Dpr6Battle5Logic6Common14IsFriendPokeIDEPPNS1_30EventFactor_EventHandlerArgs_oEhhP10MethodInfo = 0xfffffffffc602040
                0xfffffffffc6021c0                _ZN3Dpr6Battle5Logic6Common14SearchByPokeIDEPPNS1_30EventFactor_EventHandlerArgs_oEhbbP10MethodInfo = 0xfffffffffc6021c0
                0xfffffffffc603900                _ZN3Dpr6Battle5Logic6Common15GetLocalWeatherEPPNS1_30EventFactor_EventHandlerArgs_oEhP10MethodInfo = 0xfffffffffc603900
                0xfffffffffc602130                _ZN3Dpr6Battle5Logic6Common15PokeIDtoPokePosEPPNS1_30EventFactor_EventHandlerArgs_oEPhP10MethodInfo = 0xfffffffffc602130
                0xfffffffffc601c90                _ZN3Dpr6Battle5Logic6Common15RewriteEventVarEPPNS1_30EventFactor_EventHandlerArgs_oEtiP10MethodInfo = 0xfffffffffc601c90
                0xfffffffffc601ce0                _ZN3Dpr6Battle5Logic6Common18GetEventVarAddressEPPNS1_30EventFactor_EventHandlerArgs_oEtP10MethodInfo = 0xfffffffffc601ce0
                0xfffffffffc605780                _ZN3Dpr6Battle5Logic6Common24CheckUnbreakablePokeItemEttP10MethodInfo = 0xfffffffffc605780
                0xfffffffffc602720                _ZN3Dpr6Battle5Logic6Common6DamageEPPNS1_30EventFactor_EventHandlerArgs_oEPPNS1_38Section_FromEvent_Damage_Description_oEP10MethodInfo = 0xfffffffffc602720
                0xfffffffffc602a80                _ZN3Dpr6Battle5Logic6Common7AddSickEPPNS1_30EventFactor_EventHandlerArgs_oEPPNS1_29Section_AddSick_Description_oEP10MethodInfo = 0xfffffffffc602a80
                0xfffffffffc603170                _ZN3Dpr6Battle5Logic6Common7MessageEPPNS1_30EventFactor_EventHandlerArgs_oEPPNS1_25Section_FromEvent_Message13Description_oEP10MethodInfo = 0xfffffffffc603170
                0xfffffffffc601cf0                _ZN3Dpr6Battle5Logic6Common8GetSubIDEPPNS1_30EventFactor_EventHandlerArgs_oEP10MethodInfo = 0xfffffffffc601cf0
                0xfffffffffc602d80                _ZN3Dpr6Battle5Logic6Common9RankResetEPPNS1_30EventFactor_EventHandlerArgs_oEPPNS1_41Section_FromEvent_RankReset_Description_oEP10MethodInfo = 0xfffffffffc602d80
                0xffffffffff553348                _ZN3Dpr6Battle5Logic7Handler13Waza_TypeInfoE = 0xffffffffff553348
                0xffffffffff5621c0                _ZN3Dpr6Battle5Logic7Handler20Method_ADD_KaragenkiE = 0xffffffffff5621c0
                0xfffffffffc22f8f0                _ZN3Dpr6Battle5Logic7Handler20Pos_HandlerGetFunc_o4ctorElP10MethodInfo = 0xfffffffffc22f8f0
                0xfffffffffc923c70                _ZN3Dpr6Battle5Logic7Handler21Waza_HandlerGetFunc_o4ctorElP10MethodInfo = 0xfffffffffc923c70
                0xffffffffff5616b0                _ZN3Dpr6Battle5Logic7Handler21Method_ADD_BatonTouchE = 0xffffffffff5616b0
                0xffffffffff561db8                _ZN3Dpr6Battle5Logic7Handler23Method_ADD_TetunoKobusiE = 0xffffffffff561db8
                0xfffffffffc0f1150                _ZN3Dpr6Battle5Logic7Handler24Tokusei_HandlerGetFunc_o4ctorElP10MethodInfo = 0xfffffffffc0f1150
                0xffffffffff553268                _ZN3Dpr6Battle5Logic7Handler27Pos_HandlerGetFunc_TypeInfoE = 0xffffffffff553268
                0xfffffffffc923c50                _ZN3Dpr6Battle5Logic7Handler26Waza_GET_FUNC_TABLE_ELEM_o4ctorES3_iPNS2_21Waza_HandlerGetFunc_oEP10MethodInfo = 0xfffffffffc923c50
                0xffffffffff553448                _ZN3Dpr6Battle5Logic7Handler28Waza_HandlerGetFunc_TypeInfoE = 0xffffffffff553448
                0xffffffffff553330                _ZN3Dpr6Battle5Logic7Handler31Tokusei_HandlerGetFunc_TypeInfoE = 0xffffffffff553330
                0xfffffffffc22ded0                _ZN3Dpr6Battle5Logic7Handler3Pos22common_removePosEffectEPPNS1_30EventFactor_EventHandlerArgs_oEhP10MethodInfo = 0xfffffffffc22ded0
                0xfffffffffc0f40c0                _ZN3Dpr6Battle5Logic7Handler4Waza12ADD_KumoNoSuEP10MethodInfo = 0xfffffffffc0f40c0
                0xfffffffffc102d70                _ZN3Dpr6Battle5Logic7Handler4Waza17common_feint_procEPPNS1_30EventFactor_EventHandlerArgs_oEhtP10MethodInfo = 0xfffffffffc102d70
                0xfffffffffc0fe520                _ZN3Dpr6Battle5Logic7Handler4Waza20handler_Jisin_damageEPPNS1_30EventFactor_EventHandlerArgs_oEhP10MethodInfo = 0xfffffffffc0fe520
                0xfffffffffc102970                _ZN3Dpr6Battle5Logic7Handler4Waza21SleepGuardSideEffectsEPPNS1_30EventFactor_EventHandlerArgs_oEhbP10MethodInfo = 0xfffffffffc102970
                0xfffffffffc0fbac0                _ZN3Dpr6Battle5Logic7Handler4Waza22common_Korogaru_UnlockEPPNS1_30EventFactor_EventHandlerArgs_oEhP10MethodInfo = 0xfffffffffc0fbac0
                0xfffffffffc0fe610                _ZN3Dpr6Battle5Logic7Handler4Waza23handler_Jisin_checkHideEPPNS1_30EventFactor_EventHandlerArgs_oEhP10MethodInfo = 0xfffffffffc0fe610
                0xfffffffffc0f85c0                _ZN3Dpr6Battle5Logic7Handler4Waza25handler_MetalBurst_TargetEPPNS1_30EventFactor_EventHandlerArgs_oEhP10MethodInfo = 0xfffffffffc0f85c0
                0xfffffffffc0f3320                _ZN3Dpr6Battle5Logic7Handler4Waza25handler_Tobigeri_NoEffectEPPNS1_30EventFactor_EventHandlerArgs_oEhP10MethodInfo = 0xfffffffffc0f3320
                0xfffffffffc23e220                _ZN3Dpr6Battle5Logic7Handler7Tokusei25handler_AddSickFailCommonEPPNS1_30EventFactor_EventHandlerArgs_oEhP10MethodInfo = 0xfffffffffc23e220
                0xfffffffffc252b90                _ZN3Dpr6Battle5Logic7Handler7Tokusei27handler_Kinchoukan_MemberInEPPNS1_30EventFactor_EventHandlerArgs_oEhP10MethodInfo = 0xfffffffffc252b90
                0xfffffffffc924050                _ZN3Dpr6Battle5Logic8ItemData8HaveItemEtP10MethodInfo = 0xfffffffffc924050
                0xfffffffffc9cc6f0                _ZN3Dpr6Battle5Logic8SICKCONT13MakeTurnParamEhhtP10MethodInfo = 0xfffffffffc9cc6f0
                0xfffffffffc86ab40                _ZN3Dpr6Battle5Logic8WAZADATA13GetDamageTypeEiP10MethodInfo = 0xfffffffffc86ab40
                0xfffffffffc86abf0                _ZN3Dpr6Battle5Logic8WAZADATA7GetFlagEiiP10MethodInfo = 0xfffffffffc86abf0
                0xfffffffffc86ac80                _ZN3Dpr6Battle5Logic8WAZADATA8IsDamageEiP10MethodInfo = 0xfffffffffc86ac80
                0xfffffffffc9c5800                _ZN3Dpr6Battle5Logic9PokeSet_o6RemoveEPNS1_15BTL_POKEPARAM_oEP10MethodInfo = 0xfffffffffc9c5800
                0xfffffffffc9c5980                _ZN3Dpr6Battle5Logic9PokeSet_o8SeekNextEP10MethodInfo = 0xfffffffffc9c5980
                0xfffffffffc9c5970                _ZN3Dpr6Battle5Logic9PokeSet_o9SeekStartEP10MethodInfo = 0xfffffffffc9c5970
                0xfffffffffc9ca540                _ZN3Dpr6Battle5Logic9PosPoke_o7IsExistEhP10MethodInfo = 0xfffffffffc9ca540
                0xfffffffffc9ce580                _ZN3Dpr6Battle5Logic9Section_o10GetPokePosEhP10MethodInfo = 0xfffffffffc9ce580
                0xfffffffffc9ce400                _ZN3Dpr6Battle5Logic9Section_o19GetActionSharedDataEP10MethodInfo = 0xfffffffffc9ce400
                0xfffffffffc9cf0e0                _ZN3Dpr6Battle5Logic9Section_o21CheckEncoreWazaChangeEPNS1_12PokeAction_oEP10MethodInfo = 0xfffffffffc9cf0e0
                0xfffffffffc892580                _ZN3Dpr7Message20MessageWordSetHelper12SetDigitWordEiiP10MethodInfo = 0xfffffffffc892580
                0xfffffffffc891b90                _ZN3Dpr7Message20MessageWordSetHelper22SetPokemonNickNameWordEiPN3Pml8PokePara9CoreParamEbP10MethodInfo = 0xfffffffffc891b90
                0xfffffffffc424a40                _ZN3Dpr8EvScript13EvDataManager9CallLabelEP15System_String_oP10MethodInfo = 0xfffffffffc424a40
                0xfffffffffd5354d0                _ZN3Dpr8EvScript15EvDataManager_o12get_InstanseEP10MethodInfo = 0xfffffffffd5354d0
                0xfffffffffd53a3c0                _ZN3Dpr8EvScript15EvDataManager_o9JumpLabelEPN6System6StringEPNS0_18EventEndDelegate_oEP10MethodInfo = 0xfffffffffd53a3c0
                0xfffffffffd58aa70                _ZN3Dpr8EvScript15EvDataManager_o9LearnWazaEPN3Pml8PokePara14PokemonParam_oEiiP10MethodInfo = 0xfffffffffd58aa70
                0xfffffffffc2a6ef0                _ZN3Dpr8EvScript33EvDataManager_DisplayClass772_0_o4ctorEP10MethodInfo = 0xfffffffffc2a6ef0
                0xfffffffffc2a6530                _ZN3Dpr8EvScript34EvDataManager_DisplayClass1541_0_o4ctorEP10MethodInfo = 0xfffffffffc2a6530
                0xffffffffff521e80                _ZN3Dpr8EvScript46PTR_EvDataManager_DisplayClass772_0_o_TypeInfoE = 0xffffffffff521e80
                0xffffffffff523020                _ZN3Dpr8EvScript47PTR_EvDataManager_DisplayClass1541_0_o_TypeInfoE = 0xffffffffff523020
                0xfffffffffc94d6f0                _ZN3Pml11PokeParty_o16GetMemberPointerEjP10MethodInfo = 0xfffffffffc94d6f0
                0xfffffffffc94dd10                _ZN3Pml11PokeParty_o4ctorEP10MethodInfo = 0xfffffffffc94dd10
                0xfffffffffc94eec0                _ZN3Pml11PokeParty_o8CopyFromEPS0_P10MethodInfo = 0xfffffffffc94eec0
                0xffffffffff4726f8                _ZN3Pml22PTR_PokeParty_TypeInfoE = 0xffffffffff4726f8
                0xfffffffffcd98420                _ZN3Pml5Local17RandomGenerator_o7GetRandEP10MethodInfo = 0xfffffffffcd98420
                0xfffffffffcd980a0                _ZN3Pml5Local6Random8GetValueEP10MethodInfo = 0xfffffffffcd980a0
                0xfffffffffcd98ca0                _ZN3Pml8Personal14PersonalSystem15GetPersonalDataEitP10MethodInfo = 0xfffffffffcd98ca0
                0xfffffffffcd98d50                _ZN3Pml8Personal14PersonalSystem16LoadPersonalDataEitP10MethodInfo = 0xfffffffffcd98d50
                0xfffffffffcd99280                _ZN3Pml8Personal14PersonalSystem24CheckPersonalWazaMachineEtP10MethodInfo = 0xfffffffffcd99280
                0xfffffffffcd98ff0                _ZN3Pml8Personal23PersonalTableExtensions8GetParamEPN11XLSXContent13PersonalTable15SheetPersonal_oEiP10MethodInfo = 0xfffffffffcd98ff0
                0xfffffffffcd98110                _ZN3Pml8PmlUse_o12get_InstanceEP10MethodInfo = 0xfffffffffcd98110
                0xfffffffffc94a1d0                _ZN3Pml8PokePara13InitialSpec_o4ctorEP10MethodInfo = 0xfffffffffc94a1d0
                0xfffffffffcd9d4b0                _ZN3Pml8PokePara8Accessor12GetTokuseiNoEP10MethodInfo = 0xfffffffffcd9d4b0
                0xfffffffffcd9e4e0                _ZN3Pml8PokePara8Accessor9GetFormNoEP10MethodInfo = 0xfffffffffcd9e4e0
                0xfffffffffcd9cee0                _ZN3Pml8PokePara8Accessor9GetItemNoEP10MethodInfo = 0xfffffffffcd9cee0
                0xfffffffffcd9ce70                _ZN3Pml8PokePara8Accessor9GetMonsNoEP10MethodInfo = 0xfffffffffcd9ce70
                0xfffffffffcd9dd70                _ZN3Pml8PokePara8Accessor9GetWazaNoEhP10MethodInfo = 0xfffffffffcd9dd70
                0xfffffffffcda5790                _ZN3Pml8PokePara8CalcTool11IsRareColorEjjP10MethodInfo = 0xfffffffffcda5790
                0xfffffffffcda6710                _ZN3Pml8PokePara8CalcTool15GetAruseusuTypeEjP10MethodInfo = 0xfffffffffcda6710
                0xfffffffffc940e80                _ZN3Pml8PokePara9CoreParam11GetNickNameEP10MethodInfo = 0xfffffffffc940e80
                0xfffffffffc9425a0                _ZN3Pml8PokePara9CoreParam11GetRareTypeEP10MethodInfo = 0xfffffffffc9425a0
                0xfffffffffc940e90                _ZN3Pml8PokePara9CoreParam11SetNickNameEPN6System6StringEP10MethodInfo = 0xfffffffffc940e90
                0xfffffffffc942260                _ZN3Pml8PokePara9CoreParam12ChangeFormNoEtPNS0_28CoreParam_FormChangeResult_oEP10MethodInfo = 0xfffffffffc942260
                0xfffffffffc943950                _ZN3Pml8PokePara9CoreParam13GetMezapaTypeEP10MethodInfo = 0xfffffffffc943950
                0xfffffffffc93c610                _ZN3Pml8PokePara9CoreParam14GetTalentPowerEiP10MethodInfo = 0xfffffffffc93c610
                0xfffffffffc93c680                _ZN3Pml8PokePara9CoreParam14IsTrainingDoneEiP10MethodInfo = 0xfffffffffc93c680
                0xfffffffffc93f370                _ZN3Pml8PokePara9CoreParam19AddWazaIfEmptyExistEiP10MethodInfo = 0xfffffffffc93f370
                0xfffffffffc93faa0                _ZN3Pml8PokePara9CoreParam22_CollectRemindableWazaEP10MethodInfo = 0xfffffffffc93faa0
                0xfffffffffc941370                _ZN3Pml8PokePara9CoreParam5IsEggEiP10MethodInfo = 0xfffffffffc941370
                0xfffffffffc940540                _ZN3Pml8PokePara9CoreParam6GetSexEP10MethodInfo = 0xfffffffffc940540
                0xfffffffffc9449d0                _ZN3Pml8PokePara9CoreParam6IsNullEP10MethodInfo = 0xfffffffffc9449d0
                0xfffffffffab62bc0                _ZN3Pml8PokePara9CoreParam6SetExpEjP10MethodInfo = 0xfffffffffab62bc0
                0xfffffffffc941660                _ZN3Pml8PokePara9CoreParam7GetItemEP10MethodInfo = 0xfffffffffc941660
                0xfffffffffc941680                _ZN3Pml8PokePara9CoreParam7SetItemEtP10MethodInfo = 0xfffffffffc941680
                0xfffffffffc93b5c0                _ZN3Pml8PokePara9CoreParam8GetPowerEiP10MethodInfo = 0xfffffffffc93b5c0
                0xfffffffffc93c250                _ZN3Pml8PokePara9CoreParam9GetFormNoEP10MethodInfo = 0xfffffffffc93c250
                0xfffffffffc93c240                _ZN3Pml8PokePara9CoreParam9GetMonsNoEP10MethodInfo = 0xfffffffffc93c240
                0xfffffffffc94b3a0                _ZN3Pml8WazaData14WazaDataSystem7GetTypeEiP10MethodInfo = 0xfffffffffc94b3a0
                0xfffffffffce373c0                _ZN46UnityEngine_Events_UnityAction_bool__string__o4ctorEPN3Dpr8EvScript33EvDataManager_DisplayClass772_0_oEP10MethodInfoS5_ = 0xfffffffffce373c0
                0xfffffffffd1ee340                _ZN6System11Collections7Generic17HashSet_WazaNo__o3AddEiP10MethodInfo = 0xfffffffffd1ee340
                0xfffffffffd334680                _ZN6System11Collections7Generic20ListXMenuTopItem_AddEPNS1_28List_ContextMenuItem_Param_oEPN3Dpr2UI23ContextMenuItem_Param_oEP10MethodInfo = 0xfffffffffd334680
                0xfffffffffd334680                _ZN6System11Collections7Generic20ListXMenuTopItem_AddEPNS1_33List_ShopBoutiqueItemItem_Param_oEPN3Dpr2UI28ShopBoutiqueItemItem_Param_oEP10MethodInfo = 0xfffffffffd334680
                0xffffffffff47a938                _ZN6System11Collections7Generic41List_ContextMenuItem_Param_Add_MethodInfoE = 0xffffffffff47a938
                0xffffffffff4b2810                _ZN6System11Collections7Generic46List_ShopBoutiqueItemItem_Param_Add_MethodInfoE = 0xffffffffff4b2810
                0xfffffffffd09ac60                _ZN6System2IO4File12ReadAllBytesEPNS_6StringEP10MethodInfo = 0xfffffffffd09ac60
                0xfffffffffce80990                _ZN6System4Text12UTF8Encoding12GetByteCountEPNS_6StringEP10MethodInfo = 0xfffffffffce80990
                0xfffffffffce80b50                _ZN6System4Text12UTF8Encoding8GetBytesEPNS_6StringEiiPNS_5ArrayIhEEiP10MethodInfo = 0xfffffffffce80b50
                0xfffffffffd15a6b0                _ZN6System4Text8Encoding8get_UTF8EP10MethodInfo = 0xfffffffffd15a6b0
                0xfffffffffcfc93a0                _ZN6System6Object8ToStringEP12Il2CppObjectP10MethodInfo = 0xfffffffffcfc93a0
                0xfffffffffcff33e0                _ZN6System6String13_CreateStringEPaP10MethodInfo = 0xfffffffffcff33e0
                0xfffffffffcfeb810                _ZN6System6String13IsNullOrEmptyEP10MethodInfo = 0xfffffffffcfeb810
                0xfffffffffcff0fc0                _ZN6System6String6ConcatEP12Il2CppObjectS2_P10MethodInfo = 0xfffffffffcff0fc0
                0xfffffffffd1b6700                _ZN76System_Func_string__SoftwareKeyboard_ErrorState__ValueTuple_bool__string___o4ctorEPN3Dpr8EvScript15EvDataManager_oEP10MethodInfoS5_ = 0xfffffffffd1b6700
                0xfffffffffd5bf6a0                _ZN8GameData11DataManager17GetPokemonCatalogEiihbbP10MethodInfo = 0xfffffffffd5bf6a0
                0xfffffffffd5c5550                _ZN8GameData11DataManager19GetBoutiqueShopDataEiP10MethodInfo = 0xfffffffffd5c5550
                0xfffffffffd5c5460                _ZN8GameData11DataManager21GetCharacterDressDataEiP10MethodInfo = 0xfffffffffd5c5460
                0xfffffffffc3e3550                _ZN8ItemWork10IsDsPlayerEP10MethodInfo = 0xfffffffffc3e3550
                0xfffffffffc3e2450                _ZN8ItemWork7SubItemEiiP10MethodInfo = 0xfffffffffc3e2450
                0xfffffffffc0d2780                _ZN8ZoneWork20TairyouHassei_MonsLvEiP10MethodInfo = 0xfffffffffc0d2780
                0xfffffffffc0d3fc0                _ZN9ZukanWork12GetFormFlagsEjhbP10MethodInfo = 0xfffffffffc0d3fc0
                0xfffffffffae7c560                _Znam = 0xfffffffffae7c560
                0xfffffffffae7c220                _Znwm = 0xfffffffffae7c220
                0xffffffffff56aa08                Array_IndexOf_MethodInfo = 0xffffffffff56aa08
                0xffffffffff5781a0                BASE_FORMCHANGE_ONSELECTED_METHODINFO = 0xffffffffff5781a0
                0xffffffffff580f80                ContextMenuIDList_Add_MethodInfo = 0xffffffffff580f80
                0xffffffffff580f78                ContextMenuIDList_ctor_MethodInfo = 0xffffffffff580f78
                0xffffffffff560900                ContextMenuIDList_ToArray_MethodInfo = 0xffffffffff560900
                0xffffffffff55a7d0                ContextMenuIDList_TypeInfo = 0xffffffffff55a7d0
                0xfffffffffe363b14                DAT_03a6bb14 = 0xfffffffffe363b14
                0xfffffffffe35f9b8                DAT_7103a679b8 = 0xfffffffffe35f9b8
                0xfffffffffabb9c10                free = 0xfffffffffabb9c10
                0xffffffffff5723b0                Handler_Karagenki_WazaPowMethodInfo = 0xffffffffff5723b0
                0xffffffffff5711c0                handler_pos_BatonTouch = 0xffffffffff5711c0
                0xffffffffff54d270                int_TypeInfo = 0xffffffffff54d270
                0xfffffffffabb9bf0                malloc = 0xfffffffffabb9bf0
                0xffffffffff571da0                Method_handler_TetunoKobusi = 0xffffffffff571da0
                0xffffffffff76e300                MonsLv_Array_TypeInfo = 0xffffffffff76e300
                0xffffffffff551b58                PlayerWork_TypeInfo = 0xffffffffff551b58
                0xffffffffff473eb0                PTR_DAT_04b7beb0 = 0xffffffffff473eb0
                0xffffffffff477588                PTR_DAT_04b7f588 = 0xffffffffff477588
                0xffffffffff4d06f0                PTR_DAT_04bd86f0 = 0xffffffffff4d06f0
                0xffffffffff521e78                PTR_DAT_04c29e78 = 0xffffffffff521e78
                0xffffffffff522fd8                PTR_DAT_04c2afd8 = 0xffffffffff522fd8
                0xffffffffff522fe8                PTR_DAT_04c2afe8 = 0xffffffffff522fe8
                0xffffffffff523018                PTR_DAT_04c2b018 = 0xffffffffff523018
                0xffffffffff525f00                PTR_DAT_04c2df00 = 0xffffffffff525f00
                0xffffffffff4b28a8                PTR_DATA_04bba8a8 = 0xffffffffff4b28a8
                0xffffffffff522fe0                PTR_EvCmdCallWazaOmoidashiUi_b__1539_0 = 0xffffffffff522fe0
                0xffffffffff523028                PTR_EvCmdCallWazaOshieUi_b__0 = 0xffffffffff523028
                0xffffffffff4d0718                PTR_HashSet_Add_WazaNo_MethodInfo = 0xffffffffff4d0718
                0xffffffffff525f08                PTR_Method_PlayerWork_LoadBytes = 0xffffffffff525f08
                0xffffffffff521e90                PTR_OnCompleteAction_MethodInfo = 0xffffffffff521e90
                0xffffffffff47c1d0                PTR_OnCompleteAction_TypeInfo = 0xffffffffff47c1d0
                0xffffffffff47c1e0                PTR_OnCompleteActionCtor_MethodInfo = 0xffffffffff47c1e0
                0xffffffffff521e88                PTR_OnInputCheckFunc_MethodInfo = 0xffffffffff521e88
                0xffffffffff47c1b8                PTR_OnInputCheckFunc_TypeInfo = 0xffffffffff47c1b8
                0xffffffffff47c1c8                PTR_OnInputCheckFuncCtor_MethodInfo = 0xffffffffff47c1c8
                0xffffffffff4716f8                PTR_StringLiteral_398 = 0xffffffffff4716f8
                0xffffffffff48e2c8                PTR_StringLiteral_9185_SS_strinput_006 = 0xffffffffff48e2c8
                0xffffffffff48e2b8                PTR_StringLiteral_9186_SS_strinput_007 = 0xffffffffff48e2b8
                0xffffffffff48e2c0                PTR_StringLiteral_9187_SS_strinput_005 = 0xffffffffff48e2c0
                0xffffffffff473ea8                PTR_System_Action_WazaNo__WazaNo__o_ctor = 0xffffffffff473ea8
                0xffffffffff473e98                PTR_System_Action_WazaNo__WazaNo__TypeInfo = 0xffffffffff473e98
                0xffffffffff578068                ShowItemContextMenu_EndUseAction_MethodInfo = 0xffffffffff578068
                0xffffffffff5a3b30                StringLiteral_11167 = 0xffffffffff5a3b30
                0xffffffffff5a0070                StringLiteral_9287 = 0xffffffffff5a0070
                0xffffffffff57a180                System_Action_ContextMenuID__o_ctor_MethodInfo = 0xffffffffff57a180
                0xffffffffff55a7e0                System_Action_ContextMenuID_TypeInfo = 0xffffffffff55a7e0
                0xffffffffff54e040                System_Action_TypeInfo = 0xffffffffff54e040
                0xffffffffff54d2e0                System_Byte_array_typeInfo = 0xffffffffff54d2e0
                0xffffffffff54d3e0                System_Int32_array_TypeInfo = 0xffffffffff54d3e0
                0xffffffffff553488                ZukanWork_TypeInfo = 0xffffffffff553488
                0x0000000000000000                PROVIDE (__start__ = 0x0)
                0x0000000000000000                . = __start__
                0x0000000000000000                __code_start__ = .

.text           0x0000000000000000    0x25c30
                0x0000000000000000                __text_start__ = .
 *(.text.crt0)
 .text.crt0     0x0000000000000000        0x8 CMakeFiles/bdspexefs.dir/src/crt0.s.obj
                0x0000000000000000                __module_start
 *(.text .text.*)
 *fill*         0x0000000000000008        0x8 
 .text.__do_global_dtors_aux
                0x0000000000000010       0x44 /opt/devkitpro/devkitA64/bin/../lib/gcc/aarch64-none-elf/12.1.0/pic/crtbegin.o
 *fill*         0x0000000000000054        0xc 
 .text.frame_dummy
                0x0000000000000060       0x24 /opt/devkitpro/devkitA64/bin/../lib/gcc/aarch64-none-elf/12.1.0/pic/crtbegin.o
 *fill*         0x0000000000000084        0xc 
 .text._ZNSt7__cxx1112basic_stringIcSt11char_traitsIcESaIcEE10_M_disposeEv
                0x0000000000000090       0x24 CMakeFiles/bdspexefs.dir/src/CoreParam.cpp.obj
                0x0000000000000090                std::__cxx11::basic_string<char, std::char_traits<char>, std::allocator<char> >::_M_dispose()
 *fill*         0x00000000000000b4        0xc 
 .text._Z14socket_log_fmtIJMN3Pml8PokePara8AccessorEFihP10MethodInfoEEEvRKNSt7__cxx1112basic_stringIcSt11char_traitsIcESaIcEEEDpT_
                0x00000000000000c0      0x120 CMakeFiles/bdspexefs.dir/src/CoreParam.cpp.obj
                0x00000000000000c0                void socket_log_fmt<int (Pml::PokePara::Accessor::*)(unsigned char, MethodInfo*)>(std::__cxx11::basic_string<char, std::char_traits<char>, std::allocator<char> > const&, int (Pml::PokePara::Accessor::*)(unsigned char, MethodInfo*))
 .text._Z14socket_log_fmtIJiEEvRKNSt7__cxx1112basic_stringIcSt11char_traitsIcESaIcEEEDpT_
                0x00000000000001e0      0x10c CMakeFiles/bdspexefs.dir/src/CoreParam.cpp.obj
                0x00000000000001e0                void socket_log_fmt<int>(std::__cxx11::basic_string<char, std::char_traits<char>, std::allocator<char> > const&, int)
 *fill*         0x00000000000002ec        0x4 
 .text._Z14socket_log_fmtIJtEEvRKNSt7__cxx1112basic_stringIcSt11char_traitsIcESaIcEEEDpT_
                0x00000000000002f0      0x10c CMakeFiles/bdspexefs.dir/src/CoreParam.cpp.obj
                0x00000000000002f0                void socket_log_fmt<unsigned short>(std::__cxx11::basic_string<char, std::char_traits<char>, std::allocator<char> > const&, unsigned short)
 *fill*         0x00000000000003fc        0x4 
 .text._Z14socket_log_fmtIJPN6System11Collections7Generic17HashSet_WazaNo__oEEEvRKNSt7__cxx1112basic_stringIcSt11char_traitsIcESaIcEEEDpT_
                0x0000000000000400      0x10c CMakeFiles/bdspexefs.dir/src/CoreParam.cpp.obj
                0x0000000000000400                void socket_log_fmt<System::Collections::Generic::HashSet_WazaNo__o*>(std::__cxx11::basic_string<char, std::char_traits<char>, std::allocator<char> > const&, System::Collections::Generic::HashSet_WazaNo__o*)
 *fill*         0x000000000000050c        0x4 
 .text._Z14socket_log_fmtIJPN3Pml8PmlUse_oEEEvRKNSt7__cxx1112basic_stringIcSt11char_traitsIcESaIcEEEDpT_
                0x0000000000000510      0x10c CMakeFiles/bdspexefs.dir/src/CoreParam.cpp.obj
                0x0000000000000510                void socket_log_fmt<Pml::PmlUse_o*>(std::__cxx11::basic_string<char, std::char_traits<char>, std::allocator<char> > const&, Pml::PmlUse_o*)
 *fill*         0x000000000000061c        0x4 
 .text._Z14socket_log_fmtIJPN11XLSXContent11ItemTable_oEEEvRKNSt7__cxx1112basic_stringIcSt11char_traitsIcESaIcEEEDpT_
                0x0000000000000620      0x10c CMakeFiles/bdspexefs.dir/src/CoreParam.cpp.obj
                0x0000000000000620                void socket_log_fmt<XLSXContent::ItemTable_o*>(std::__cxx11::basic_string<char, std::char_traits<char>, std::allocator<char> > const&, XLSXContent::ItemTable_o*)
 *fill*         0x000000000000072c        0x4 
 .text._Z14socket_log_fmtIJPN6System5ArrayIPN11XLSXContent9ItemTable18SheetWazaMachine_oEEEEEvRKNSt7__cxx1112basic_stringIcSt11char_traitsIcESaIcEEEDpT_
                0x0000000000000730      0x10c CMakeFiles/bdspexefs.dir/src/CoreParam.cpp.obj
                0x0000000000000730                void socket_log_fmt<System::Array<XLSXContent::ItemTable::SheetWazaMachine_o*>*>(std::__cxx11::basic_string<char, std::char_traits<char>, std::allocator<char> > const&, System::Array<XLSXContent::ItemTable::SheetWazaMachine_o*>*)
 *fill*         0x000000000000083c        0x4 
 .text._Z14socket_log_fmtIJPN3Pml8PokePara8AccessorEEEvRKNSt7__cxx1112basic_stringIcSt11char_traitsIcESaIcEEEDpT_
                0x0000000000000840      0x10c CMakeFiles/bdspexefs.dir/src/CoreParam.cpp.obj
                0x0000000000000840                void socket_log_fmt<Pml::PokePara::Accessor*>(std::__cxx11::basic_string<char, std::char_traits<char>, std::allocator<char> > const&, Pml::PokePara::Accessor*)
 *fill*         0x000000000000094c        0x4 
 .text._Z14socket_log_fmtIJEEvRKNSt7__cxx1112basic_stringIcSt11char_traitsIcESaIcEEEDpT_
                0x0000000000000950      0x100 CMakeFiles/bdspexefs.dir/src/CoreParam.cpp.obj
                0x0000000000000950                void socket_log_fmt<>(std::__cxx11::basic_string<char, std::char_traits<char>, std::allocator<char> > const&)
 .text._ZN3Pml8PokePara9CoreParam21CollectRemindableWazaEP10MethodInfo
                0x0000000000000a50      0x500 CMakeFiles/bdspexefs.dir/src/CoreParam.cpp.obj
                0x0000000000000a50                Pml::PokePara::CoreParam::CollectRemindableWaza(MethodInfo*)
 .text._Z31CoreParam_CollectRemindableWazaPN3Pml8PokePara9CoreParamEP10MethodInfo
                0x0000000000000f50        0x4 CMakeFiles/bdspexefs.dir/src/CoreParam.cpp.obj
                0x0000000000000f50                CoreParam_CollectRemindableWaza(Pml::PokePara::CoreParam*, MethodInfo*)
 *fill*         0x0000000000000f54        0xc 
 .text._ZN6System6String11CtorCharPtrEPt
                0x0000000000000f60       0x10 CMakeFiles/bdspexefs.dir/src/System.cpp.obj
                0x0000000000000f60                System::String::CtorCharPtr(unsigned short*)
 .text._ZN6System6String12CreateStringEPKc
                0x0000000000000f70       0x10 CMakeFiles/bdspexefs.dir/src/System.cpp.obj
                0x0000000000000f70                System::String::CreateString(char const*)
 .text._Z10socket_logPKc
                0x0000000000000f80        0x4 CMakeFiles/bdspexefs.dir/src/logger.cpp.obj
                0x0000000000000f80                socket_log(char const*)
 *fill*         0x0000000000000f84        0xc 
 .text._Z16socket_read_charPc
                0x0000000000000f90       0x9c CMakeFiles/bdspexefs.dir/src/logger.cpp.obj
                0x0000000000000f90                socket_read_char(char*)
 *fill*         0x000000000000102c        0x4 
 .text._Z21socket_log_initializev
                0x0000000000001030        0x4 CMakeFiles/bdspexefs.dir/src/logger.cpp.obj
                0x0000000000001030                socket_log_initialize()
 *fill*         0x0000000000001034        0xc 
 .text._Z13tryInitSocketv
                0x0000000000001040       0x14 CMakeFiles/bdspexefs.dir/src/logger.cpp.obj
                0x0000000000001040                tryInitSocket()
 *fill*         0x0000000000001054        0xc 
 .text._Z29checkForbidChangeEscapeCommonPN3Dpr6Battle5Logic12BTL_CLIENT_oEPNS1_15BTL_POKEPARAM_oEPhPtP10MethodInfo
                0x0000000000001060       0x18 CMakeFiles/bdspexefs.dir/src/patches/ability_changes.cpp.obj
                0x0000000000001060                checkForbidChangeEscapeCommon(Dpr::Battle::Logic::BTL_CLIENT_o*, Dpr::Battle::Logic::BTL_POKEPARAM_o*, unsigned char*, unsigned short*, MethodInfo*)
 *fill*         0x0000000000001078        0x8 
 .text._Z33HandlerCuriousMedicineMemberInEvoPPN3Dpr6Battle5Logic30EventFactor_EventHandlerArgs_oEhP10MethodInfo
                0x0000000000001080       0xb0 CMakeFiles/bdspexefs.dir/src/patches/ability_handlers.cpp.obj
                0x0000000000001080                HandlerCuriousMedicineMemberInEvo(Dpr::Battle::Logic::EventFactor_EventHandlerArgs_o**, unsigned char, MethodInfo*)
 .text._Z33HandlerStanceChangeWazaCallDecidePPN3Dpr6Battle5Logic30EventFactor_EventHandlerArgs_oEhP10MethodInfo
                0x0000000000001130       0xfc CMakeFiles/bdspexefs.dir/src/patches/ability_handlers.cpp.obj
                0x0000000000001130                HandlerStanceChangeWazaCallDecide(Dpr::Battle::Logic::EventFactor_EventHandlerArgs_o**, unsigned char, MethodInfo*)
 *fill*         0x000000000000122c        0x4 
 .text._Z29HandlerQuickDrawTurncheckDonePPN3Dpr6Battle5Logic30EventFactor_EventHandlerArgs_oEhP10MethodInfo
                0x0000000000001230       0x74 CMakeFiles/bdspexefs.dir/src/patches/ability_handlers.cpp.obj
                0x0000000000001230                HandlerQuickDrawTurncheckDone(Dpr::Battle::Logic::EventFactor_EventHandlerArgs_o**, unsigned char, MethodInfo*)
 *fill*         0x00000000000012a4        0xc 
 .text._Z40HandlerChillingNeighDamageprocEndHitRealPPN3Dpr6Battle5Logic30EventFactor_EventHandlerArgs_oEhP10MethodInfo
                0x00000000000012b0       0x6c CMakeFiles/bdspexefs.dir/src/patches/ability_handlers.cpp.obj
                0x00000000000012b0                HandlerChillingNeighDamageprocEndHitReal(Dpr::Battle::Logic::EventFactor_EventHandlerArgs_o**, unsigned char, MethodInfo*)
 *fill*         0x000000000000131c        0x4 
 .text._Z36HandlerGrimNeighDamageprocEndHitRealPPN3Dpr6Battle5Logic30EventFactor_EventHandlerArgs_oEhP10MethodInfo
                0x0000000000001320       0x6c CMakeFiles/bdspexefs.dir/src/patches/ability_handlers.cpp.obj
                0x0000000000001320                HandlerGrimNeighDamageprocEndHitReal(Dpr::Battle::Logic::EventFactor_EventHandlerArgs_o**, unsigned char, MethodInfo*)
 *fill*         0x000000000000138c        0x4 
 .text._Z31HandlerQuickDrawCheckSpPriorityPPN3Dpr6Battle5Logic30EventFactor_EventHandlerArgs_oEhP10MethodInfo
                0x0000000000001390      0x158 CMakeFiles/bdspexefs.dir/src/patches/ability_handlers.cpp.obj
                0x0000000000001390                HandlerQuickDrawCheckSpPriority(Dpr::Battle::Logic::EventFactor_EventHandlerArgs_o**, unsigned char, MethodInfo*)
 *fill*         0x00000000000014e8        0x8 
 .text._Z30HandlerDragonsMawAttackerPowerPPN3Dpr6Battle5Logic30EventFactor_EventHandlerArgs_oEhP10MethodInfo
                0x00000000000014f0       0x64 CMakeFiles/bdspexefs.dir/src/patches/ability_handlers.cpp.obj
                0x00000000000014f0                HandlerDragonsMawAttackerPower(Dpr::Battle::Logic::EventFactor_EventHandlerArgs_o**, unsigned char, MethodInfo*)
 *fill*         0x0000000000001554        0xc 
 .text._Z30HandlerTransistorAttackerPowerPPN3Dpr6Battle5Logic30EventFactor_EventHandlerArgs_oEhP10MethodInfo
                0x0000000000001560       0x64 CMakeFiles/bdspexefs.dir/src/patches/ability_handlers.cpp.obj
                0x0000000000001560                HandlerTransistorAttackerPower(Dpr::Battle::Logic::EventFactor_EventHandlerArgs_o**, unsigned char, MethodInfo*)
 *fill*         0x00000000000015c4        0xc 
 .text._Z13MultitypeTypej
                0x00000000000015d0      0x108 CMakeFiles/bdspexefs.dir/src/patches/ability_handlers.cpp.obj
                0x00000000000015d0                MultitypeType(unsigned int)
 *fill*         0x00000000000016d8        0x8 
 .text._Z13RKSSystemTypej
                0x00000000000016e0       0x18 CMakeFiles/bdspexefs.dir/src/patches/ability_handlers.cpp.obj
                0x00000000000016e0                RKSSystemType(unsigned int)
 *fill*         0x00000000000016f8        0x8 
 .text._Z7GetTypePN3Pml8PokePara9CoreParamEi
                0x0000000000001700       0x98 CMakeFiles/bdspexefs.dir/src/patches/ability_handlers.cpp.obj
                0x0000000000001700                GetType(Pml::PokePara::CoreParam*, int)
 *fill*         0x0000000000001798        0x8 
 .text._Z31Pml_PokePara_CoreParam_GetType1PN3Pml8PokePara9CoreParamEP10MethodInfo
                0x00000000000017a0        0x8 CMakeFiles/bdspexefs.dir/src/patches/ability_handlers.cpp.obj
                0x00000000000017a0                Pml_PokePara_CoreParam_GetType1(Pml::PokePara::CoreParam*, MethodInfo*)
 *fill*         0x00000000000017a8        0x8 
 .text._Z31Pml_PokePara_CoreParam_GetType2PN3Pml8PokePara9CoreParamEP10MethodInfo
                0x00000000000017b0        0x8 CMakeFiles/bdspexefs.dir/src/patches/ability_handlers.cpp.obj
                0x00000000000017b0                Pml_PokePara_CoreParam_GetType2(Pml::PokePara::CoreParam*, MethodInfo*)
 *fill*         0x00000000000017b8        0x8 
 .text._Z58Dpr_Battle_Logic_Section_CheckNotEffect_Guard_check_MamoruPN3Dpr6Battle5Logic30Section_CheckNotEffect_Guard_oEPNS1_15BTL_POKEPARAM_oEPNS1_11WazaParam_oEPNS1_11DmgAffRec_oEPNS1_9PokeSet_oEP10MethodInfo
                0x00000000000017c0      0x1e0 CMakeFiles/bdspexefs.dir/src/patches/ability_handlers.cpp.obj
                0x00000000000017c0                Dpr_Battle_Logic_Section_CheckNotEffect_Guard_check_Mamoru(Dpr::Battle::Logic::Section_CheckNotEffect_Guard_o*, Dpr::Battle::Logic::BTL_POKEPARAM_o*, Dpr::Battle::Logic::WazaParam_o*, Dpr::Battle::Logic::DmgAffRec_o*, Dpr::Battle::Logic::PokeSet_o*, MethodInfo*)
 .text._Z24HandlerForecastGetFormIDPPN3Dpr6Battle5Logic30EventFactor_EventHandlerArgs_oEh
                0x00000000000019a0       0xb4 CMakeFiles/bdspexefs.dir/src/patches/ability_handlers.cpp.obj
                0x00000000000019a0                HandlerForecastGetFormID(Dpr::Battle::Logic::EventFactor_EventHandlerArgs_o**, unsigned char)
 *fill*         0x0000000000001a54        0xc 
 .text._Z25HandlerForecastGetFormID0PPN3Dpr6Battle5Logic30EventFactor_EventHandlerArgs_oEh
                0x0000000000001a60       0x1c CMakeFiles/bdspexefs.dir/src/patches/ability_handlers.cpp.obj
                0x0000000000001a60                HandlerForecastGetFormID0(Dpr::Battle::Logic::EventFactor_EventHandlerArgs_o**, unsigned char)
 *fill*         0x0000000000001a7c        0x4 
 .text._Z25HandlerForecastAtkprocEndPPN3Dpr6Battle5Logic30EventFactor_EventHandlerArgs_oEhP10MethodInfo
                0x0000000000001a80       0xac CMakeFiles/bdspexefs.dir/src/patches/ability_handlers.cpp.obj
                0x0000000000001a80                HandlerForecastAtkprocEnd(Dpr::Battle::Logic::EventFactor_EventHandlerArgs_o**, unsigned char, MethodInfo*)
 *fill*         0x0000000000001b2c        0x4 
 .text._Z27HandlerForecastMemberInCompPPN3Dpr6Battle5Logic30EventFactor_EventHandlerArgs_oEhP10MethodInfo
                0x0000000000001b30       0xac CMakeFiles/bdspexefs.dir/src/patches/ability_handlers.cpp.obj
                0x0000000000001b30                HandlerForecastMemberInComp(Dpr::Battle::Logic::EventFactor_EventHandlerArgs_o**, unsigned char, MethodInfo*)
 *fill*         0x0000000000001bdc        0x4 
 .text._Z29HandlerForecastTokuseiDisablePPN3Dpr6Battle5Logic30EventFactor_EventHandlerArgs_oEhP10MethodInfo
                0x0000000000001be0       0x60 CMakeFiles/bdspexefs.dir/src/patches/ability_handlers.cpp.obj
                0x0000000000001be0                HandlerForecastTokuseiDisable(Dpr::Battle::Logic::EventFactor_EventHandlerArgs_o**, unsigned char, MethodInfo*)
 .text._Z28HandlerForecastNotifyAirlockPPN3Dpr6Battle5Logic30EventFactor_EventHandlerArgs_oEhP10MethodInfo
                0x0000000000001c40       0x5c CMakeFiles/bdspexefs.dir/src/patches/ability_handlers.cpp.obj
                0x0000000000001c40                HandlerForecastNotifyAirlock(Dpr::Battle::Logic::EventFactor_EventHandlerArgs_o**, unsigned char, MethodInfo*)
 *fill*         0x0000000000001c9c        0x4 
 .text._Z34HandlerForecastChangeTokuseiBeforePPN3Dpr6Battle5Logic30EventFactor_EventHandlerArgs_oEhP10MethodInfo
                0x0000000000001ca0       0xa0 CMakeFiles/bdspexefs.dir/src/patches/ability_handlers.cpp.obj
                0x0000000000001ca0                HandlerForecastChangeTokuseiBefore(Dpr::Battle::Logic::EventFactor_EventHandlerArgs_o**, unsigned char, MethodInfo*)
 .text._Z33HandlerForecastChangeTokuseiAfterPPN3Dpr6Battle5Logic30EventFactor_EventHandlerArgs_oEhP10MethodInfo
                0x0000000000001d40       0x4c CMakeFiles/bdspexefs.dir/src/patches/ability_handlers.cpp.obj
                0x0000000000001d40                HandlerForecastChangeTokuseiAfter(Dpr::Battle::Logic::EventFactor_EventHandlerArgs_o**, unsigned char, MethodInfo*)
 *fill*         0x0000000000001d8c        0x4 
 .text._Z26HandlerFlowerGiftGetFormIDPPN3Dpr6Battle5Logic30EventFactor_EventHandlerArgs_oEh
                0x0000000000001d90       0x58 CMakeFiles/bdspexefs.dir/src/patches/ability_handlers.cpp.obj
                0x0000000000001d90                HandlerFlowerGiftGetFormID(Dpr::Battle::Logic::EventFactor_EventHandlerArgs_o**, unsigned char)
 *fill*         0x0000000000001de8        0x8 
 .text._Z27HandlerFlowerGiftGetFormID0PPN3Dpr6Battle5Logic30EventFactor_EventHandlerArgs_oEh
                0x0000000000001df0       0x1c CMakeFiles/bdspexefs.dir/src/patches/ability_handlers.cpp.obj
                0x0000000000001df0                HandlerFlowerGiftGetFormID0(Dpr::Battle::Logic::EventFactor_EventHandlerArgs_o**, unsigned char)
 *fill*         0x0000000000001e0c        0x4 
 .text._Z27HandlerFlowerGiftAtkprocEndPPN3Dpr6Battle5Logic30EventFactor_EventHandlerArgs_oEhP10MethodInfo
                0x0000000000001e10       0xac CMakeFiles/bdspexefs.dir/src/patches/ability_handlers.cpp.obj
                0x0000000000001e10                HandlerFlowerGiftAtkprocEnd(Dpr::Battle::Logic::EventFactor_EventHandlerArgs_o**, unsigned char, MethodInfo*)
 *fill*         0x0000000000001ebc        0x4 
 .text._Z29HandlerFlowerGiftMemberInCompPPN3Dpr6Battle5Logic30EventFactor_EventHandlerArgs_oEhP10MethodInfo
                0x0000000000001ec0       0xac CMakeFiles/bdspexefs.dir/src/patches/ability_handlers.cpp.obj
                0x0000000000001ec0                HandlerFlowerGiftMemberInComp(Dpr::Battle::Logic::EventFactor_EventHandlerArgs_o**, unsigned char, MethodInfo*)
 *fill*         0x0000000000001f6c        0x4 
 .text._Z31HandlerFlowerGiftTokuseiDisablePPN3Dpr6Battle5Logic30EventFactor_EventHandlerArgs_oEhP10MethodInfo
                0x0000000000001f70       0x74 CMakeFiles/bdspexefs.dir/src/patches/ability_handlers.cpp.obj
                0x0000000000001f70                HandlerFlowerGiftTokuseiDisable(Dpr::Battle::Logic::EventFactor_EventHandlerArgs_o**, unsigned char, MethodInfo*)
 *fill*         0x0000000000001fe4        0xc 
 .text._Z30HandlerFlowerGiftNotifyAirlockPPN3Dpr6Battle5Logic30EventFactor_EventHandlerArgs_oEhP10MethodInfo
                0x0000000000001ff0       0x5c CMakeFiles/bdspexefs.dir/src/patches/ability_handlers.cpp.obj
                0x0000000000001ff0                HandlerFlowerGiftNotifyAirlock(Dpr::Battle::Logic::EventFactor_EventHandlerArgs_o**, unsigned char, MethodInfo*)
 *fill*         0x000000000000204c        0x4 
 .text._Z36HandlerFlowerGiftChangeTokuseiBeforePPN3Dpr6Battle5Logic30EventFactor_EventHandlerArgs_oEhP10MethodInfo
                0x0000000000002050       0xac CMakeFiles/bdspexefs.dir/src/patches/ability_handlers.cpp.obj
                0x0000000000002050                HandlerFlowerGiftChangeTokuseiBefore(Dpr::Battle::Logic::EventFactor_EventHandlerArgs_o**, unsigned char, MethodInfo*)
 *fill*         0x00000000000020fc        0x4 
 .text._Z35HandlerFlowerGiftChangeTokuseiAfterPPN3Dpr6Battle5Logic30EventFactor_EventHandlerArgs_oEhP10MethodInfo
                0x0000000000002100       0x4c CMakeFiles/bdspexefs.dir/src/patches/ability_handlers.cpp.obj
                0x0000000000002100                HandlerFlowerGiftChangeTokuseiAfter(Dpr::Battle::Logic::EventFactor_EventHandlerArgs_o**, unsigned char, MethodInfo*)
 *fill*         0x000000000000214c        0x4 
 .text._Z23HandlerZenModeGetFormIDPN3Dpr6Battle5Logic15BTL_POKEPARAM_oE
                0x0000000000002150       0x5c CMakeFiles/bdspexefs.dir/src/patches/ability_handlers.cpp.obj
                0x0000000000002150                HandlerZenModeGetFormID(Dpr::Battle::Logic::BTL_POKEPARAM_o*)
 *fill*         0x00000000000021ac        0x4 
 .text._Z26HandlerZenModeMemberInCompPPN3Dpr6Battle5Logic30EventFactor_EventHandlerArgs_oEhP10MethodInfo
                0x00000000000021b0       0xa4 CMakeFiles/bdspexefs.dir/src/patches/ability_handlers.cpp.obj
                0x00000000000021b0                HandlerZenModeMemberInComp(Dpr::Battle::Logic::EventFactor_EventHandlerArgs_o**, unsigned char, MethodInfo*)
 *fill*         0x0000000000002254        0xc 
 .text._Z27HandlerZenModeTurncheckDonePPN3Dpr6Battle5Logic30EventFactor_EventHandlerArgs_oEhP10MethodInfo
                0x0000000000002260       0xa4 CMakeFiles/bdspexefs.dir/src/patches/ability_handlers.cpp.obj
                0x0000000000002260                HandlerZenModeTurncheckDone(Dpr::Battle::Logic::EventFactor_EventHandlerArgs_o**, unsigned char, MethodInfo*)
 *fill*         0x0000000000002304        0xc 
 .text._Z32HandlerShieldsDownGetAddSickFailPN3Dpr6Battle5Logic15BTL_POKEPARAM_oE
                0x0000000000002310       0x34 CMakeFiles/bdspexefs.dir/src/patches/ability_handlers.cpp.obj
                0x0000000000002310                HandlerShieldsDownGetAddSickFail(Dpr::Battle::Logic::BTL_POKEPARAM_o*)
 *fill*         0x0000000000002344        0xc 
 .text._Z30HandlerShieldsDownCheckInemuriPPN3Dpr6Battle5Logic30EventFactor_EventHandlerArgs_oEhP10MethodInfo
                0x0000000000002350       0x68 CMakeFiles/bdspexefs.dir/src/patches/ability_handlers.cpp.obj
                0x0000000000002350                HandlerShieldsDownCheckInemuri(Dpr::Battle::Logic::EventFactor_EventHandlerArgs_o**, unsigned char, MethodInfo*)
 *fill*         0x00000000000023b8        0x8 
 .text._Z34HandlerShieldsDownAddSickCheckFailPPN3Dpr6Battle5Logic30EventFactor_EventHandlerArgs_oEhP10MethodInfo
                0x00000000000023c0       0x98 CMakeFiles/bdspexefs.dir/src/patches/ability_handlers.cpp.obj
                0x00000000000023c0                HandlerShieldsDownAddSickCheckFail(Dpr::Battle::Logic::EventFactor_EventHandlerArgs_o**, unsigned char, MethodInfo*)
 *fill*         0x0000000000002458        0x8 
 .text._Z27HandlerShieldsDownGetFormIDPN3Dpr6Battle5Logic15BTL_POKEPARAM_oE
                0x0000000000002460       0x94 CMakeFiles/bdspexefs.dir/src/patches/ability_handlers.cpp.obj
                0x0000000000002460                HandlerShieldsDownGetFormID(Dpr::Battle::Logic::BTL_POKEPARAM_o*)
 *fill*         0x00000000000024f4        0xc 
 .text._Z30HandlerShieldsDownMemberInCompPPN3Dpr6Battle5Logic30EventFactor_EventHandlerArgs_oEhP10MethodInfo
                0x0000000000002500       0xa4 CMakeFiles/bdspexefs.dir/src/patches/ability_handlers.cpp.obj
                0x0000000000002500                HandlerShieldsDownMemberInComp(Dpr::Battle::Logic::EventFactor_EventHandlerArgs_o**, unsigned char, MethodInfo*)
 *fill*         0x00000000000025a4        0xc 
 .text._Z31HandlerShieldsDownTurncheckDonePPN3Dpr6Battle5Logic30EventFactor_EventHandlerArgs_oEhP10MethodInfo
                0x00000000000025b0       0xa4 CMakeFiles/bdspexefs.dir/src/patches/ability_handlers.cpp.obj
                0x00000000000025b0                HandlerShieldsDownTurncheckDone(Dpr::Battle::Logic::EventFactor_EventHandlerArgs_o**, unsigned char, MethodInfo*)
 *fill*         0x0000000000002654        0xc 
 .text._Z25HandlerSchoolingGetFormIDPN3Dpr6Battle5Logic15BTL_POKEPARAM_oE
                0x0000000000002660       0x88 CMakeFiles/bdspexefs.dir/src/patches/ability_handlers.cpp.obj
                0x0000000000002660                HandlerSchoolingGetFormID(Dpr::Battle::Logic::BTL_POKEPARAM_o*)
 *fill*         0x00000000000026e8        0x8 
 .text._Z28HandlerSchoolingMemberInCompPPN3Dpr6Battle5Logic30EventFactor_EventHandlerArgs_oEhP10MethodInfo
                0x00000000000026f0       0xa4 CMakeFiles/bdspexefs.dir/src/patches/ability_handlers.cpp.obj
                0x00000000000026f0                HandlerSchoolingMemberInComp(Dpr::Battle::Logic::EventFactor_EventHandlerArgs_o**, unsigned char, MethodInfo*)
 *fill*         0x0000000000002794        0xc 
 .text._Z29HandlerSchoolingTurncheckDonePPN3Dpr6Battle5Logic30EventFactor_EventHandlerArgs_oEhP10MethodInfo
                0x00000000000027a0       0xa4 CMakeFiles/bdspexefs.dir/src/patches/ability_handlers.cpp.obj
                0x00000000000027a0                HandlerSchoolingTurncheckDone(Dpr::Battle::Logic::EventFactor_EventHandlerArgs_o**, unsigned char, MethodInfo*)
 *fill*         0x0000000000002844        0xc 
 .text._Z24HandlerDisguiseGetFormIDhh
                0x0000000000002850       0x1c CMakeFiles/bdspexefs.dir/src/patches/ability_handlers.cpp.obj
                0x0000000000002850                HandlerDisguiseGetFormID(unsigned char, unsigned char)
 *fill*         0x000000000000286c        0x4 
 .text._Z27HandlerDisguiseWazaDmgProc2PPN3Dpr6Battle5Logic30EventFactor_EventHandlerArgs_oEhP10MethodInfo
                0x0000000000002870       0x9c CMakeFiles/bdspexefs.dir/src/patches/ability_handlers.cpp.obj
                0x0000000000002870                HandlerDisguiseWazaDmgProc2(Dpr::Battle::Logic::EventFactor_EventHandlerArgs_o**, unsigned char, MethodInfo*)
 *fill*         0x000000000000290c        0x4 
 .text._Z30HandlerDisguiseWazaDmgReactionPPN3Dpr6Battle5Logic30EventFactor_EventHandlerArgs_oEhP10MethodInfo
                0x0000000000002910      0x154 CMakeFiles/bdspexefs.dir/src/patches/ability_handlers.cpp.obj
                0x0000000000002910                HandlerDisguiseWazaDmgReaction(Dpr::Battle::Logic::EventFactor_EventHandlerArgs_o**, unsigned char, MethodInfo*)
 *fill*         0x0000000000002a64        0xc 
 .text._Z26HandlerBattleBondGetFormIDhh
                0x0000000000002a70       0x1c CMakeFiles/bdspexefs.dir/src/patches/ability_handlers.cpp.obj
                0x0000000000002a70                HandlerBattleBondGetFormID(unsigned char, unsigned char)
 *fill*         0x0000000000002a8c        0x4 
 .text._Z29HandlerBattleBondWazaHitCountPPN3Dpr6Battle5Logic30EventFactor_EventHandlerArgs_oEhP10MethodInfo
                0x0000000000002a90       0x8c CMakeFiles/bdspexefs.dir/src/patches/ability_handlers.cpp.obj
                0x0000000000002a90                HandlerBattleBondWazaHitCount(Dpr::Battle::Logic::EventFactor_EventHandlerArgs_o**, unsigned char, MethodInfo*)
 *fill*         0x0000000000002b1c        0x4 
 .text._Z26HandlerBattleBondWazaPowerPPN3Dpr6Battle5Logic30EventFactor_EventHandlerArgs_oEhP10MethodInfo
                0x0000000000002b20       0x9c CMakeFiles/bdspexefs.dir/src/patches/ability_handlers.cpp.obj
                0x0000000000002b20                HandlerBattleBondWazaPower(Dpr::Battle::Logic::EventFactor_EventHandlerArgs_o**, unsigned char, MethodInfo*)
 *fill*         0x0000000000002bbc        0x4 
 .text._Z37HandlerBattleBondDamageprocEndHitRealPPN3Dpr6Battle5Logic30EventFactor_EventHandlerArgs_oEhP10MethodInfo
                0x0000000000002bc0      0x114 CMakeFiles/bdspexefs.dir/src/patches/ability_handlers.cpp.obj
                0x0000000000002bc0                HandlerBattleBondDamageprocEndHitReal(Dpr::Battle::Logic::EventFactor_EventHandlerArgs_o**, unsigned char, MethodInfo*)
 *fill*         0x0000000000002cd4        0xc 
 .text._Z30HandlerPowerConstructGetFormIDhh
                0x0000000000002ce0       0x1c CMakeFiles/bdspexefs.dir/src/patches/ability_handlers.cpp.obj
                0x0000000000002ce0                HandlerPowerConstructGetFormID(unsigned char, unsigned char)
 *fill*         0x0000000000002cfc        0x4 
 .text._Z33HandlerPowerConstructMemberInCompPPN3Dpr6Battle5Logic30EventFactor_EventHandlerArgs_oEhP10MethodInfo
                0x0000000000002d00       0xc8 CMakeFiles/bdspexefs.dir/src/patches/ability_handlers.cpp.obj
                0x0000000000002d00                HandlerPowerConstructMemberInComp(Dpr::Battle::Logic::EventFactor_EventHandlerArgs_o**, unsigned char, MethodInfo*)
 *fill*         0x0000000000002dc8        0x8 
 .text._Z34HandlerPowerConstructTurncheckDonePPN3Dpr6Battle5Logic30EventFactor_EventHandlerArgs_oEhP10MethodInfo
                0x0000000000002dd0        0x4 CMakeFiles/bdspexefs.dir/src/patches/ability_handlers.cpp.obj
                0x0000000000002dd0                HandlerPowerConstructTurncheckDone(Dpr::Battle::Logic::EventFactor_EventHandlerArgs_o**, unsigned char, MethodInfo*)
 *fill*         0x0000000000002dd4        0xc 
 .text._Z27HandlerGulpMissileGetFormIDhh
                0x0000000000002de0       0x1c CMakeFiles/bdspexefs.dir/src/patches/ability_handlers.cpp.obj
                0x0000000000002de0                HandlerGulpMissileGetFormID(unsigned char, unsigned char)
 *fill*         0x0000000000002dfc        0x4 
 .text._Z28HandlerGulpMissileWazaseqEndPPN3Dpr6Battle5Logic30EventFactor_EventHandlerArgs_oEhP10MethodInfo
                0x0000000000002e00      0x14c CMakeFiles/bdspexefs.dir/src/patches/ability_handlers.cpp.obj
                0x0000000000002e00                HandlerGulpMissileWazaseqEnd(Dpr::Battle::Logic::EventFactor_EventHandlerArgs_o**, unsigned char, MethodInfo*)
 *fill*         0x0000000000002f4c        0x4 
 .text._Z33HandlerGulpMissileWazaDmgReactionPPN3Dpr6Battle5Logic30EventFactor_EventHandlerArgs_oEhP10MethodInfo
                0x0000000000002f50      0x188 CMakeFiles/bdspexefs.dir/src/patches/ability_handlers.cpp.obj
                0x0000000000002f50                HandlerGulpMissileWazaDmgReaction(Dpr::Battle::Logic::EventFactor_EventHandlerArgs_o**, unsigned char, MethodInfo*)
 *fill*         0x00000000000030d8        0x8 
 .text._Z23HandlerIceFaceGetFormIDhh
                0x00000000000030e0       0x1c CMakeFiles/bdspexefs.dir/src/patches/ability_handlers.cpp.obj
                0x00000000000030e0                HandlerIceFaceGetFormID(unsigned char, unsigned char)
 *fill*         0x00000000000030fc        0x4 
 .text._Z26HandlerIceFaceWazaDmgProc2PPN3Dpr6Battle5Logic30EventFactor_EventHandlerArgs_oEhP10MethodInfo
                0x0000000000003100       0xd0 CMakeFiles/bdspexefs.dir/src/patches/ability_handlers.cpp.obj
                0x0000000000003100                HandlerIceFaceWazaDmgProc2(Dpr::Battle::Logic::EventFactor_EventHandlerArgs_o**, unsigned char, MethodInfo*)
 .text._Z29HandlerIceFaceWazaDmgReactionPPN3Dpr6Battle5Logic30EventFactor_EventHandlerArgs_oEhP10MethodInfo
                0x00000000000031d0      0x10c CMakeFiles/bdspexefs.dir/src/patches/ability_handlers.cpp.obj
                0x00000000000031d0                HandlerIceFaceWazaDmgReaction(Dpr::Battle::Logic::EventFactor_EventHandlerArgs_o**, unsigned char, MethodInfo*)
 *fill*         0x00000000000032dc        0x4 
 .text._Z26HandlerIceFaceMemberInCompPPN3Dpr6Battle5Logic30EventFactor_EventHandlerArgs_oEhP10MethodInfo
                0x00000000000032e0       0x8c CMakeFiles/bdspexefs.dir/src/patches/ability_handlers.cpp.obj
                0x00000000000032e0                HandlerIceFaceMemberInComp(Dpr::Battle::Logic::EventFactor_EventHandlerArgs_o**, unsigned char, MethodInfo*)
 *fill*         0x000000000000336c        0x4 
 .text._Z32HandlerIceFaceWeatherChangeAfterPPN3Dpr6Battle5Logic30EventFactor_EventHandlerArgs_oEhP10MethodInfo
                0x0000000000003370        0x4 CMakeFiles/bdspexefs.dir/src/patches/ability_handlers.cpp.obj
                0x0000000000003370                HandlerIceFaceWeatherChangeAfter(Dpr::Battle::Logic::EventFactor_EventHandlerArgs_o**, unsigned char, MethodInfo*)
 *fill*         0x0000000000003374        0xc 
 .text._Z28HandlerHungerSwitchGetFormIDhh
                0x0000000000003380       0x1c CMakeFiles/bdspexefs.dir/src/patches/ability_handlers.cpp.obj
                0x0000000000003380                HandlerHungerSwitchGetFormID(unsigned char, unsigned char)
 *fill*         0x000000000000339c        0x4 
 .text._Z32HandlerHungerSwitchTurncheckDonePPN3Dpr6Battle5Logic30EventFactor_EventHandlerArgs_oEhP10MethodInfo
                0x00000000000033a0       0xe4 CMakeFiles/bdspexefs.dir/src/patches/ability_handlers.cpp.obj
                0x00000000000033a0                HandlerHungerSwitchTurncheckDone(Dpr::Battle::Logic::EventFactor_EventHandlerArgs_o**, unsigned char, MethodInfo*)
 *fill*         0x0000000000003484        0xc 
 .text._Z25CreateAbilityEventHandlertPFvvE
                0x0000000000003490       0x14 CMakeFiles/bdspexefs.dir/src/patches/ability_handlers.cpp.obj
                0x0000000000003490                CreateAbilityEventHandler(unsigned short, void (*)())
 *fill*         0x00000000000034a4        0xc 
 .text._Z11ADD_ZenModeP10MethodInfo
                0x00000000000034b0       0x80 CMakeFiles/bdspexefs.dir/src/patches/ability_handlers.cpp.obj
                0x00000000000034b0                ADD_ZenMode(MethodInfo*)
 .text._Z16ADD_StanceChangeP10MethodInfo
                0x0000000000003530       0x68 CMakeFiles/bdspexefs.dir/src/patches/ability_handlers.cpp.obj
                0x0000000000003530                ADD_StanceChange(MethodInfo*)
 *fill*         0x0000000000003598        0x8 
 .text._Z15ADD_ShieldsDownP10MethodInfo
                0x00000000000035a0       0xe0 CMakeFiles/bdspexefs.dir/src/patches/ability_handlers.cpp.obj
                0x00000000000035a0                ADD_ShieldsDown(MethodInfo*)
 .text._Z13ADD_SchoolingP10MethodInfo
                0x0000000000003680       0x84 CMakeFiles/bdspexefs.dir/src/patches/ability_handlers.cpp.obj
                0x0000000000003680                ADD_Schooling(MethodInfo*)
 *fill*         0x0000000000003704        0xc 
 .text._Z12ADD_DisguiseP10MethodInfo
                0x0000000000003710       0x84 CMakeFiles/bdspexefs.dir/src/patches/ability_handlers.cpp.obj
                0x0000000000003710                ADD_Disguise(MethodInfo*)
 *fill*         0x0000000000003794        0xc 
 .text._Z14ADD_BattleBondP10MethodInfo
                0x00000000000037a0       0xa8 CMakeFiles/bdspexefs.dir/src/patches/ability_handlers.cpp.obj
                0x00000000000037a0                ADD_BattleBond(MethodInfo*)
 *fill*         0x0000000000003848        0x8 
 .text._Z18ADD_PowerConstructP10MethodInfo
                0x0000000000003850       0x84 CMakeFiles/bdspexefs.dir/src/patches/ability_handlers.cpp.obj
                0x0000000000003850                ADD_PowerConstruct(MethodInfo*)
 *fill*         0x00000000000038d4        0xc 
 .text._Z15ADD_GulpMissileP10MethodInfo
                0x00000000000038e0       0x84 CMakeFiles/bdspexefs.dir/src/patches/ability_handlers.cpp.obj
                0x00000000000038e0                ADD_GulpMissile(MethodInfo*)
 *fill*         0x0000000000003964        0xc 
 .text._Z11ADD_IceFaceP10MethodInfo
                0x0000000000003970       0xc4 CMakeFiles/bdspexefs.dir/src/patches/ability_handlers.cpp.obj
                0x0000000000003970                ADD_IceFace(MethodInfo*)
 *fill*         0x0000000000003a34        0xc 
 .text._Z16ADD_HungerSwitchP10MethodInfo
                0x0000000000003a40       0x68 CMakeFiles/bdspexefs.dir/src/patches/ability_handlers.cpp.obj
                0x0000000000003a40                ADD_HungerSwitch(MethodInfo*)
 *fill*         0x0000000000003aa8        0x8 
 .text._Z13ADD_QuickDrawP10MethodInfo
                0x0000000000003ab0       0x84 CMakeFiles/bdspexefs.dir/src/patches/ability_handlers.cpp.obj
                0x0000000000003ab0                ADD_QuickDraw(MethodInfo*)
 *fill*         0x0000000000003b34        0xc 
 .text._Z19ADD_CuriousMedicineP10MethodInfo
                0x0000000000003b40       0x68 CMakeFiles/bdspexefs.dir/src/patches/ability_handlers.cpp.obj
                0x0000000000003b40                ADD_CuriousMedicine(MethodInfo*)
 *fill*         0x0000000000003ba8        0x8 
 .text._Z14ADD_TransistorP10MethodInfo
                0x0000000000003bb0       0x68 CMakeFiles/bdspexefs.dir/src/patches/ability_handlers.cpp.obj
                0x0000000000003bb0                ADD_Transistor(MethodInfo*)
 *fill*         0x0000000000003c18        0x8 
 .text._Z14ADD_DragonsMawP10MethodInfo
                0x0000000000003c20       0x68 CMakeFiles/bdspexefs.dir/src/patches/ability_handlers.cpp.obj
                0x0000000000003c20                ADD_DragonsMaw(MethodInfo*)
 *fill*         0x0000000000003c88        0x8 
 .text._Z17ADD_ChillingNeighP10MethodInfo
                0x0000000000003c90       0x68 CMakeFiles/bdspexefs.dir/src/patches/ability_handlers.cpp.obj
                0x0000000000003c90                ADD_ChillingNeigh(MethodInfo*)
 *fill*         0x0000000000003cf8        0x8 
 .text._Z13ADD_GrimNeighP10MethodInfo
                0x0000000000003d00       0x68 CMakeFiles/bdspexefs.dir/src/patches/ability_handlers.cpp.obj
                0x0000000000003d00                ADD_GrimNeigh(MethodInfo*)
 *fill*         0x0000000000003d68        0x8 
 .text._Z10ADD_AsOne0P10MethodInfo
                0x0000000000003d70       0xa8 CMakeFiles/bdspexefs.dir/src/patches/ability_handlers.cpp.obj
                0x0000000000003d70                ADD_AsOne0(MethodInfo*)
 *fill*         0x0000000000003e18        0x8 
 .text._Z10ADD_AsOne1P10MethodInfo
                0x0000000000003e20       0xa8 CMakeFiles/bdspexefs.dir/src/patches/ability_handlers.cpp.obj
                0x0000000000003e20                ADD_AsOne1(MethodInfo*)
 *fill*         0x0000000000003ec8        0x8 
 .text._Z23SetAbilityFunctionTablePN6System5ArrayIN3Dpr6Battle5Logic7Handler29Tokusei_GET_FUNC_TABLE_ELEM_oEEEPjiPFvvE
                0x0000000000003ed0       0x8c CMakeFiles/bdspexefs.dir/src/patches/ability_handlers.cpp.obj
                0x0000000000003ed0                SetAbilityFunctionTable(System::Array<Dpr::Battle::Logic::Handler::Tokusei_GET_FUNC_TABLE_ELEM_o>*, unsigned int*, int, void (*)())
 *fill*         0x0000000000003f5c        0x4 
 .text._Z24Tokusei_system_array_newPvj
                0x0000000000003f60      0x1dc CMakeFiles/bdspexefs.dir/src/patches/ability_handlers.cpp.obj
                0x0000000000003f60                Tokusei_system_array_new(void*, unsigned int)
 *fill*         0x000000000000413c        0x4 
 .text._ZN10PlayerWork17get_defaultPokeNoEP10MethodInfo
                0x0000000000004140       0x18 CMakeFiles/bdspexefs.dir/src/patches/alt_starter.cpp.obj
                0x0000000000004140                PlayerWork::get_defaultPokeNo(MethodInfo*)
 *fill*         0x0000000000004158        0x8 
 .text._Z28PlayerWork_get_defaultPokeNoP10MethodInfo
                0x0000000000004160        0x4 CMakeFiles/bdspexefs.dir/src/patches/alt_starter.cpp.obj
                0x0000000000004160                PlayerWork_get_defaultPokeNo(MethodInfo*)
 *fill*         0x0000000000004164        0xc 
 .text._Z13string_formatIJiEENSt7__cxx1112basic_stringIcSt11char_traitsIcESaIcEEERKS5_DpT_
                0x0000000000004170       0xdc CMakeFiles/bdspexefs.dir/src/patches/alt_starter.cpp.obj
                0x0000000000004170                std::__cxx11::basic_string<char, std::char_traits<char>, std::allocator<char> > string_format<int>(std::__cxx11::basic_string<char, std::char_traits<char>, std::allocator<char> > const&, int)
 *fill*         0x000000000000424c        0x4 
 .text._ZN10PlayerWork15get_rivalPokeNoEP10MethodInfo
                0x0000000000004250      0x128 CMakeFiles/bdspexefs.dir/src/patches/alt_starter.cpp.obj
                0x0000000000004250                PlayerWork::get_rivalPokeNo(MethodInfo*)
 *fill*         0x0000000000004378        0x8 
 .text._Z26PlayerWork_get_rivalPokeNoP10MethodInfo
                0x0000000000004380        0x4 CMakeFiles/bdspexefs.dir/src/patches/alt_starter.cpp.obj
                0x0000000000004380                PlayerWork_get_rivalPokeNo(MethodInfo*)
 *fill*         0x0000000000004384        0xc 
 .text._ZN10PlayerWork17get_supportPokeNoEP10MethodInfo
                0x0000000000004390      0x128 CMakeFiles/bdspexefs.dir/src/patches/alt_starter.cpp.obj
                0x0000000000004390                PlayerWork::get_supportPokeNo(MethodInfo*)
 *fill*         0x00000000000044b8        0x8 
 .text._Z28PlayerWork_get_supportPokeNoP10MethodInfo
                0x00000000000044c0        0x4 CMakeFiles/bdspexefs.dir/src/patches/alt_starter.cpp.obj
                0x00000000000044c0                PlayerWork_get_supportPokeNo(MethodInfo*)
 *fill*         0x00000000000044c4        0xc 
 .text._ZN10PlayerWork17get_rivalPokeTypeEP10MethodInfo
                0x00000000000044d0      0x124 CMakeFiles/bdspexefs.dir/src/patches/alt_starter.cpp.obj
                0x00000000000044d0                PlayerWork::get_rivalPokeType(MethodInfo*)
 *fill*         0x00000000000045f4        0xc 
 .text._Z28PlayerWork_get_rivalPokeTypeP10MethodInfo
                0x0000000000004600        0x4 CMakeFiles/bdspexefs.dir/src/patches/alt_starter.cpp.obj
                0x0000000000004600                PlayerWork_get_rivalPokeType(MethodInfo*)
 *fill*         0x0000000000004604        0xc 
 .text._Z14toNarrowStringPtm
                0x0000000000004610       0x48 CMakeFiles/bdspexefs.dir/src/patches/asset_assistant.cpp.obj
                0x0000000000004610                toNarrowString(unsigned short*, unsigned long)
 *fill*         0x0000000000004658        0x8 
 .text._Z14toNarrowStringPN6System6StringE
                0x0000000000004660        0xc CMakeFiles/bdspexefs.dir/src/patches/asset_assistant.cpp.obj
                0x0000000000004660                toNarrowString(System::String*)
 *fill*         0x000000000000466c        0x4 
 .text._Z7GetDataPN6System6StringE
                0x0000000000004670        0x8 CMakeFiles/bdspexefs.dir/src/patches/asset_assistant.cpp.obj
                0x0000000000004670                GetData(System::String*)
 *fill*         0x0000000000004678        0x8 
 .text._Z42Lumi_AssetManager_AppendAssetBundleRequestPN6System6StringEbPN10SmartPoint14AssetAssistant22RequestEventCallback_oEPNS_5ArrayIS0_EEP10MethodInfo
                0x0000000000004680      0x138 CMakeFiles/bdspexefs.dir/src/patches/asset_assistant.cpp.obj
                0x0000000000004680                Lumi_AssetManager_AppendAssetBundleRequest(System::String*, bool, SmartPoint::AssetAssistant::RequestEventCallback_o*, System::Array<System::String>*, MethodInfo*)
 *fill*         0x00000000000047b8        0x8 
 .text._Z49Lumi_AssetRequestOperation_get_assetBundleRequestPN10SmartPoint14AssetAssistant23AssetRequestOperation_oEP10MethodInfo
                0x00000000000047c0      0x1f8 CMakeFiles/bdspexefs.dir/src/patches/asset_assistant.cpp.obj
                0x00000000000047c0                Lumi_AssetRequestOperation_get_assetBundleRequest(SmartPoint::AssetAssistant::AssetRequestOperation_o*, MethodInfo*)
 *fill*         0x00000000000049b8        0x8 
 .text._Z13string_formatIJEENSt7__cxx1112basic_stringIcSt11char_traitsIcESaIcEEERKS5_DpT_
                0x00000000000049c0       0xd0 CMakeFiles/bdspexefs.dir/src/patches/asset_log.cpp.obj
                0x00000000000049c0                std::__cxx11::basic_string<char, std::char_traits<char>, std::allocator<char> > string_format<>(std::__cxx11::basic_string<char, std::char_traits<char>, std::allocator<char> > const&)
 .text._Z15AssetLogEnqueuePN6System11Collections7Generic14Queue_String_oEPNS_6StringEP10MethodInfo
                0x0000000000004a90       0xd8 CMakeFiles/bdspexefs.dir/src/patches/asset_log.cpp.obj
                0x0000000000004a90                AssetLogEnqueue(System::Collections::Generic::Queue_String_o*, System::String*, MethodInfo*)
 *fill*         0x0000000000004b68        0x8 
 .text._Z15BadgeWork_IsGetiP10MethodInfo
                0x0000000000004b70       0x38 CMakeFiles/bdspexefs.dir/src/patches/badge_check.cpp.obj
                0x0000000000004b70                BadgeWork_IsGet(int, MethodInfo*)
 *fill*         0x0000000000004ba8        0x8 
 .text._Z65Dpr_Battle_Logic_Section_WazaExec_CheckFail_1st_checkSabotageTypeP49Dpr_Battle_Logic_Section_WazaExec_CheckFail_1st_oPN3Dpr6Battle5Logic15BTL_POKEPARAM_oEP10MethodInfo
                0x0000000000004bb0        0x8 CMakeFiles/bdspexefs.dir/src/patches/badge_check.cpp.obj
                0x0000000000004bb0                Dpr_Battle_Logic_Section_WazaExec_CheckFail_1st_checkSabotageType(Dpr_Battle_Logic_Section_WazaExec_CheckFail_1st_o*, Dpr::Battle::Logic::BTL_POKEPARAM_o*, MethodInfo*)
 *fill*         0x0000000000004bb8        0x8 
 .text._Z21GetMaxFollowPokeLevelP29Dpr_Battle_Logic_MainModule_oP10MethodInfo
                0x0000000000004bc0        0x8 CMakeFiles/bdspexefs.dir/src/patches/badge_check.cpp.obj
                0x0000000000004bc0                GetMaxFollowPokeLevel(Dpr_Battle_Logic_MainModule_o*, MethodInfo*)
 *fill*         0x0000000000004bc8        0x8 
 .text._Z14socket_log_fmtIJPcEEvRKNSt7__cxx1112basic_stringIcSt11char_traitsIcESaIcEEEDpT_
                0x0000000000004bd0      0x10c CMakeFiles/bdspexefs.dir/src/patches/debug_log.cpp.obj
                0x0000000000004bd0                void socket_log_fmt<char*>(std::__cxx11::basic_string<char, std::char_traits<char>, std::allocator<char> > const&, char*)
 *fill*         0x0000000000004cdc        0x4 
 .text._Z8DebugLogP12Il2CppObjectP10MethodInfo
                0x0000000000004ce0      0x104 CMakeFiles/bdspexefs.dir/src/patches/debug_log.cpp.obj
                0x0000000000004ce0                DebugLog(Il2CppObject*, MethodInfo*)
 *fill*         0x0000000000004de4        0xc 
 .text._Z15DebugLogWarningP12Il2CppObjectP10MethodInfo
                0x0000000000004df0      0x10c CMakeFiles/bdspexefs.dir/src/patches/debug_log.cpp.obj
                0x0000000000004df0                DebugLogWarning(Il2CppObject*, MethodInfo*)
 *fill*         0x0000000000004efc        0x4 
 .text._Z13DebugLogErrorP12Il2CppObjectP10MethodInfo
                0x0000000000004f00      0x10c CMakeFiles/bdspexefs.dir/src/patches/debug_log.cpp.obj
                0x0000000000004f00                DebugLogError(Il2CppObject*, MethodInfo*)
 *fill*         0x000000000000500c        0x4 
 .text._Z11DebugLogCtxP12Il2CppObjectPvP10MethodInfo
                0x0000000000005010      0x104 CMakeFiles/bdspexefs.dir/src/patches/debug_log.cpp.obj
                0x0000000000005010                DebugLogCtx(Il2CppObject*, void*, MethodInfo*)
 *fill*         0x0000000000005114        0xc 
 .text._Z18DebugLogWarningCtxP12Il2CppObjectPvP10MethodInfo
                0x0000000000005120      0x10c CMakeFiles/bdspexefs.dir/src/patches/debug_log.cpp.obj
                0x0000000000005120                DebugLogWarningCtx(Il2CppObject*, void*, MethodInfo*)
 *fill*         0x000000000000522c        0x4 
 .text._Z16DebugLogErrorCtxP12Il2CppObjectPvP10MethodInfo
                0x0000000000005230      0x10c CMakeFiles/bdspexefs.dir/src/patches/debug_log.cpp.obj
                0x0000000000005230                DebugLogErrorCtx(Il2CppObject*, void*, MethodInfo*)
 *fill*         0x000000000000533c        0x4 
 .text._Z17DebugLogExceptionP18System_Exception_oP10MethodInfo
                0x0000000000005340       0x74 CMakeFiles/bdspexefs.dir/src/patches/debug_log.cpp.obj
                0x0000000000005340                DebugLogException(System_Exception_o*, MethodInfo*)
 *fill*         0x00000000000053b4        0xc 
 .text._Z20DebugLogExceptionCtxP18System_Exception_oPvP10MethodInfo
                0x00000000000053c0       0x74 CMakeFiles/bdspexefs.dir/src/patches/debug_log.cpp.obj
                0x00000000000053c0                DebugLogExceptionCtx(System_Exception_o*, void*, MethodInfo*)
 *fill*         0x0000000000005434        0xc 
 .text._Z14GetZukanStatusPN6DPData12ZUKAN_WORK_oEj
                0x0000000000005440       0xa4 CMakeFiles/bdspexefs.dir/src/patches/drnd.cpp.obj
                0x0000000000005440                GetZukanStatus(DPData::ZUKAN_WORK_o*, unsigned int)
 *fill*         0x00000000000054e4        0xc 
 .text._Z14SetZukanStatusPN6DPData12ZUKAN_WORK_oEji
                0x00000000000054f0       0xc8 CMakeFiles/bdspexefs.dir/src/patches/drnd.cpp.obj
                0x00000000000054f0                SetZukanStatus(DPData::ZUKAN_WORK_o*, unsigned int, int)
 *fill*         0x00000000000055b8        0x8 
 .text._Z12GetZukanFlagPN6System5ArrayIbEEj
                0x00000000000055c0       0xa0 CMakeFiles/bdspexefs.dir/src/patches/drnd.cpp.obj
                0x00000000000055c0                GetZukanFlag(System::Array<bool>*, unsigned int)
 .text._Z12SetZukanFlagPN6System5ArrayIbEEjb
                0x0000000000005660       0xc4 CMakeFiles/bdspexefs.dir/src/patches/drnd.cpp.obj
                0x0000000000005660                SetZukanFlag(System::Array<bool>*, unsigned int, bool)
 *fill*         0x0000000000005724        0xc 
 .text._Z16ZukanWork_IsGet1jP10MethodInfo
                0x0000000000005730       0x4c CMakeFiles/bdspexefs.dir/src/patches/drnd.cpp.obj
                0x0000000000005730                ZukanWork_IsGet1(unsigned int, MethodInfo*)
 *fill*         0x000000000000577c        0x4 
 .text._Z16ZukanWork_IsGet2jhibP10MethodInfo
                0x0000000000005780       0xa4 CMakeFiles/bdspexefs.dir/src/patches/drnd.cpp.obj
                0x0000000000005780                ZukanWork_IsGet2(unsigned int, unsigned char, int, bool, MethodInfo*)
 *fill*         0x0000000000005824        0xc 
 .text._Z19ZukanWork_GetStatusjP10MethodInfo
                0x0000000000005830       0x44 CMakeFiles/bdspexefs.dir/src/patches/drnd.cpp.obj
                0x0000000000005830                ZukanWork_GetStatus(unsigned int, MethodInfo*)
 *fill*         0x0000000000005874        0xc 
 .text._Z15ZukanWork_IsSeejP10MethodInfo
                0x0000000000005880       0x4c CMakeFiles/bdspexefs.dir/src/patches/drnd.cpp.obj
                0x0000000000005880                ZukanWork_IsSee(unsigned int, MethodInfo*)
 *fill*         0x00000000000058cc        0x4 
 .text._Z17ZukanWork_IsUwasajP10MethodInfo
                0x00000000000058d0       0x4c CMakeFiles/bdspexefs.dir/src/patches/drnd.cpp.obj
                0x00000000000058d0                ZukanWork_IsUwasa(unsigned int, MethodInfo*)
 *fill*         0x000000000000591c        0x4 
 .text._Z17ZukanWork_SetPokejihibP10MethodInfo
                0x0000000000005920       0xf8 CMakeFiles/bdspexefs.dir/src/patches/drnd.cpp.obj
                0x0000000000005920                ZukanWork_SetPoke(unsigned int, int, unsigned char, int, bool, MethodInfo*)
 *fill*         0x0000000000005a18        0x8 
 .text._Z18ZukanWork_SeeCountbP10MethodInfo
                0x0000000000005a20       0xb0 CMakeFiles/bdspexefs.dir/src/patches/drnd.cpp.obj
                0x0000000000005a20                ZukanWork_SeeCount(bool, MethodInfo*)
 .text._Z23ZukanWork_SeeSinouCountbP10MethodInfo
                0x0000000000005ad0       0xe4 CMakeFiles/bdspexefs.dir/src/patches/drnd.cpp.obj
                0x0000000000005ad0                ZukanWork_SeeSinouCount(bool, MethodInfo*)
 *fill*         0x0000000000005bb4        0xc 
 .text._Z18ZukanWork_GetCountbP10MethodInfo
                0x0000000000005bc0       0xb0 CMakeFiles/bdspexefs.dir/src/patches/drnd.cpp.obj
                0x0000000000005bc0                ZukanWork_GetCount(bool, MethodInfo*)
 .text._Z23ZukanWork_GetSinouCountbP10MethodInfo
                0x0000000000005c70       0xe4 CMakeFiles/bdspexefs.dir/src/patches/drnd.cpp.obj
                0x0000000000005c70                ZukanWork_GetSinouCount(bool, MethodInfo*)
 *fill*         0x0000000000005d54        0xc 
 .text._Z21DescText_SetupMessageP15Dpr_UI_UIText_oPN6System6StringEiPN3Dpr2UI11ZukanInfo_oE
                0x0000000000005d60       0x38 CMakeFiles/bdspexefs.dir/src/patches/drnd.cpp.obj
                0x0000000000005d60                DescText_SetupMessage(Dpr_UI_UIText_o*, System::String*, int, Dpr::UI::ZukanInfo_o*)
 *fill*         0x0000000000005d98        0x8 
 .text._Z33getFormChangeOnSelectedMethodInfov
                0x0000000000005da0       0x3c CMakeFiles/bdspexefs.dir/src/patches/dualslot_incense.cpp.obj
                0x0000000000005da0                getFormChangeOnSelectedMethodInfo()
 *fill*         0x0000000000005ddc        0x4 
 .text._Z25PlayerWork_set_DoubleSlotPN6System5ArrayI8MonsLv_oEE
                0x0000000000005de0       0xf4 CMakeFiles/bdspexefs.dir/src/patches/dualslot_incense.cpp.obj